Component: ARM Compiler 5.05 update 1 (build 106) Tool: armlink [4d0efa]

==============================================================================

Section Cross References

    startup_stm32f407xx.o(STACK) refers (Special) to heapauxi.o(.text) for __use_two_region_memory
    startup_stm32f407xx.o(HEAP) refers (Special) to heapauxi.o(.text) for __use_two_region_memory
    startup_stm32f407xx.o(RESET) refers (Special) to heapauxi.o(.text) for __use_two_region_memory
    startup_stm32f407xx.o(RESET) refers to startup_stm32f407xx.o(STACK) for __initial_sp
    startup_stm32f407xx.o(RESET) refers to startup_stm32f407xx.o(.text) for Reset_Handler
    startup_stm32f407xx.o(RESET) refers to stm32f4xx_it.o(i.NMI_Handler) for NMI_Handler
    startup_stm32f407xx.o(RESET) refers to stm32f4xx_it.o(i.HardFault_Handler) for HardFault_Handler
    startup_stm32f407xx.o(RESET) refers to stm32f4xx_it.o(i.MemManage_Handler) for MemManage_Handler
    startup_stm32f407xx.o(RESET) refers to stm32f4xx_it.o(i.BusFault_Handler) for BusFault_Handler
    startup_stm32f407xx.o(RESET) refers to stm32f4xx_it.o(i.UsageFault_Handler) for UsageFault_Handler
    startup_stm32f407xx.o(RESET) refers to port.o(.emb_text) for SVC_Handler
    startup_stm32f407xx.o(RESET) refers to stm32f4xx_it.o(i.DebugMon_Handler) for DebugMon_Handler
    startup_stm32f407xx.o(RESET) refers to delay.o(i.SysTick_Handler) for SysTick_Handler
    startup_stm32f407xx.o(RESET) refers to usart.o(i.USART1_IRQHandler) for USART1_IRQHandler
    startup_stm32f407xx.o(RESET) refers to btim.o(i.TIM6_DAC_IRQHandler) for TIM6_DAC_IRQHandler
    startup_stm32f407xx.o(.text) refers (Special) to heapauxi.o(.text) for __use_two_region_memory
    startup_stm32f407xx.o(.text) refers to system_stm32f4xx.o(i.SystemInit) for SystemInit
    startup_stm32f407xx.o(.text) refers to __main.o(!!!main) for __main
    startup_stm32f407xx.o(.text) refers to startup_stm32f407xx.o(HEAP) for Heap_Mem
    startup_stm32f407xx.o(.text) refers to startup_stm32f407xx.o(STACK) for Stack_Mem
    main.o(i.main) refers to stm32f4xx_hal.o(i.HAL_Init) for HAL_Init
    main.o(i.main) refers to sys.o(i.sys_stm32_clock_init) for sys_stm32_clock_init
    main.o(i.main) refers to delay.o(i.delay_init) for delay_init
    main.o(i.main) refers to usart.o(i.usart_init) for usart_init
    main.o(i.main) refers to led.o(i.led_init) for led_init
    main.o(i.main) refers to lcd.o(i.lcd_init) for lcd_init
    main.o(i.main) refers to key.o(i.key_init) for key_init
    main.o(i.main) refers to sram.o(i.sram_init) for sram_init
    main.o(i.main) refers to malloc.o(i.my_mem_init) for my_mem_init
    main.o(i.main) refers to lcd.o(i.lcd_show_string) for lcd_show_string
    main.o(i.main) refers to freertos_demo.o(i.freertos_demo) for freertos_demo
    main.o(.data) refers to main.o(.conststring) for .conststring
    system_stm32f4xx.o(i.SystemCoreClockUpdate) refers to system_stm32f4xx.o(.data) for SystemCoreClock
    system_stm32f4xx.o(i.SystemCoreClockUpdate) refers to system_stm32f4xx.o(.constdata) for AHBPrescTable
    freertos_demo.o(i.freertos_demo) refers to lcd.o(i.lcd_show_string) for lcd_show_string
    freertos_demo.o(i.freertos_demo) refers to tasks.o(i.xTaskCreate) for xTaskCreate
    freertos_demo.o(i.freertos_demo) refers to tasks.o(i.vTaskStartScheduler) for vTaskStartScheduler
    freertos_demo.o(i.freertos_demo) refers to freertos_demo.o(.data) for StartTask_Handler
    freertos_demo.o(i.freertos_demo) refers to freertos_demo.o(i.start_task) for start_task
    freertos_demo.o(i.start_task) refers to port.o(i.vPortEnterCritical) for vPortEnterCritical
    freertos_demo.o(i.start_task) refers to tasks.o(i.xTaskCreate) for xTaskCreate
    freertos_demo.o(i.start_task) refers to tasks.o(i.vTaskDelete) for vTaskDelete
    freertos_demo.o(i.start_task) refers to port.o(i.vPortExitCritical) for vPortExitCritical
    freertos_demo.o(i.start_task) refers to freertos_demo.o(.data) for Task1Task_Handler
    freertos_demo.o(i.start_task) refers to freertos_demo.o(i.task1) for task1
    freertos_demo.o(i.task1) refers to _printf_percent.o(.ARM.Collect$$_printf_percent$$00000000) for _printf_percent
    freertos_demo.o(i.task1) refers to _printf_p.o(.ARM.Collect$$_printf_percent$$00000002) for _printf_p
    freertos_demo.o(i.task1) refers to _printf_hex_ptr.o(.text) for _printf_longlong_hex
    freertos_demo.o(i.task1) refers to key.o(i.key_scan) for key_scan
    freertos_demo.o(i.task1) refers to heap_4.o(i.pvPortMalloc) for pvPortMalloc
    freertos_demo.o(i.task1) refers to noretval__2sprintf.o(.text) for __2sprintf
    freertos_demo.o(i.task1) refers to lcd.o(i.lcd_show_string) for lcd_show_string
    freertos_demo.o(i.task1) refers to heap_4.o(i.vPortFree) for vPortFree
    freertos_demo.o(i.task1) refers to lcd.o(i.lcd_show_xnum) for lcd_show_xnum
    freertos_demo.o(i.task1) refers to heap_4.o(i.xPortGetFreeHeapSize) for xPortGetFreeHeapSize
[...]
    i.prvProcessReceivedCommands             0x08005f94   Section        0  timers.o(i.prvProcessReceivedCommands)
    prvProcessReceivedCommands               0x08005f95   Thumb Code   306  timers.o(i.prvProcessReceivedCommands)
    i.prvProcessTimerOrBlockTask             0x08006100   Section        0  timers.o(i.prvProcessTimerOrBlockTask)
    prvProcessTimerOrBlockTask               0x08006101   Thumb Code   102  timers.o(i.prvProcessTimerOrBlockTask)
    i.prvReloadTimer                         0x08006174   Section        0  timers.o(i.prvReloadTimer)
    prvReloadTimer                           0x08006175   Thumb Code    40  timers.o(i.prvReloadTimer)
    i.prvResetNextTaskUnblockTime            0x0800619c   Section        0  tasks.o(i.prvResetNextTaskUnblockTime)
    prvResetNextTaskUnblockTime              0x0800619d   Thumb Code    40  tasks.o(i.prvResetNextTaskUnblockTime)
    i.prvSampleTimeNow                       0x080061cc   Section        0  timers.o(i.prvSampleTimeNow)
    prvSampleTimeNow                         0x080061cd   Thumb Code    40  timers.o(i.prvSampleTimeNow)
    i.prvSwitchTimerLists                    0x080061f8   Section        0  timers.o(i.prvSwitchTimerLists)
    prvSwitchTimerLists                      0x080061f9   Thumb Code    58  timers.o(i.prvSwitchTimerLists)
    i.prvTaskExitError                       0x0800623c   Section        0  port.o(i.prvTaskExitError)
    prvTaskExitError                         0x0800623d   Thumb Code    48  port.o(i.prvTaskExitError)
    i.prvTimerTask                           0x080062bc   Section        0  timers.o(i.prvTimerTask)
    prvTimerTask                             0x080062bd   Thumb Code    26  timers.o(i.prvTimerTask)
    i.prvUnlockQueue                         0x080062d6   Section        0  queue.o(i.prvUnlockQueue)
    prvUnlockQueue                           0x080062d7   Thumb Code   144  queue.o(i.prvUnlockQueue)
    i.pvPortMalloc                           0x08006368   Section        0  heap_4.o(i.pvPortMalloc)
    i.pxPortInitialiseStack                  0x080064fc   Section        0  port.o(i.pxPortInitialiseStack)
    i.sram_init                              0x08006528   Section        0  sram.o(i.sram_init)
    i.start_task                             0x08006718   Section        0  freertos_demo.o(i.start_task)
    i.sys_stm32_clock_init                   0x08006758   Section        0  sys.o(i.sys_stm32_clock_init)
    i.task1                                  0x08006834   Section        0  freertos_demo.o(i.task1)
    i.usart_init                             0x080068d0   Section        0  usart.o(i.usart_init)
    i.uxListRemove                           0x08006908   Section        0  list.o(i.uxListRemove)
    i.vListInitialise                        0x08006930   Section        0  list.o(i.vListInitialise)
    i.vListInitialiseItem                    0x0800694a   Section        0  list.o(i.vListInitialiseItem)
    i.vListInsert                            0x08006950   Section        0  list.o(i.vListInsert)
    i.vListInsertEnd                         0x08006984   Section        0  list.o(i.vListInsertEnd)
    i.vPortEnterCritical                     0x0800699c   Section        0  port.o(i.vPortEnterCritical)
    i.vPortExitCritical                      0x08006a34   Section        0  port.o(i.vPortExitCritical)
    i.vPortFree                              0x08006ab4   Section        0  heap_4.o(i.vPortFree)
    i.vPortSetupTimerInterrupt               0x08006b8c   Section        0  port.o(i.vPortSetupTimerInterrupt)
    i.vQueueAddToRegistry                    0x08006bb4   Section        0  queue.o(i.vQueueAddToRegistry)
    i.vQueueWaitForMessageRestricted         0x08006c40   Section        0  queue.o(i.vQueueWaitForMessageRestricted)
    i.vTaskDelay                             0x08006c8c   Section        0  tasks.o(i.vTaskDelay)
    i.vTaskDelete                            0x08006d10   Section        0  tasks.o(i.vTaskDelete)
    i.vTaskInternalSetTimeOutState           0x08006e34   Section        0  tasks.o(i.vTaskInternalSetTimeOutState)
    i.vTaskMissedYield                       0x08006e4c   Section        0  tasks.o(i.vTaskMissedYield)
    i.vTaskPlaceOnEventList                  0x08006e58   Section        0  tasks.o(i.vTaskPlaceOnEventList)
    i.vTaskPlaceOnEventListRestricted        0x08006ebc   Section        0  tasks.o(i.vTaskPlaceOnEventListRestricted)
    i.vTaskStartScheduler                    0x08006f48   Section        0  tasks.o(i.vTaskStartScheduler)
    i.vTaskSuspendAll                        0x0800700c   Section        0  tasks.o(i.vTaskSuspendAll)
    i.vTaskSwitchContext                     0x0800701c   Section        0  tasks.o(i.vTaskSwitchContext)
    i.xPortGetFreeHeapSize                   0x080070d4   Section        0  heap_4.o(i.xPortGetFreeHeapSize)
    i.xPortStartScheduler                    0x080070e0   Section        0  port.o(i.xPortStartScheduler)
    i.xPortSysTickHandler                    0x0800728c   Section        0  port.o(i.xPortSysTickHandler)
    i.xQueueGenericCreate                    0x080072c0   Section        0  queue.o(i.xQueueGenericCreate)
    i.xQueueGenericReset                     0x08007350   Section        0  queue.o(i.xQueueGenericReset)
    i.xQueueReceive                          0x0800744c   Section        0  queue.o(i.xQueueReceive)
    i.xTaskCheckForTimeOut                   0x080075cc   Section        0  tasks.o(i.xTaskCheckForTimeOut)
    i.xTaskCreate                            0x08007698   Section        0  tasks.o(i.xTaskCreate)
    i.xTaskGetSchedulerState                 0x080076f8   Section        0  tasks.o(i.xTaskGetSchedulerState)
    i.xTaskGetTickCount                      0x08007718   Section        0  tasks.o(i.xTaskGetTickCount)
    i.xTaskIncrementTick                     0x08007724   Section        0  tasks.o(i.xTaskIncrementTick)
    i.xTaskPriorityDisinherit                0x0800790c   Section        0  tasks.o(i.xTaskPriorityDisinherit)
    i.xTaskRemoveFromEventList               0x08007a1c   Section        0  tasks.o(i.xTaskRemoveFromEventList)
    i.xTaskResumeAll                         0x08007b68   Section        0  tasks.o(i.xTaskResumeAll)
    i.xTimerCreateTimerTask                  0x08007d08   Section        0  timers.o(i.xTimerCreateTimerTask)
    x$fpl$dfixu                              0x08007d88   Section       90  dfixu.o(x$fpl$dfixu)
    $v0                                      0x08007d88   Number         0  dfixu.o(x$fpl$dfixu)
    x$fpl$dfltu                              0x08007de2   Section       38  dflt_clz.o(x$fpl$dfltu)
    $v0                                      0x08007de2   Number         0  dflt_clz.o(x$fpl$dfltu)
    x$fpl$dmul                               0x08007e08   Section      340  dmul.o(x$fpl$dmul)
    $v0                                      0x08007e08   Number         0  dmul.o(x$fpl$dmul)
    x$fpl$dnaninf                            0x08007f5c   Section      156  dnaninf.o(x$fpl$dnaninf)
    $v0                                      0x08007f5c   Number         0  dnaninf.o(x$fpl$dnaninf)
    x$fpl$dretinf                            0x08007ff8   Section       12  dretinf.o(x$fpl$dretinf)
    $v0                                      0x08007ff8   Number         0  dretinf.o(x$fpl$dretinf)
    x$fpl$fpinit                             0x08008004   Section       10  fpinit.o(x$fpl$fpinit)
    $v0                                      0x08008004   Number         0  fpinit.o(x$fpl$fpinit)
    .constdata                               0x0800800e   Section       24  system_stm32f4xx.o(.constdata)
    x$fpl$usenofp                            0x0800800e   Section        0  usenofp.o(x$fpl$usenofp)
    .constdata                               0x08008026   Section    12160  lcd.o(.constdata)
    .constdata                               0x0800afa8   Section       36  malloc.o(.constdata)
    .constdata                               0x0800afcc   Section       40  _printf_hex_ptr.o(.constdata)
    uc_hextab                                0x0800afcc   Data          20  _printf_hex_ptr.o(.constdata)
    lc_hextab                                0x0800afe0   Data          20  _printf_hex_ptr.o(.constdata)
    .ARM.__AT_0x10000000                     0x10000000   Section    61440  malloc.o(.ARM.__AT_0x10000000)
    mem2base                                 0x10000000   Data       61440  malloc.o(.ARM.__AT_0x10000000)
    .ARM.__AT_0x1000F000                     0x1000f000   Section     3840  malloc.o(.ARM.__AT_0x1000F000)
    mem2mapbase                              0x1000f000   Data        3840  malloc.o(.ARM.__AT_0x1000F000)
    .data                                    0x20000000   Section        4  system_stm32f4xx.o(.data)
    .data                                    0x20000004   Section        8  freertos_demo.o(.data)
    .data                                    0x2000000c   Section        4  delay.o(.data)
    g_fac_us                                 0x2000000c   Data           4  delay.o(.data)
    .data                                    0x20000010   Section        7  usart.o(.data)
    .data                                    0x20000018   Section        9  stm32f4xx_hal.o(.data)
    .data                                    0x20000024   Section        8  lcd.o(.data)
    .data                                    0x2000002c   Section        1  key.o(.data)
    key_up                                   0x2000002c   Data           1  key.o(.data)
    .data                                    0x20000030   Section       36  malloc.o(.data)
    .data                                    0x20000054   Section       64  tasks.o(.data)
    pxDelayedTaskList                        0x20000058   Data           4  tasks.o(.data)
    pxOverflowDelayedTaskList                0x2000005c   Data           4  tasks.o(.data)
    uxDeletedTasksWaitingCleanUp             0x20000060   Data           4  tasks.o(.data)
    uxCurrentNumberOfTasks                   0x20000064   Data           4  tasks.o(.data)
    xTickCount                               0x20000068   Data           4  tasks.o(.data)
    uxTopReadyPriority                       0x2000006c   Data           4  tasks.o(.data)
    xSchedulerRunning                        0x20000070   Data           4  tasks.o(.data)
    xPendedTicks                             0x20000074   Data           4  tasks.o(.data)
    xYieldPending                            0x20000078   Data           4  tasks.o(.data)
    xNumOfOverflows                          0x2000007c   Data           4  tasks.o(.data)
    uxTaskNumber                             0x20000080   Data           4  tasks.o(.data)
    xNextTaskUnblockTime                     0x20000084   Data           4  tasks.o(.data)
    xIdleTaskHandle                          0x20000088   Data           4  tasks.o(.data)
    uxSchedulerSuspended                     0x20000090   Data           4  tasks.o(.data)
    .data                                    0x20000094   Section       20  timers.o(.data)
    pxCurrentTimerList                       0x20000094   Data           4  timers.o(.data)
    pxOverflowTimerList                      0x20000098   Data           4  timers.o(.data)
    xTimerQueue                              0x2000009c   Data           4  timers.o(.data)
    xTimerTaskHandle                         0x200000a0   Data           4  timers.o(.data)
    xLastTime                                0x200000a4   Data           4  timers.o(.data)
    .data                                    0x200000a8   Section       32  heap_4.o(.data)
    xStart                                   0x200000a8   Data           8  heap_4.o(.data)
    pxEnd                                    0x200000b0   Data           4  heap_4.o(.data)
    xFreeBytesRemaining                      0x200000b4   Data           4  heap_4.o(.data)
    xMinimumEverFreeBytesRemaining           0x200000b8   Data           4  heap_4.o(.data)
    xNumberOfSuccessfulAllocations           0x200000bc   Data           4  heap_4.o(.data)
    xNumberOfSuccessfulFrees                 0x200000c0   Data           4  heap_4.o(.data)
    xBlockAllocatedBit                       0x200000c4   Data           4  heap_4.o(.data)
    .data                                    0x200000c8   Section       12  port.o(.data)
    uxCriticalNesting                        0x200000c8   Data           4  port.o(.data)
    ucMaxSysCallPriority                     0x200000cc   Data           1  port.o(.data)
    ulMaxPRIGROUPValue                       0x200000d0   Data           4  port.o(.data)
    .bss                                     0x200000d4   Section      268  usart.o(.bss)
    .bss                                     0x200001e0   Section       94  lcd.o(.bss)
    .bss                                     0x20000240   Section       80  sram.o(.bss)
    .bss                                     0x20000290   Section       72  btim.o(.bss)
    .bss                                     0x20000300   Section    108800  malloc.o(.bss)
    mem1base                                 0x20000300   Data       102400  malloc.o(.bss)
    mem1mapbase                              0x20019300   Data        6400  malloc.o(.bss)
    .bss                                     0x2001ac00   Section       64  queue.o(.bss)
    .bss                                     0x2001ac40   Section      740  tasks.o(.bss)
    pxReadyTasksLists                        0x2001ac40   Data         640  tasks.o(.bss)
    xDelayedTaskList1                        0x2001aec0   Data          20  tasks.o(.bss)
    xDelayedTaskList2                        0x2001aed4   Data          20  tasks.o(.bss)
    xPendingReadyList                        0x2001aee8   Data          20  tasks.o(.bss)
    xTasksWaitingTermination                 0x2001aefc   Data          20  tasks.o(.bss)
    xSuspendedTaskList                       0x2001af10   Data          20  tasks.o(.bss)
    .bss                                     0x2001af24   Section       40  timers.o(.bss)
    xActiveTimerList1                        0x2001af24   Data          20  timers.o(.bss)
    xActiveTimerList2                        0x2001af38   Data          20  timers.o(.bss)
    .bss                                     0x2001af4c   Section    10240  heap_4.o(.bss)
    ucHeap                                   0x2001af4c   Data       10240  heap_4.o(.bss)
    .bss                                     0x2001d74c   Section       96  libspace.o(.bss)
    HEAP                                     0x2001d7b0   Section        0  startup_stm32f407xx.o(HEAP)
    STACK                                    0x2001d7b0   Section     1024  startup_stm32f407xx.o(STACK)
    Heap_Mem                                 0x2001d7b0   Data           0  startup_stm32f407xx.o(HEAP)
    Stack_Mem                                0x2001d7b0   Data        1024  startup_stm32f407xx.o(STACK)
    __initial_sp                             0x2001dbb0   Data           0  startup_stm32f407xx.o(STACK)
    .ARM.__AT_0x68000000                     0x68000000   Section    986112  malloc.o(.ARM.__AT_0x68000000)
    mem3base                                 0x68000000   Data       986112  malloc.o(.ARM.__AT_0x68000000)
    .ARM.__AT_0x680F0C00                     0x680f0c00   Section    61632  malloc.o(.ARM.__AT_0x680F0C00)
    mem3mapbase                              0x680f0c00   Data       61632  malloc.o(.ARM.__AT_0x680F0C00)

    Global Symbols

    Symbol Name                              Value     Ov Type        Size  Object(Section)

    BuildAttributes$$THM_ISAv4$E$P$D$K$B$S$7EM$VFPi3$EXTD16$VFPS$VFMA$PE$A:L22UL41UL21$X:L11$S22US41US21$IEEE1$IW$USESV6$~STKCKD$USESV7$~SHL$OSPACE$ROPI$EBA8$UX$STANDARDLIB$REQ8$PRES8$EABIv2 0x00000000   Number         0  anon$$obj.o ABSOLUTE
    __ARM_use_no_argv                        0x00000000   Number         0  main.o ABSOLUTE
    __ARM_exceptions_init                     - Undefined Weak Reference
    __alloca_initialize                       - Undefined Weak Reference
    __arm_preinit_                            - Undefined Weak Reference
    __cpp_initialize__aeabi_                  - Undefined Weak Reference
    __cxa_finalize                            - Undefined Weak Reference
    __rt_locale                               - Undefined Weak Reference
    __sigvec_lookup                           - Undefined Weak Reference
    _atexit_init                              - Undefined Weak Reference
    _call_atexit_fns                          - Undefined Weak Reference
    _clock_init                               - Undefined Weak Reference
    _fp_trap_init                             - Undefined Weak Reference
    _fp_trap_shutdown                         - Undefined Weak Reference
    _get_lc_collate                           - Undefined Weak Reference
    _get_lc_ctype                             - Undefined Weak Reference
    _get_lc_monetary                          - Undefined Weak Reference
    _get_lc_numeric                           - Undefined Weak Reference
    _get_lc_time                              - Undefined Weak Reference
    _getenv_init                              - Undefined Weak Reference
    _handle_redirection                       - Undefined Weak Reference
    _init_alloc                               - Undefined Weak Reference
    _init_user_alloc                          - Undefined Weak Reference
    _initio                                   - Undefined Weak Reference
    _mutex_acquire                            - Undefined Weak Reference
    _mutex_release                            - Undefined Weak Reference
    _printf_mbtowc                            - Undefined Weak Reference
    _printf_post_padding                      - Undefined Weak Reference
    _printf_pre_padding                       - Undefined Weak Reference
    _printf_truncate_signed                   - Undefined Weak Reference
    _printf_truncate_unsigned                 - Undefined Weak Reference
    _rand_init                                - Undefined Weak Reference
    _signal_finish                            - Undefined Weak Reference
    _signal_init                              - Undefined Weak Reference
    _terminate_alloc                          - Undefined Weak Reference
    _terminate_user_alloc                     - Undefined Weak Reference
    _terminateio                              - Undefined Weak Reference
    __Vectors_Size                           0x00000188   Number         0  startup_stm32f407xx.o ABSOLUTE
    __Vectors                                0x08000000   Data           4  startup_stm32f407xx.o(RESET)
    __Vectors_End                            0x08000188   Data           0  startup_stm32f407xx.o(RESET)
    __main                                   0x08000189   Thumb Code     8  __main.o(!!!main)
    __scatterload                            0x08000191   Thumb Code     0  __scatter.o(!!!scatter)
    __scatterload_rt2                        0x08000191   Thumb Code    44  __scatter.o(!!!scatter)
    __scatterload_rt2_thumb_only             0x08000191   Thumb Code     0  __scatter.o(!!!scatter)
    __scatterload_null                       0x0800019f   Thumb Code     0  __scatter.o(!!!scatter)
    __scatterload_copy                       0x080001c5   Thumb Code    26  __scatter_copy.o(!!handler_copy)
    __scatterload_zeroinit                   0x080001e1   Thumb Code    28  __scatter_zi.o(!!handler_zi)
    _printf_p                                0x080001fd   Thumb Code     0  _printf_p.o(.ARM.Collect$$_printf_percent$$00000002)
    _printf_percent                          0x080001fd   Thumb Code     0  _printf_percent.o(.ARM.Collect$$_printf_percent$$00000000)
    _printf_d                                0x08000203   Thumb Code     0  _printf_d.o(.ARM.Collect$$_printf_percent$$00000009)
    _printf_s                                0x08000209   Thumb Code     0  _printf_s.o(.ARM.Collect$$_printf_percent$$00000014)
    _printf_percent_end                      0x0800020f   Thumb Code     0  _printf_percent_end.o(.ARM.Collect$$_printf_percent$$00000017)
    __rt_lib_init                            0x08000213   Thumb Code     0  libinit.o(.ARM.Collect$$libinit$$00000000)
    __rt_lib_init_fp_1                       0x08000215   Thumb Code     0  libinit2.o(.ARM.Collect$$libinit$$00000001)
    __rt_lib_init_alloca_1                   0x08000219   Thumb Code     0  libinit2.o(.ARM.Collect$$libinit$$0000002E)
    __rt_lib_init_argv_1                     0x08000219   Thumb Code     0  libinit2.o(.ARM.Collect$$libinit$$0000002C)
    __rt_lib_init_atexit_1                   0x08000219   Thumb Code     0  libinit2.o(.ARM.Collect$$libinit$$0000001B)
    __rt_lib_init_clock_1                    0x08000219   Thumb Code     0  libinit2.o(.ARM.Collect$$libinit$$00000021)
    __rt_lib_init_cpp_1                      0x08000219   Thumb Code     0  libinit2.o(.ARM.Collect$$libinit$$00000032)
    __rt_lib_init_exceptions_1               0x08000219   Thumb Code     0  libinit2.o(.ARM.Collect$$libinit$$00000030)
    __rt_lib_init_fp_trap_1                  0x08000219   Thumb Code     0  libinit2.o(.ARM.Collect$$libinit$$0000001F)
    __rt_lib_init_getenv_1                   0x08000219   Thumb Code     0  libinit2.o(.ARM.Collect$$libinit$$00000023)
    __rt_lib_init_heap_1                     0x08000219   Thumb Code     0  libinit2.o(.ARM.Collect$$libinit$$0000000A)
    __rt_lib_init_lc_collate_1               0x08000219   Thumb Code     0  libinit2.o(.ARM.Collect$$libinit$$00000011)
    __rt_lib_init_lc_ctype_1                 0x08000219   Thumb Code     0  libinit2.o(.ARM.Collect$$libinit$$00000013)
    __rt_lib_init_lc_monetary_1              0x08000219   Thumb Code     0  libinit2.o(.ARM.Collect$$libinit$$00000015)
    __rt_lib_init_lc_numeric_1               0x08000219   Thumb Code     0  libinit2.o(.ARM.Collect$$libinit$$00000017)
    __rt_lib_init_lc_time_1                  0x08000219   Thumb Code     0  libinit2.o(.ARM.Collect$$libinit$$00000019)
    __rt_lib_init_preinit_1                  0x08000219   Thumb Code     0  libinit2.o(.ARM.Collect$$libinit$$00000004)
    __rt_lib_init_rand_1                     0x08000219   Thumb Code     0  libinit2.o(.ARM.Collect$$libinit$$0000000E)
    __rt_lib_init_return                     0x08000219   Thumb Code     0  libinit2.o(.ARM.Collect$$libinit$$00000033)
    __rt_lib_init_signal_1                   0x08000219   Thumb Code     0  libinit2.o(.ARM.Collect$$libinit$$0000001D)
    __rt_lib_init_stdio_1                    0x08000219   Thumb Code     0  libinit2.o(.ARM.Collect$$libinit$$00000025)
    __rt_lib_init_user_alloc_1               0x08000219   Thumb Code     0  libinit2.o(.ARM.Collect$$libinit$$0000000C)
    __rt_lib_shutdown                        0x0800021b   Thumb Code     0  libshutdown.o(.ARM.Collect$$libshutdown$$00000000)
    __rt_lib_shutdown_fp_trap_1              0x0800021d   Thumb Code     0  libshutdown2.o(.ARM.Collect$$libshutdown$$00000006)
    __rt_lib_shutdown_heap_1                 0x0800021d   Thumb Code     0  libshutdown2.o(.ARM.Collect$$libshutdown$$0000000E)
    __rt_lib_shutdown_return                 0x0800021d   Thumb Code     0  libshutdown2.o(.ARM.Collect$$libshutdown$$0000000F)
    __rt_lib_shutdown_signal_1               0x0800021d   Thumb Code     0  libshutdown2.o(.ARM.Collect$$libshutdown$$00000009)
    __rt_lib_shutdown_stdio_1                0x0800021d   Thumb Code     0  libshutdown2.o(.ARM.Collect$$libshutdown$$00000003)
    __rt_lib_shutdown_user_alloc_1           0x0800021d   Thumb Code     0  libshutdown2.o(.ARM.Collect$$libshutdown$$0000000B)
    __rt_entry                               0x0800021f   Thumb Code     0  __rtentry.o(.ARM.Collect$$rtentry$$00000000)
    __rt_entry_presh_1                       0x0800021f   Thumb Code     0  __rtentry2.o(.ARM.Collect$$rtentry$$00000002)
    __rt_entry_sh                            0x0800021f   Thumb Code     0  __rtentry4.o(.ARM.Collect$$rtentry$$00000004)
    __rt_entry_li                            0x08000225   Thumb Code     0  __rtentry2.o(.ARM.Collect$$rtentry$$0000000A)
    __rt_entry_postsh_1                      0x08000225   Thumb Code     0  __rtentry2.o(.ARM.Collect$$rtentry$$00000009)
    __rt_entry_main                          0x08000229   Thumb Code     0  __rtentry2.o(.ARM.Collect$$rtentry$$0000000D)
    __rt_entry_postli_1                      0x08000229   Thumb Code     0  __rtentry2.o(.ARM.Collect$$rtentry$$0000000C)
    __rt_exit                                0x08000231   Thumb Code     0  rtexit.o(.ARM.Collect$$rtexit$$00000000)
    __rt_exit_ls                             0x08000233   Thumb Code     0  rtexit2.o(.ARM.Collect$$rtexit$$00000003)
    __rt_exit_prels_1                        0x08000233   Thumb Code     0  rtexit2.o(.ARM.Collect$$rtexit$$00000002)
    __rt_exit_exit                           0x08000237   Thumb Code     0  rtexit2.o(.ARM.Collect$$rtexit$$00000004)
    SVC_Handler                              0x0800023d   Thumb Code    28  port.o(.emb_text)
    __asm___6_port_c_39a90d8d__prvStartFirstTask 0x0800025d   Thumb Code    36  port.o(.emb_text)
    __asm___6_port_c_39a90d8d__prvEnableVFP  0x08000285   Thumb Code    16  port.o(.emb_text)
    PendSV_Handler                           0x08000299   Thumb Code    88  port.o(.emb_text)
    vPortGetIPSR                             0x080002f5   Thumb Code     6  port.o(.emb_text)
    Reset_Handler                            0x080002fd   Thumb Code    18  startup_stm32f407xx.o(.text)
    ADC_IRQHandler                           0x08000321   Thumb Code     0  startup_stm32f407xx.o(.text)
    CAN1_RX0_IRQHandler                      0x08000321   Thumb Code     0  startup_stm32f407xx.o(.text)
    CAN1_RX1_IRQHandler                      0x08000321   Thumb Code     0  startup_stm32f407xx.o(.text)
    CAN1_SCE_IRQHandler                      0x08000321   Thumb Code     0  startup_stm32f407xx.o(.text)
    CAN1_TX_IRQHandler                       0x08000321   Thumb Code     0  startup_stm32f407xx.o(.text)
    CAN2_RX0_IRQHandler                      0x08000321   Thumb Code     0  startup_stm32f407xx.o(.text)
    CAN2_RX1_IRQHandler                      0x08000321   Thumb Code     0  startup_stm32f407xx.o(.text)
    CAN2_SCE_IRQHandler                      0x08000321   Thumb Code     0  startup_stm32f407xx.o(.text)
    CAN2_TX_IRQHandler                       0x08000321   Thumb Code     0  startup_stm32f407xx.o(.text)
    DCMI_IRQHandler                          0x08000321   Thumb Code     0  startup_stm32f407xx.o(.text)
    DMA1_Stream0_IRQHandler                  0x08000321   Thumb Code     0  startup_stm32f407xx.o(.text)
    DMA1_Stream1_IRQHandler                  0x08000321   Thumb Code     0  startup_stm32f407xx.o(.text)
    DMA1_Stream2_IRQHandler                  0x08000321   Thumb Code     0  startup_stm32f407xx.o(.text)
    DMA1_Stream3_IRQHandler                  0x08000321   Thumb Code     0  startup_stm32f407xx.o(.text)
    DMA1_Stream4_IRQHandler                  0x08000321   Thumb Code     0  startup_stm32f407xx.o(.text)
    DMA1_Stream5_IRQHandler                  0x08000321   Thumb Code     0  startup_stm32f407xx.o(.text)
    DMA1_Stream6_IRQHandler                  0x08000321   Thumb Code     0  startup_stm32f407xx.o(.text)
    DMA1_Stream7_IRQHandler                  0x08000321   Thumb Code     0  startup_stm32f407xx.o(.text)
    DMA2_Stream0_IRQHandler                  0x08000321   Thumb Code     0  startup_stm32f407xx.o(.text)
    DMA2_Stream1_IRQHandler                  0x08000321   Thumb Code     0  startup_stm32f407xx.o(.text)
    DMA2_Stream2_IRQHandler                  0x08000321   Thumb Code     0  startup_stm32f407xx.o(.text)
    DMA2_Stream3_IRQHandler                  0x08000321   Thumb Code     0  startup_stm32f407xx.o(.text)
    DMA2_Stream4_IRQHandler                  0x08000321   Thumb Code     0  startup_stm32f407xx.o(.text)
    DMA2_Stream5_IRQHandler                  0x08000321   Thumb Code     0  startup_stm32f407xx.o(.text)
    DMA2_Stream6_IRQHandler                  0x08000321   Thumb Code     0  startup_stm32f407xx.o(.text)
    DMA2_Stream7_IRQHandler                  0x08000321   Thumb Code     0  startup_stm32f407xx.o(.text)
    ETH_IRQHandler                           0x08000321   Thumb Code     0  startup_stm32f407xx.o(.text)
    ETH_WKUP_IRQHandler                      0x08000321   Thumb Code     0  startup_stm32f407xx.o(.text)
    EXTI0_IRQHandler                         0x08000321   Thumb Code     0  startup_stm32f407xx.o(.text)
    EXTI15_10_IRQHandler                     0x08000321   Thumb Code     0  startup_stm32f407xx.o(.text)
    EXTI1_IRQHandler                         0x08000321   Thumb Code     0  startup_stm32f407xx.o(.text)
    EXTI2_IRQHandler                         0x08000321   Thumb Code     0  startup_stm32f407xx.o(.text)
    EXTI3_IRQHandler                         0x08000321   Thumb Code     0  startup_stm32f407xx.o(.text)
    EXTI4_IRQHandler                         0x08000321   Thumb Code     0  startup_stm32f407xx.o(.text)
    EXTI9_5_IRQHandler                       0x08000321   Thumb Code     0  startup_stm32f407xx.o(.text)
    FLASH_IRQHandler                         0x08000321   Thumb Code     0  startup_stm32f407xx.o(.text)
    FMC_IRQHandler                           0x08000321   Thumb Code     0  startup_stm32f407xx.o(.text)
    FPU_IRQHandler                           0x08000321   Thumb Code     0  startup_stm32f407xx.o(.text)
    HASH_RNG_IRQHandler                      0x08000321   Thumb Code     0  startup_stm32f407xx.o(.text)
    I2C1_ER_IRQHandler                       0x08000321   Thumb Code     0  startup_stm32f407xx.o(.text)
    I2C1_EV_IRQHandler                       0x08000321   Thumb Code     0  startup_stm32f407xx.o(.text)
    I2C2_ER_IRQHandler                       0x08000321   Thumb Code     0  startup_stm32f407xx.o(.text)
    I2C2_EV_IRQHandler                       0x08000321   Thumb Code     0  startup_stm32f407xx.o(.text)
    I2C3_ER_IRQHandler                       0x08000321   Thumb Code     0  startup_stm32f407xx.o(.text)
    I2C3_EV_IRQHandler                       0x08000321   Thumb Code     0  startup_stm32f407xx.o(.text)
    OTG_FS_IRQHandler                        0x08000321   Thumb Code     0  startup_stm32f407xx.o(.text)
    OTG_FS_WKUP_IRQHandler                   0x08000321   Thumb Code     0  startup_stm32f407xx.o(.text)
    OTG_HS_EP1_IN_IRQHandler                 0x08000321   Thumb Code     0  startup_stm32f407xx.o(.text)
    OTG_HS_EP1_OUT_IRQHandler                0x08000321   Thumb Code     0  startup_stm32f407xx.o(.text)
    OTG_HS_IRQHandler                        0x08000321   Thumb Code     0  startup_stm32f407xx.o(.text)
    OTG_HS_WKUP_IRQHandler                   0x08000321   Thumb Code     0  startup_stm32f407xx.o(.text)
    PVD_IRQHandler                           0x08000321   Thumb Code     0  startup_stm32f407xx.o(.text)
    RCC_IRQHandler                           0x08000321   Thumb Code     0  startup_stm32f407xx.o(.text)
    RTC_Alarm_IRQHandler                     0x08000321   Thumb Code     0  startup_stm32f407xx.o(.text)
    RTC_WKUP_IRQHandler                      0x08000321   Thumb Code     0  startup_stm32f407xx.o(.text)
    SDIO_IRQHandler                          0x08000321   Thumb Code     0  startup_stm32f407xx.o(.text)
    SPI1_IRQHandler                          0x08000321   Thumb Code     0  startup_stm32f407xx.o(.text)
    SPI2_IRQHandler                          0x08000321   Thumb Code     0  startup_stm32f407xx.o(.text)
    SPI3_IRQHandler                          0x08000321   Thumb Code     0  startup_stm32f407xx.o(.text)
    TAMP_STAMP_IRQHandler                    0x08000321   Thumb Code     0  startup_stm32f407xx.o(.text)
    TIM1_BRK_TIM9_IRQHandler                 0x08000321   Thumb Code     0  startup_stm32f407xx.o(.text)
    TIM1_CC_IRQHandler                       0x08000321   Thumb Code     0  startup_stm32f407xx.o(.text)
    TIM1_TRG_COM_TIM11_IRQHandler            0x08000321   Thumb Code     0  startup_stm32f407xx.o(.text)
    TIM1_UP_TIM10_IRQHandler                 0x08000321   Thumb Code     0  startup_stm32f407xx.o(.text)
    TIM2_IRQHandler                          0x08000321   Thumb Code     0  startup_stm32f407xx.o(.text)
    TIM3_IRQHandler                          0x08000321   Thumb Code     0  startup_stm32f407xx.o(.text)
    TIM4_IRQHandler                          0x08000321   Thumb Code     0  startup_stm32f407xx.o(.text)
    TIM5_IRQHandler                          0x08000321   Thumb Code     0  startup_stm32f407xx.o(.text)
    TIM7_IRQHandler                          0x08000321   Thumb Code     0  startup_stm32f407xx.o(.text)
    TIM8_BRK_TIM12_IRQHandler                0x08000321   Thumb Code     0  startup_stm32f407xx.o(.text)
    TIM8_CC_IRQHandler                       0x08000321   Thumb Code     0  startup_stm32f407xx.o(.text)
    TIM8_TRG_COM_TIM14_IRQHandler            0x08000321   Thumb Code     0  startup_stm32f407xx.o(.text)
    TIM8_UP_TIM13_IRQHandler                 0x08000321   Thumb Code     0  startup_stm32f407xx.o(.text)
    UART4_IRQHandler                         0x08000321   Thumb Code     0  startup_stm32f407xx.o(.text)
    UART5_IRQHandler                         0x08000321   Thumb Code     0  startup_stm32f407xx.o(.text)
    USART2_IRQHandler                        0x08000321   Thumb Code     0  startup_stm32f407xx.o(.text)
    USART3_IRQHandler                        0x08000321   Thumb Code     0  startup_stm32f407xx.o(.text)
    USART6_IRQHandler                        0x08000321   Thumb Code     0  startup_stm32f407xx.o(.text)
    WWDG_IRQHandler                          0x08000321   Thumb Code     0  startup_stm32f407xx.o(.text)
    __user_initial_stackheap                 0x08000325   Thumb Code     0  startup_stm32f407xx.o(.text)
    __use_no_semihosting                     0x08000349   Thumb Code     2  use_no_semi_2.o(.text)
    __aeabi_uldivmod                         0x0800034b   Thumb Code     0  lludivv7m.o(.text)
    _ll_udiv                                 0x0800034b   Thumb Code   238  lludivv7m.o(.text)
    __2printf                                0x08000439   Thumb Code    20  noretval__2printf.o(.text)
    __2sprintf                               0x08000451   Thumb Code    34  noretval__2sprintf.o(.text)
    __printf                                 0x08000479   Thumb Code   104  __printf.o(.text)
    _printf_str                              0x080004e1   Thumb Code    82  _printf_str.o(.text)
    _printf_int_dec                          0x08000535   Thumb Code   104  _printf_dec.o(.text)
    _printf_hex_ptr                          0x080005ad   Thumb Code    78  _printf_hex_ptr.o(.text)
    _printf_longlong_hex                     0x080005ad   Thumb Code     0  _printf_hex_ptr.o(.text)
    __aeabi_memcpy                           0x08000601   Thumb Code     0  rt_memcpy_v6.o(.text)
    __rt_memcpy                              0x08000601   Thumb Code   138  rt_memcpy_v6.o(.text)
    _memcpy_lastbytes                        0x08000667   Thumb Code     0  rt_memcpy_v6.o(.text)
    __aeabi_memset                           0x0800068b   Thumb Code    16  aeabi_memset.o(.text)
    __aeabi_memclr4                          0x0800069b   Thumb Code     0  rt_memclr_w.o(.text)
    __aeabi_memclr8                          0x0800069b   Thumb Code     0  rt_memclr_w.o(.text)
    __rt_memclr_w                            0x0800069b   Thumb Code    78  rt_memclr_w.o(.text)
    _memset_w                                0x0800069f   Thumb Code     0  rt_memclr_w.o(.text)
    __use_two_region_memory                  0x080006e9   Thumb Code     2  heapauxi.o(.text)
    __rt_heap_escrow$2region                 0x080006eb   Thumb Code     2  heapauxi.o(.text)
    __rt_heap_expand$2region                 0x080006ed   Thumb Code     2  heapauxi.o(.text)
    __semihosting$guard                      0x080006ef   Thumb Code     0  use_no_semi.o(.text)
    __use_no_semihosting_swi                 0x080006ef   Thumb Code     2  use_no_semi.o(.text)
    _printf_int_common                       0x080006f1   Thumb Code   178  _printf_intcommon.o(.text)
    _printf_char_common                      0x080007af   Thumb Code    32  _printf_char_common.o(.text)
    _sputc                                   0x080007d5   Thumb Code    10  _sputc.o(.text)
    _printf_cs_common                        0x080007df   Thumb Code    20  _printf_char.o(.text)
    _printf_char                             0x080007f3   Thumb Code    16  _printf_char.o(.text)
    _printf_string                           0x08000803   Thumb Code     8  _printf_char.o(.text)
    _printf_char_file                        0x0800080d   Thumb Code    32  _printf_char_file.o(.text)
    __aeabi_memcpy4                          0x08000831   Thumb Code     0  rt_memcpy_w.o(.text)
    __aeabi_memcpy8                          0x08000831   Thumb Code     0  rt_memcpy_w.o(.text)
    __rt_memcpy_w                            0x08000831   Thumb Code   100  rt_memcpy_w.o(.text)
    _memcpy_lastbytes_aligned                0x08000879   Thumb Code     0  rt_memcpy_w.o(.text)
    __aeabi_memclr                           0x08000895   Thumb Code     0  rt_memclr.o(.text)
    __rt_memclr                              0x08000895   Thumb Code    68  rt_memclr.o(.text)
    _memset                                  0x08000899   Thumb Code     0  rt_memclr.o(.text)
    ferror                                   0x080008d9   Thumb Code     8  ferror.o(.text)
    __user_setup_stackheap                   0x080008e1   Thumb Code    74  sys_stackheap_outer.o(.text)
    exit                                     0x0800092b   Thumb Code    12  exit.o(.text)
    __user_libspace                          0x08000939   Thumb Code     8  libspace.o(.text)
    __user_perproc_libspace                  0x08000939   Thumb Code     0  libspace.o(.text)
    __user_perthread_libspace                0x08000939   Thumb Code     0  libspace.o(.text)
    BusFault_Handler                         0x08000941   Thumb Code     4  stm32f4xx_it.o(i.BusFault_Handler)
    DebugMon_Handler                         0x08000945   Thumb Code     2  stm32f4xx_it.o(i.DebugMon_Handler)
    FSMC_NORSRAM_Extended_Timing_Init        0x08000949   Thumb Code    66  stm32f4xx_ll_fsmc.o(i.FSMC_NORSRAM_Extended_Timing_Init)
    FSMC_NORSRAM_Init                        0x08000991   Thumb Code    88  stm32f4xx_ll_fsmc.o(i.FSMC_NORSRAM_Init)
    FSMC_NORSRAM_Timing_Init                 0x080009ed   Thumb Code    68  stm32f4xx_ll_fsmc.o(i.FSMC_NORSRAM_Timing_Init)
    HAL_DMA_Abort                            0x08000a31   Thumb Code   170  stm32f4xx_hal_dma.o(i.HAL_DMA_Abort)
    HAL_DMA_Abort_IT                         0x08000adb   Thumb Code    40  stm32f4xx_hal_dma.o(i.HAL_DMA_Abort_IT)
    HAL_GPIO_Init                            0x08000b05   Thumb Code   470  stm32f4xx_hal_gpio.o(i.HAL_GPIO_Init)
    HAL_GPIO_ReadPin                         0x08000d09   Thumb Code    16  stm32f4xx_hal_gpio.o(i.HAL_GPIO_ReadPin)
    HAL_GPIO_TogglePin                       0x08000d19   Thumb Code    20  stm32f4xx_hal_gpio.o(i.HAL_GPIO_TogglePin)
    HAL_GPIO_WritePin                        0x08000d2d   Thumb Code    12  stm32f4xx_hal_gpio.o(i.HAL_GPIO_WritePin)
    HAL_GetREVID                             0x08000d39   Thumb Code     8  stm32f4xx_hal.o(i.HAL_GetREVID)
    HAL_GetTick                              0x08000d45   Thumb Code     6  stm32f4xx_hal.o(i.HAL_GetTick)
    HAL_IncTick                              0x08000d51   Thumb Code    16  stm32f4xx_hal.o(i.HAL_IncTick)
    HAL_Init                                 0x08000d69   Thumb Code    44  stm32f4xx_hal.o(i.HAL_Init)
    HAL_InitTick                             0x08000d99   Thumb Code    64  stm32f4xx_hal.o(i.HAL_InitTick)
    HAL_MspInit                              0x08000de5   Thumb Code     2  stm32f4xx_hal.o(i.HAL_MspInit)
    HAL_NVIC_EnableIRQ                       0x08000de7   Thumb Code    32  stm32f4xx_hal_cortex.o(i.HAL_NVIC_EnableIRQ)
    HAL_NVIC_SetPriority                     0x08000e07   Thumb Code   124  stm32f4xx_hal_cortex.o(i.HAL_NVIC_SetPriority)
    HAL_NVIC_SetPriorityGrouping             0x08000e85   Thumb Code    32  stm32f4xx_hal_cortex.o(i.HAL_NVIC_SetPriorityGrouping)
    HAL_RCC_ClockConfig                      0x08000ead   Thumb Code   368  stm32f4xx_hal_rcc.o(i.HAL_RCC_ClockConfig)
    HAL_RCC_GetHCLKFreq                      0x08001031   Thumb Code     6  stm32f4xx_hal_rcc.o(i.HAL_RCC_GetHCLKFreq)
    HAL_RCC_GetPCLK1Freq                     0x0800103d   Thumb Code    22  stm32f4xx_hal_rcc.o(i.HAL_RCC_GetPCLK1Freq)
    HAL_RCC_GetPCLK2Freq                     0x0800105d   Thumb Code    22  stm32f4xx_hal_rcc.o(i.HAL_RCC_GetPCLK2Freq)
    HAL_RCC_GetSysClockFreq                  0x0800107d   Thumb Code   162  stm32f4xx_hal_rcc.o(i.HAL_RCC_GetSysClockFreq)
    HAL_RCC_OscConfig                        0x0800112d   Thumb Code  1172  stm32f4xx_hal_rcc.o(i.HAL_RCC_OscConfig)
    HAL_SRAM_Init                            0x080015c9   Thumb Code    88  stm32f4xx_hal_sram.o(i.HAL_SRAM_Init)
    HAL_SRAM_MspInit                         0x08001621   Thumb Code   152  lcd.o(i.HAL_SRAM_MspInit)
    HAL_SYSTICK_CLKSourceConfig              0x080016c5   Thumb Code    40  stm32f4xx_hal_cortex.o(i.HAL_SYSTICK_CLKSourceConfig)
    HAL_SYSTICK_Config                       0x080016ed   Thumb Code    52  stm32f4xx_hal_cortex.o(i.HAL_SYSTICK_Config)
    HAL_TIMEx_BreakCallback                  0x08001721   Thumb Code     2  stm32f4xx_hal_tim_ex.o(i.HAL_TIMEx_BreakCallback)
    HAL_TIMEx_CommutCallback                 0x08001723   Thumb Code     2  stm32f4xx_hal_tim_ex.o(i.HAL_TIMEx_CommutCallback)
    HAL_TIM_IC_CaptureCallback               0x08001725   Thumb Code     2  stm32f4xx_hal_tim.o(i.HAL_TIM_IC_CaptureCallback)
    HAL_TIM_IRQHandler                       0x08001727   Thumb Code   406  stm32f4xx_hal_tim.o(i.HAL_TIM_IRQHandler)
    HAL_TIM_OC_DelayElapsedCallback          0x080018bd   Thumb Code     2  stm32f4xx_hal_tim.o(i.HAL_TIM_OC_DelayElapsedCallback)
    HAL_TIM_PWM_PulseFinishedCallback        0x080018bf   Thumb Code     2  stm32f4xx_hal_tim.o(i.HAL_TIM_PWM_PulseFinishedCallback)
    HAL_TIM_PeriodElapsedCallback            0x080018c1   Thumb Code    26  btim.o(i.HAL_TIM_PeriodElapsedCallback)
    HAL_TIM_TriggerCallback                  0x080018e5   Thumb Code     2  stm32f4xx_hal_tim.o(i.HAL_TIM_TriggerCallback)
    HAL_UARTEx_RxEventCallback               0x080018e7   Thumb Code     2  stm32f4xx_hal_uart.o(i.HAL_UARTEx_RxEventCallback)
    HAL_UART_ErrorCallback                   0x080018e9   Thumb Code     2  stm32f4xx_hal_uart.o(i.HAL_UART_ErrorCallback)
    HAL_UART_GetState                        0x080018eb   Thumb Code    20  stm32f4xx_hal_uart.o(i.HAL_UART_GetState)
    HAL_UART_IRQHandler                      0x08001901   Thumb Code   586  stm32f4xx_hal_uart.o(i.HAL_UART_IRQHandler)
    HAL_UART_Init                            0x08001b51   Thumb Code   114  stm32f4xx_hal_uart.o(i.HAL_UART_Init)
    HAL_UART_MspInit                         0x08001bc5   Thumb Code   190  usart.o(i.HAL_UART_MspInit)
    HAL_UART_Receive_IT                      0x08001c91   Thumb Code    66  stm32f4xx_hal_uart.o(i.HAL_UART_Receive_IT)
    HAL_UART_RxCpltCallback                  0x08001cd5   Thumb Code   120  usart.o(i.HAL_UART_RxCpltCallback)
    HAL_UART_TxCpltCallback                  0x08001d5d   Thumb Code     2  stm32f4xx_hal_uart.o(i.HAL_UART_TxCpltCallback)
    HardFault_Handler                        0x08001d5f   Thumb Code     4  stm32f4xx_it.o(i.HardFault_Handler)
    MemManage_Handler                        0x08001d63   Thumb Code     4  stm32f4xx_it.o(i.MemManage_Handler)
    NMI_Handler                              0x08001d67   Thumb Code     2  stm32f4xx_it.o(i.NMI_Handler)
    SysTick_Handler                          0x08001d69   Thumb Code    20  delay.o(i.SysTick_Handler)
    SystemInit                               0x08001d7d   Thumb Code    14  system_stm32f4xx.o(i.SystemInit)
    TIM6_DAC_IRQHandler                      0x08001d91   Thumb Code    10  btim.o(i.TIM6_DAC_IRQHandler)
    UART_Start_Receive_IT                    0x080020f5   Thumb Code    70  stm32f4xx_hal_uart.o(i.UART_Start_Receive_IT)
    USART1_IRQHandler                        0x0800219d   Thumb Code    66  usart.o(i.USART1_IRQHandler)
    UsageFault_Handler                       0x080021ed   Thumb Code     4  stm32f4xx_it.o(i.UsageFault_Handler)
    _sys_exit                                0x08002229   Thumb Code     4  usart.o(i._sys_exit)
    delay_init                               0x0800222d   Thumb Code    52  delay.o(i.delay_init)
    delay_ms                                 0x08002265   Thumb Code    24  delay.o(i.delay_ms)
    delay_us                                 0x0800227d   Thumb Code    68  delay.o(i.delay_us)
    fputc                                    0x080022c5   Thumb Code    22  usart.o(i.fputc)
    freertos_demo                            0x080022e1   Thumb Code   184  freertos_demo.o(i.freertos_demo)
    key_init                                 0x08002411   Thumb Code   240  key.o(i.key_init)
    key_scan                                 0x0800250d   Thumb Code   184  key.o(i.key_scan)
    lcd_clear                                0x080025d1   Thumb Code    42  lcd.o(i.lcd_clear)
    lcd_display_dir                          0x08002605   Thumb Code   298  lcd.o(i.lcd_display_dir)
    lcd_draw_point                           0x08002735   Thumb Code    26  lcd.o(i.lcd_draw_point)
    lcd_ex_ili9341_reginit                   0x08002755   Thumb Code   556  lcd.o(i.lcd_ex_ili9341_reginit)
    lcd_ex_nt35310_reginit                   0x08002981   Thumb Code  3826  lcd.o(i.lcd_ex_nt35310_reginit)
    lcd_ex_nt35510_reginit                   0x08003873   Thumb Code  3836  lcd.o(i.lcd_ex_nt35510_reginit)
    lcd_ex_ssd1963_reginit                   0x0800476f   Thumb Code   366  lcd.o(i.lcd_ex_ssd1963_reginit)
    lcd_ex_st7789_reginit                    0x080048dd   Thumb Code   424  lcd.o(i.lcd_ex_st7789_reginit)
    lcd_init                                 0x08004a85   Thumb Code  1060  lcd.o(i.lcd_init)
    lcd_scan_dir                             0x08004ed5   Thumb Code   556  lcd.o(i.lcd_scan_dir)
    lcd_set_cursor                           0x08005105   Thumb Code   282  lcd.o(i.lcd_set_cursor)
    lcd_show_char                            0x08005225   Thumb Code   294  lcd.o(i.lcd_show_char)
    lcd_show_string                          0x08005365   Thumb Code   106  lcd.o(i.lcd_show_string)
    lcd_show_xnum                            0x080053cf   Thumb Code   198  lcd.o(i.lcd_show_xnum)
    lcd_ssd_backlight_set                    0x08005495   Thumb Code    88  lcd.o(i.lcd_ssd_backlight_set)
    lcd_wr_data                              0x080054f5   Thumb Code    18  lcd.o(i.lcd_wr_data)
    lcd_wr_regno                             0x0800550d   Thumb Code    18  lcd.o(i.lcd_wr_regno)
    lcd_write_ram_prepare                    0x08005525   Thumb Code    10  lcd.o(i.lcd_write_ram_prepare)
    lcd_write_reg                            0x08005539   Thumb Code    14  lcd.o(i.lcd_write_reg)
    led_init                                 0x0800554d   Thumb Code   142  led.o(i.led_init)
    main                                     0x080055e5   Thumb Code   302  main.o(i.main)
    my_mem_init                              0x080057a5   Thumb Code    38  malloc.o(i.my_mem_init)
    my_mem_perused                           0x080057d5   Thumb Code    56  malloc.o(i.my_mem_perused)
    my_mem_set                               0x08005815   Thumb Code    20  malloc.o(i.my_mem_set)
    pvPortMalloc                             0x08006369   Thumb Code   306  heap_4.o(i.pvPortMalloc)
    pxPortInitialiseStack                    0x080064fd   Thumb Code    38  port.o(i.pxPortInitialiseStack)
    sram_init                                0x08006529   Thumb Code   468  sram.o(i.sram_init)
    start_task                               0x08006719   Thumb Code    42  freertos_demo.o(i.start_task)
    sys_stm32_clock_init                     0x08006759   Thumb Code   208  sys.o(i.sys_stm32_clock_init)
    task1                                    0x08006835   Thumb Code   148  freertos_demo.o(i.task1)
    usart_init                               0x080068d1   Thumb Code    44  usart.o(i.usart_init)
    uxListRemove                             0x08006909   Thumb Code    40  list.o(i.uxListRemove)
    vListInitialise                          0x08006931   Thumb Code    26  list.o(i.vListInitialise)
    vListInitialiseItem                      0x0800694b   Thumb Code     6  list.o(i.vListInitialiseItem)
    vListInsert                              0x08006951   Thumb Code    52  list.o(i.vListInsert)
    vListInsertEnd                           0x08006985   Thumb Code    24  list.o(i.vListInsertEnd)
    vPortEnterCritical                       0x0800699d   Thumb Code    68  port.o(i.vPortEnterCritical)
    vPortExitCritical                        0x08006a35   Thumb Code    48  port.o(i.vPortExitCritical)
    vPortFree                                0x08006ab5   Thumb Code   130  heap_4.o(i.vPortFree)
    vPortSetupTimerInterrupt                 0x08006b8d   Thumb Code    36  port.o(i.vPortSetupTimerInterrupt)
    vQueueAddToRegistry                      0x08006bb5   Thumb Code    84  queue.o(i.vQueueAddToRegistry)
    vQueueWaitForMessageRestricted           0x08006c41   Thumb Code    74  queue.o(i.vQueueWaitForMessageRestricted)
    vTaskDelay                               0x08006c8d   Thumb Code    72  tasks.o(i.vTaskDelay)
    vTaskDelete                              0x08006d11   Thumb Code   200  tasks.o(i.vTaskDelete)
    vTaskInternalSetTimeOutState             0x08006e35   Thumb Code    14  tasks.o(i.vTaskInternalSetTimeOutState)
    vTaskMissedYield                         0x08006e4d   Thumb Code     8  tasks.o(i.vTaskMissedYield)
    vTaskPlaceOnEventList                    0x08006e59   Thumb Code    42  tasks.o(i.vTaskPlaceOnEventList)
    vTaskPlaceOnEventListRestricted          0x08006ebd   Thumb Code    84  tasks.o(i.vTaskPlaceOnEventListRestricted)
    vTaskStartScheduler                      0x08006f49   Thumb Code   112  tasks.o(i.vTaskStartScheduler)
    vTaskSuspendAll                          0x0800700d   Thumb Code    12  tasks.o(i.vTaskSuspendAll)
    vTaskSwitchContext                       0x0800701d   Thumb Code   110  tasks.o(i.vTaskSwitchContext)
    xPortGetFreeHeapSize                     0x080070d5   Thumb Code     6  heap_4.o(i.xPortGetFreeHeapSize)
    xPortStartScheduler                      0x080070e1   Thumb Code   322  port.o(i.xPortStartScheduler)
    xPortSysTickHandler                      0x0800728d   Thumb Code    46  port.o(i.xPortSysTickHandler)
    xQueueGenericCreate                      0x080072c1   Thumb Code    92  queue.o(i.xQueueGenericCreate)
    xQueueGenericReset                       0x08007351   Thumb Code   194  queue.o(i.xQueueGenericReset)
    xQueueReceive                            0x0800744d   Thumb Code   326  queue.o(i.xQueueReceive)
    xTaskCheckForTimeOut                     0x080075cd   Thumb Code   140  tasks.o(i.xTaskCheckForTimeOut)
    xTaskCreate                              0x08007699   Thumb Code    96  tasks.o(i.xTaskCreate)
    xTaskGetSchedulerState                   0x080076f9   Thumb Code    24  tasks.o(i.xTaskGetSchedulerState)
    xTaskGetTickCount                        0x08007719   Thumb Code     6  tasks.o(i.xTaskGetTickCount)
    xTaskIncrementTick                       0x08007725   Thumb Code   390  tasks.o(i.xTaskIncrementTick)
    xTaskPriorityDisinherit                  0x0800790d   Thumb Code   206  tasks.o(i.xTaskPriorityDisinherit)
    xTaskRemoveFromEventList                 0x08007a1d   Thumb Code   254  tasks.o(i.xTaskRemoveFromEventList)
    xTaskResumeAll                           0x08007b69   Thumb Code   328  tasks.o(i.xTaskResumeAll)
    xTimerCreateTimerTask                    0x08007d09   Thumb Code    56  timers.o(i.xTimerCreateTimerTask)
    __aeabi_d2uiz                            0x08007d89   Thumb Code     0  dfixu.o(x$fpl$dfixu)
    _dfixu                                   0x08007d89   Thumb Code    90  dfixu.o(x$fpl$dfixu)
    __aeabi_ui2d                             0x08007de3   Thumb Code     0  dflt_clz.o(x$fpl$dfltu)
    _dfltu                                   0x08007de3   Thumb Code    38  dflt_clz.o(x$fpl$dfltu)
    __aeabi_dmul                             0x08007e09   Thumb Code     0  dmul.o(x$fpl$dmul)
    _dmul                                    0x08007e09   Thumb Code   332  dmul.o(x$fpl$dmul)
    __fpl_dnaninf                            0x08007f5d   Thumb Code   156  dnaninf.o(x$fpl$dnaninf)
    __fpl_dretinf                            0x08007ff9   Thumb Code    12  dretinf.o(x$fpl$dretinf)
    _fp_init                                 0x08008005   Thumb Code    10  fpinit.o(x$fpl$fpinit)
    __fplib_config_fpu_vfp                   0x0800800d   Thumb Code     0  fpinit.o(x$fpl$fpinit)
    __fplib_config_pureend_doubles           0x0800800d   Thumb Code     0  fpinit.o(x$fpl$fpinit)
    AHBPrescTable                            0x0800800e   Data          16  system_stm32f4xx.o(.constdata)
    __I$use$fp                               0x0800800e   Number         0  usenofp.o(x$fpl$usenofp)
    APBPrescTable                            0x0800801e   Data           8  system_stm32f4xx.o(.constdata)
    asc2_1206                                0x08008026   Data        1140  lcd.o(.constdata)
    asc2_1608                                0x0800849a   Data        1520  lcd.o(.constdata)
    asc2_2412                                0x08008a8a   Data        3420  lcd.o(.constdata)
    asc2_3216                                0x080097e6   Data        6080  lcd.o(.constdata)
    memtblsize                               0x0800afa8   Data          12  malloc.o(.constdata)
    memblksize                               0x0800afb4   Data          12  malloc.o(.constdata)
    memsize                                  0x0800afc0   Data          12  malloc.o(.constdata)
    Region$$Table$$Base                      0x0800aff4   Number         0  anon$$obj.o(Region$$Table)
    Region$$Table$$Limit                     0x0800b014   Number         0  anon$$obj.o(Region$$Table)
    SystemCoreClock                          0x20000000   Data           4  system_stm32f4xx.o(.data)
    StartTask_Handler                        0x20000004   Data           4  freertos_demo.o(.data)
    Task1Task_Handler                        0x20000008   Data           4  freertos_demo.o(.data)
    __stdout                                 0x20000010   Data           4  usart.o(.data)
    g_usart_rx_sta                           0x20000014   Data           2  usart.o(.data)
    g_rx_buffer                              0x20000016   Data           1  usart.o(.data)
    uwTick                                   0x20000018   Data           4  stm32f4xx_hal.o(.data)
    uwTickPrio                               0x2000001c   Data           4  stm32f4xx_hal.o(.data)
    uwTickFreq                               0x20000020   Data           1  stm32f4xx_hal.o(.data)
    g_point_color                            0x20000024   Data           4  lcd.o(.data)
    g_back_color                             0x20000028   Data           4  lcd.o(.data)
    mallco_dev                               0x20000030   Data          36  malloc.o(.data)
    pxCurrentTCB                             0x20000054   Data           4  tasks.o(.data)
    uxTopUsedPriority                        0x2000008c   Data           4  tasks.o(.data)
    g_usart_rx_buf                           0x200000d4   Data         200  usart.o(.bss)
    g_uart1_handle                           0x2000019c   Data          68  usart.o(.bss)
    g_sram_handle                            0x200001e0   Data          80  lcd.o(.bss)
    lcddev                                   0x20000230   Data          14  lcd.o(.bss)
    g_sram_handler                           0x20000240   Data          80  sram.o(.bss)
    g_timx_handler                           0x20000290   Data          72  btim.o(.bss)
    xQueueRegistry                           0x2001ac00   Data          64  queue.o(.bss)
    __libspace_start                         0x2001d74c   Data          96  libspace.o(.bss)
    __temporary_stack_top$libspace           0x2001d7ac   Data           0  libspace.o(.bss)



==============================================================================

Memory Map of the image

  Image Entry point : 0x08000189

  Load Region LR_IROM1 (Base: 0x08000000, Size: 0x0000b0e8, Max: 0x00100000, ABSOLUTE)

    Execution Region ER_IROM1 (Base: 0x08000000, Size: 0x0000b014, Max: 0x00100000, ABSOLUTE)

    Base Addr    Size         Type   Attr      Idx    E Section Name        Object

    0x08000000   0x00000188   Data   RO            3    RESET               startup_stm32f407xx.o
    0x08000188   0x00000008   Code   RO         5698  * !!!main             c_w.l(__main.o)
    0x08000190   0x00000034   Code   RO         5895    !!!scatter          c_w.l(__scatter.o)
    0x080001c4   0x0000001a   Code   RO         5897    !!handler_copy      c_w.l(__scatter_copy.o)
    0x080001de   0x00000002   PAD
    0x080001e0   0x0000001c   Code   RO         5899    !!handler_zi        c_w.l(__scatter_zi.o)
    0x080001fc   0x00000000   Code   RO         5683    .ARM.Collect$$_printf_percent$$00000000  c_w.l(_printf_percent.o)
    0x080001fc   0x00000006   Code   RO         5680    .ARM.Collect$$_printf_percent$$00000002  c_w.l(_printf_p.o)
    0x08000202   0x00000006   Code   RO         5681    .ARM.Collect$$_printf_percent$$00000009  c_w.l(_printf_d.o)
    0x08000208   0x00000006   Code   RO         5679    .ARM.Collect$$_printf_percent$$00000014  c_w.l(_printf_s.o)
    0x0800020e   0x00000004   Code   RO         5729    .ARM.Collect$$_printf_percent$$00000017  c_w.l(_printf_percent_end.o)
    0x08000212   0x00000002   Code   RO         5775    .ARM.Collect$$libinit$$00000000  c_w.l(libinit.o)
    0x08000214   0x00000004   Code   RO         5787    .ARM.Collect$$libinit$$00000001  c_w.l(libinit2.o)
    0x08000218   0x00000000   Code   RO         5790    .ARM.Collect$$libinit$$00000004  c_w.l(libinit2.o)
    0x08000218   0x00000000   Code   RO         5793    .ARM.Collect$$libinit$$0000000A  c_w.l(libinit2.o)
    0x08000218   0x00000000   Code   RO         5795    .ARM.Collect$$libinit$$0000000C  c_w.l(libinit2.o)
    0x08000218   0x00000000   Code   RO         5797    .ARM.Collect$$libinit$$0000000E  c_w.l(libinit2.o)
    0x08000218   0x00000000   Code   RO         5800    .ARM.Collect$$libinit$$00000011  c_w.l(libinit2.o)
    0x08000218   0x00000000   Code   RO         5802    .ARM.Collect$$libinit$$00000013  c_w.l(libinit2.o)
    0x08000218   0x00000000   Code   RO         5804    .ARM.Collect$$libinit$$00000015  c_w.l(libinit2.o)
    0x08000218   0x00000000   Code   RO         5806    .ARM.Collect$$libinit$$00000017  c_w.l(libinit2.o)
    0x08000218   0x00000000   Code   RO         5808    .ARM.Collect$$libinit$$00000019  c_w.l(libinit2.o)
    0x08000218   0x00000000   Code   RO         5810    .ARM.Collect$$libinit$$0000001B  c_w.l(libinit2.o)
    0x08000218   0x00000000   Code   RO         5812    .ARM.Collect$$libinit$$0000001D  c_w.l(libinit2.o)
    0x08000218   0x00000000   Code   RO         5814    .ARM.Collect$$libinit$$0000001F  c_w.l(libinit2.o)
    0x08000218   0x00000000   Code   RO         5816    .ARM.Collect$$libinit$$00000021  c_w.l(libinit2.o)
    0x08000218   0x00000000   Code   RO         5818    .ARM.Collect$$libinit$$00000023  c_w.l(libinit2.o)
    0x08000218   0x00000000   Code   RO         5820    .ARM.Collect$$libinit$$00000025  c_w.l(libinit2.o)
    0x08000218   0x00000000   Code   RO         5824    .ARM.Collect$$libinit$$0000002C  c_w.l(libinit2.o)
    0x08000218   0x00000000   Code   RO         5826    .ARM.Collect$$libinit$$0000002E  c_w.l(libinit2.o)
    0x08000218   0x00000000   Code   RO         5828    .ARM.Collect$$libinit$$00000030  c_w.l(libinit2.o)
    0x08000218   0x00000000   Code   RO         5830    .ARM.Collect$$libinit$$00000032  c_w.l(libinit2.o)
    0x08000218   0x00000002   Code   RO         5831    .ARM.Collect$$libinit$$00000033  c_w.l(libinit2.o)
    0x0800021a   0x00000002   Code   RO         5855    .ARM.Collect$$libshutdown$$00000000  c_w.l(libshutdown.o)
    0x0800021c   0x00000000   Code   RO         5880    .ARM.Collect$$libshutdown$$00000003  c_w.l(libshutdown2.o)
    0x0800021c   0x00000000   Code   RO         5883    .ARM.Collect$$libshutdown$$00000006  c_w.l(libshutdown2.o)
    0x0800021c   0x00000000   Code   RO         5886    .ARM.Collect$$libshutdown$$00000009  c_w.l(libshutdown2.o)
    0x0800021c   0x00000000   Code   RO         5888    .ARM.Collect$$libshutdown$$0000000B  c_w.l(libshutdown2.o)
    0x0800021c   0x00000000   Code   RO         5891    .ARM.Collect$$libshutdown$$0000000E  c_w.l(libshutdown2.o)
    0x0800021c   0x00000002   Code   RO         5892    .ARM.Collect$$libshutdown$$0000000F  c_w.l(libshutdown2.o)
    0x0800021e   0x00000000   Code   RO         5714    .ARM.Collect$$rtentry$$00000000  c_w.l(__rtentry.o)
    0x0800021e   0x00000000   Code   RO         5740    .ARM.Collect$$rtentry$$00000002  c_w.l(__rtentry2.o)
    0x0800021e   0x00000006   Code   RO         5752    .ARM.Collect$$rtentry$$00000004  c_w.l(__rtentry4.o)
    0x08000224   0x00000000   Code   RO         5742    .ARM.Collect$$rtentry$$00000009  c_w.l(__rtentry2.o)
    0x08000224   0x00000004   Code   RO         5743    .ARM.Collect$$rtentry$$0000000A  c_w.l(__rtentry2.o)
    0x08000228   0x00000000   Code   RO         5745    .ARM.Collect$$rtentry$$0000000C  c_w.l(__rtentry2.o)
    0x08000228   0x00000008   Code   RO         5746    .ARM.Collect$$rtentry$$0000000D  c_w.l(__rtentry2.o)
    0x08000230   0x00000002   Code   RO         5779    .ARM.Collect$$rtexit$$00000000  c_w.l(rtexit.o)
    0x08000232   0x00000000   Code   RO         5833    .ARM.Collect$$rtexit$$00000002  c_w.l(rtexit2.o)
    0x08000232   0x00000004   Code   RO         5834    .ARM.Collect$$rtexit$$00000003  c_w.l(rtexit2.o)
    0x08000236   0x00000006   Code   RO         5835    .ARM.Collect$$rtexit$$00000004  c_w.l(rtexit2.o)
    0x0800023c   0x000000be   Code   RO         5531    .emb_text           port.o
    0x080002fa   0x00000002   PAD
    0x080002fc   0x0000004c   Code   RO            4    .text               startup_stm32f407xx.o
    0x08000348   0x00000002   Code   RO         5619    .text               c_w.l(use_no_semi_2.o)
    0x0800034a   0x000000ee   Code   RO         5621    .text               c_w.l(lludivv7m.o)
    0x08000438   0x00000018   Code   RO         5627    .text               c_w.l(noretval__2printf.o)
    0x08000450   0x00000028   Code   RO         5629    .text               c_w.l(noretval__2sprintf.o)
    0x08000478   0x00000068   Code   RO         5631    .text               c_w.l(__printf.o)
    0x080004e0   0x00000052   Code   RO         5633    .text               c_w.l(_printf_str.o)
    0x08000532   0x00000002   PAD
    0x08000534   0x00000078   Code   RO         5635    .text               c_w.l(_printf_dec.o)
    0x080005ac   0x00000054   Code   RO         5646    .text               c_w.l(_printf_hex_ptr.o)
    0x08000600   0x0000008a   Code   RO         5688    .text               c_w.l(rt_memcpy_v6.o)
    0x0800068a   0x00000010   Code   RO         5692    .text               c_w.l(aeabi_memset.o)
    0x0800069a   0x0000004e   Code   RO         5694    .text               c_w.l(rt_memclr_w.o)
    0x080006e8   0x00000006   Code   RO         5696    .text               c_w.l(heapauxi.o)
    0x080006ee   0x00000002   Code   RO         5712    .text               c_w.l(use_no_semi.o)
    0x080006f0   0x000000b2   Code   RO         5719    .text               c_w.l(_printf_intcommon.o)
    0x080007a2   0x00000002   PAD
    0x080007a4   0x00000030   Code   RO         5721    .text               c_w.l(_printf_char_common.o)
    0x080007d4   0x0000000a   Code   RO         5723    .text               c_w.l(_sputc.o)
    0x080007de   0x0000002c   Code   RO         5725    .text               c_w.l(_printf_char.o)
    0x0800080a   0x00000002   PAD
    0x0800080c   0x00000024   Code   RO         5727    .text               c_w.l(_printf_char_file.o)
    0x08000830   0x00000064   Code   RO         5730    .text               c_w.l(rt_memcpy_w.o)
    0x08000894   0x00000044   Code   RO         5732    .text               c_w.l(rt_memclr.o)
    0x080008d8   0x00000008   Code   RO         5758    .text               c_w.l(ferror.o)
    0x080008e0   0x0000004a   Code   RO         5762    .text               c_w.l(sys_stackheap_outer.o)
    0x0800092a   0x0000000c   Code   RO         5764    .text               c_w.l(exit.o)
    0x08000936   0x00000002   PAD
    0x08000938   0x00000008   Code   RO         5776    .text               c_w.l(libspace.o)
    0x08000940   0x00000004   Code   RO          278    i.BusFault_Handler  stm32f4xx_it.o
    0x08000944   0x00000002   Code   RO          279    i.DebugMon_Handler  stm32f4xx_it.o
    0x08000946   0x00000002   PAD
    0x08000948   0x00000048   Code   RO         3308    i.FSMC_NORSRAM_Extended_Timing_Init  stm32f4xx_ll_fsmc.o
    0x08000990   0x0000005c   Code   RO         3309    i.FSMC_NORSRAM_Init  stm32f4xx_ll_fsmc.o
    0x080009ec   0x00000044   Code   RO         3310    i.FSMC_NORSRAM_Timing_Init  stm32f4xx_ll_fsmc.o
    0x08000a30   0x000000aa   Code   RO         3429    i.HAL_DMA_Abort     stm32f4xx_hal_dma.o
    0x08000ada   0x00000028   Code   RO         3430    i.HAL_DMA_Abort_IT  stm32f4xx_hal_dma.o
    0x08000b02   0x00000002   PAD
    0x08000b04   0x00000204   Code   RO         1129    i.HAL_GPIO_Init     stm32f4xx_hal_gpio.o
    0x08000d08   0x00000010   Code   RO         1131    i.HAL_GPIO_ReadPin  stm32f4xx_hal_gpio.o
    0x08000d18   0x00000014   Code   RO         1132    i.HAL_GPIO_TogglePin  stm32f4xx_hal_gpio.o
    0x08000d2c   0x0000000c   Code   RO         1133    i.HAL_GPIO_WritePin  stm32f4xx_hal_gpio.o
    0x08000d38   0x0000000c   Code   RO          812    i.HAL_GetREVID      stm32f4xx_hal.o
    0x08000d44   0x0000000c   Code   RO          813    i.HAL_GetTick       stm32f4xx_hal.o
    0x08000d50   0x00000018   Code   RO          819    i.HAL_IncTick       stm32f4xx_hal.o
    0x08000d68   0x00000030   Code   RO          820    i.HAL_Init          stm32f4xx_hal.o
    0x08000d98   0x0000004c   Code   RO          821    i.HAL_InitTick      stm32f4xx_hal.o
    0x08000de4   0x00000002   Code   RO          823    i.HAL_MspInit       stm32f4xx_hal.o
    0x08000de6   0x00000020   Code   RO          991    i.HAL_NVIC_EnableIRQ  stm32f4xx_hal_cortex.o
    0x08000e06   0x0000007c   Code   RO          997    i.HAL_NVIC_SetPriority  stm32f4xx_hal_cortex.o
    0x08000e82   0x00000002   PAD
    0x08000e84   0x00000028   Code   RO          998    i.HAL_NVIC_SetPriorityGrouping  stm32f4xx_hal_cortex.o
    0x08000eac   0x00000184   Code   RO         1193    i.HAL_RCC_ClockConfig  stm32f4xx_hal_rcc.o
    0x08001030   0x0000000c   Code   RO         1198    i.HAL_RCC_GetHCLKFreq  stm32f4xx_hal_rcc.o
    0x0800103c   0x00000020   Code   RO         1200    i.HAL_RCC_GetPCLK1Freq  stm32f4xx_hal_rcc.o
    0x0800105c   0x00000020   Code   RO         1201    i.HAL_RCC_GetPCLK2Freq  stm32f4xx_hal_rcc.o
    0x0800107c   0x000000b0   Code   RO         1202    i.HAL_RCC_GetSysClockFreq  stm32f4xx_hal_rcc.o
    0x0800112c   0x0000049c   Code   RO         1205    i.HAL_RCC_OscConfig  stm32f4xx_hal_rcc.o
    0x080015c8   0x00000058   Code   RO         3184    i.HAL_SRAM_Init     stm32f4xx_hal_sram.o
    0x08001620   0x000000a4   Code   RO         3779    i.HAL_SRAM_MspInit  lcd.o
    0x080016c4   0x00000028   Code   RO         1000    i.HAL_SYSTICK_CLKSourceConfig  stm32f4xx_hal_cortex.o
    0x080016ec   0x00000034   Code   RO         1002    i.HAL_SYSTICK_Config  stm32f4xx_hal_cortex.o
    0x08001720   0x00000002   Code   RO         2913    i.HAL_TIMEx_BreakCallback  stm32f4xx_hal_tim_ex.o
    0x08001722   0x00000002   Code   RO         2914    i.HAL_TIMEx_CommutCallback  stm32f4xx_hal_tim_ex.o
    0x08001724   0x00000002   Code   RO         2232    i.HAL_TIM_IC_CaptureCallback  stm32f4xx_hal_tim.o
    0x08001726   0x00000196   Code   RO         2246    i.HAL_TIM_IRQHandler  stm32f4xx_hal_tim.o
    0x080018bc   0x00000002   Code   RO         2249    i.HAL_TIM_OC_DelayElapsedCallback  stm32f4xx_hal_tim.o
    0x080018be   0x00000002   Code   RO         2276    i.HAL_TIM_PWM_PulseFinishedCallback  stm32f4xx_hal_tim.o
    0x080018c0   0x00000024   Code   RO         4104    i.HAL_TIM_PeriodElapsedCallback  btim.o
    0x080018e4   0x00000002   Code   RO         2289    i.HAL_TIM_TriggerCallback  stm32f4xx_hal_tim.o
    0x080018e6   0x00000002   Code   RO         1799    i.HAL_UARTEx_RxEventCallback  stm32f4xx_hal_uart.o
    0x080018e8   0x00000002   Code   RO         1813    i.HAL_UART_ErrorCallback  stm32f4xx_hal_uart.o
    0x080018ea   0x00000014   Code   RO         1815    i.HAL_UART_GetState  stm32f4xx_hal_uart.o
    0x080018fe   0x00000002   PAD
    0x08001900   0x00000250   Code   RO         1816    i.HAL_UART_IRQHandler  stm32f4xx_hal_uart.o
    0x08001b50   0x00000072   Code   RO         1817    i.HAL_UART_Init     stm32f4xx_hal_uart.o
    0x08001bc2   0x00000002   PAD
    0x08001bc4   0x000000cc   Code   RO          723    i.HAL_UART_MspInit  usart.o
    0x08001c90   0x00000042   Code   RO         1822    i.HAL_UART_Receive_IT  stm32f4xx_hal_uart.o
    0x08001cd2   0x00000002   PAD
    0x08001cd4   0x00000088   Code   RO          724    i.HAL_UART_RxCpltCallback  usart.o
    0x08001d5c   0x00000002   Code   RO         1828    i.HAL_UART_TxCpltCallback  stm32f4xx_hal_uart.o
    0x08001d5e   0x00000004   Code   RO          280    i.HardFault_Handler  stm32f4xx_it.o
    0x08001d62   0x00000004   Code   RO          281    i.MemManage_Handler  stm32f4xx_it.o
    0x08001d66   0x00000002   Code   RO          282    i.NMI_Handler       stm32f4xx_it.o
    0x08001d68   0x00000014   Code   RO          600    i.SysTick_Handler   delay.o
    0x08001d7c   0x00000014   Code   RO          488    i.SystemInit        system_stm32f4xx.o
    0x08001d90   0x00000010   Code   RO         4105    i.TIM6_DAC_IRQHandler  btim.o
    0x08001da0   0x00000014   Code   RO         1830    i.UART_DMAAbortOnError  stm32f4xx_hal_uart.o
    0x08001db4   0x00000036   Code   RO         1840    i.UART_EndRxTransfer  stm32f4xx_hal_uart.o
    0x08001dea   0x00000020   Code   RO         1841    i.UART_EndTransmit_IT  stm32f4xx_hal_uart.o
    0x08001e0a   0x000000be   Code   RO         1843    i.UART_Receive_IT   stm32f4xx_hal_uart.o
    0x08001ec8   0x0000022c   Code   RO         1844    i.UART_SetConfig    stm32f4xx_hal_uart.o
    0x080020f4   0x00000046   Code   RO         1846    i.UART_Start_Receive_IT  stm32f4xx_hal_uart.o
    0x0800213a   0x00000060   Code   RO         1847    i.UART_Transmit_IT  stm32f4xx_hal_uart.o
    0x0800219a   0x00000002   PAD
    0x0800219c   0x00000050   Code   RO          725    i.USART1_IRQHandler  usart.o
    0x080021ec   0x00000004   Code   RO          283    i.UsageFault_Handler  stm32f4xx_it.o
    0x080021f0   0x00000010   Code   RO         1004    i.__NVIC_GetPriorityGrouping  stm32f4xx_hal_cortex.o
    0x08002200   0x00000028   Code   RO         1005    i.__NVIC_SetPriority  stm32f4xx_hal_cortex.o
    0x08002228   0x00000004   Code   RO          727    i._sys_exit         usart.o
    0x0800222c   0x00000038   Code   RO          601    i.delay_init        delay.o
    0x08002264   0x00000018   Code   RO          602    i.delay_ms          delay.o
    0x0800227c   0x00000048   Code   RO          603    i.delay_us          delay.o
    0x080022c4   0x0000001c   Code   RO          729    i.fputc             usart.o
    0x080022e0   0x00000130   Code   RO          524    i.freertos_demo     freertos_demo.o
    0x08002410   0x000000fc   Code   RO         4018    i.key_init          key.o
    0x0800250c   0x000000c4   Code   RO         4019    i.key_scan          key.o
    0x080025d0   0x00000034   Code   RO         3780    i.lcd_clear         lcd.o
    0x08002604   0x00000130   Code   RO         3782    i.lcd_display_dir   lcd.o
    0x08002734   0x00000020   Code   RO         3788    i.lcd_draw_point    lcd.o
    0x08002754   0x0000022c   Code   RO         3790    i.lcd_ex_ili9341_reginit  lcd.o
    0x08002980   0x00000ef2   Code   RO         3791    i.lcd_ex_nt35310_reginit  lcd.o
    0x08003872   0x00000efc   Code   RO         3792    i.lcd_ex_nt35510_reginit  lcd.o
    0x0800476e   0x0000016e   Code   RO         3793    i.lcd_ex_ssd1963_reginit  lcd.o
    0x080048dc   0x000001a8   Code   RO         3794    i.lcd_ex_st7789_reginit  lcd.o
    0x08004a84   0x00000424   Code   RO         3797    i.lcd_init          lcd.o
    0x08004ea8   0x00000016   Code   RO         3799    i.lcd_pow           lcd.o
    0x08004ebe   0x00000002   PAD
    0x08004ec0   0x00000014   Code   RO         3800    i.lcd_rd_data       lcd.o
    0x08004ed4   0x00000230   Code   RO         3802    i.lcd_scan_dir      lcd.o
    0x08005104   0x00000120   Code   RO         3803    i.lcd_set_cursor    lcd.o
    0x08005224   0x00000140   Code   RO         3805    i.lcd_show_char     lcd.o
    0x08005364   0x0000006a   Code   RO         3807    i.lcd_show_string   lcd.o
    0x080053ce   0x000000c6   Code   RO         3808    i.lcd_show_xnum     lcd.o
    0x08005494   0x00000060   Code   RO         3809    i.lcd_ssd_backlight_set  lcd.o
    0x080054f4   0x00000018   Code   RO         3810    i.lcd_wr_data       lcd.o
    0x0800550c   0x00000018   Code   RO         3811    i.lcd_wr_regno      lcd.o
    0x08005524   0x00000014   Code   RO         3812    i.lcd_write_ram_prepare  lcd.o
    0x08005538   0x00000014   Code   RO         3813    i.lcd_write_reg     lcd.o
    0x0800554c   0x00000098   Code   RO         3755    i.led_init          led.o
    0x080055e4   0x000001c0   Code   RO           13    i.main              main.o
    0x080057a4   0x00000030   Code   RO         4153    i.my_mem_init       malloc.o
    0x080057d4   0x00000040   Code   RO         4155    i.my_mem_perused    malloc.o
    0x08005814   0x00000014   Code   RO         4156    i.my_mem_set        malloc.o
    0x08005828   0x000000cc   Code   RO         4862    i.prvAddCurrentTaskToDelayedList  tasks.o
    0x080058f4   0x000000ec   Code   RO         4863    i.prvAddNewTaskToReadyList  tasks.o
    0x080059e0   0x00000064   Code   RO         5287    i.prvCheckForValidListAndQueue  timers.o
    0x08005a44   0x00000048   Code   RO         4864    i.prvCheckTasksWaitingTermination  tasks.o
    0x08005a8c   0x0000002a   Code   RO         4422    i.prvCopyDataFromQueue  queue.o
    0x08005ab6   0x0000007e   Code   RO         4423    i.prvCopyDataToQueue  queue.o
    0x08005b34   0x00000012   Code   RO         4865    i.prvDeleteTCB      tasks.o
    0x08005b46   0x00000002   PAD
    0x08005b48   0x00000028   Code   RO         5288    i.prvGetNextExpireTime  timers.o
    0x08005b70   0x0000007c   Code   RO         5464    i.prvHeapInit       heap_4.o
    0x08005bec   0x00000028   Code   RO         4866    i.prvIdleTask       tasks.o
    0x08005c14   0x0000002e   Code   RO         4426    i.prvInitialiseNewQueue  queue.o
    0x08005c42   0x00000002   PAD
    0x08005c44   0x00000104   Code   RO         4867    i.prvInitialiseNewTask  tasks.o
    0x08005d48   0x00000068   Code   RO         4868    i.prvInitialiseTaskLists  tasks.o
    0x08005db0   0x00000068   Code   RO         5465    i.prvInsertBlockIntoFreeList  heap_4.o
    0x08005e18   0x00000058   Code   RO         5290    i.prvInsertTimerInActiveList  timers.o
    0x08005e70   0x0000001a   Code   RO         4427    i.prvIsQueueEmpty   queue.o
    0x08005e8a   0x00000002   PAD
    0x08005e8c   0x000000c4   Code   RO         4429    i.prvNotifyQueueSetContainer  queue.o
    0x08005f50   0x00000044   Code   RO         5291    i.prvProcessExpiredTimer  timers.o
    0x08005f94   0x0000016c   Code   RO         5292    i.prvProcessReceivedCommands  timers.o
    0x08006100   0x00000074   Code   RO         5293    i.prvProcessTimerOrBlockTask  timers.o
    0x08006174   0x00000028   Code   RO         5294    i.prvReloadTimer    timers.o
    0x0800619c   0x00000030   Code   RO         4870    i.prvResetNextTaskUnblockTime  tasks.o
    0x080061cc   0x0000002c   Code   RO         5295    i.prvSampleTimeNow  timers.o
    0x080061f8   0x00000044   Code   RO         5296    i.prvSwitchTimerLists  timers.o
    0x0800623c   0x00000080   Code   RO         5532    i.prvTaskExitError  port.o
    0x080062bc   0x0000001a   Code   RO         5297    i.prvTimerTask      timers.o
    0x080062d6   0x00000090   Code   RO         4430    i.prvUnlockQueue    queue.o
    0x08006366   0x00000002   PAD
    0x08006368   0x00000194   Code   RO         5466    i.pvPortMalloc      heap_4.o
    0x080064fc   0x0000002c   Code   RO         5533    i.pxPortInitialiseStack  port.o
    0x08006528   0x000001f0   Code   RO         4049    i.sram_init         sram.o
    0x08006718   0x00000040   Code   RO          525    i.start_task        freertos_demo.o
    0x08006758   0x000000dc   Code   RO          656    i.sys_stm32_clock_init  sys.o
    0x08006834   0x0000009c   Code   RO          526    i.task1             freertos_demo.o
    0x080068d0   0x00000038   Code   RO          730    i.usart_init        usart.o
    0x08006908   0x00000028   Code   RO         4373    i.uxListRemove      list.o
    0x08006930   0x0000001a   Code   RO         4374    i.vListInitialise   list.o
    0x0800694a   0x00000006   Code   RO         4375    i.vListInitialiseItem  list.o
    0x08006950   0x00000034   Code   RO         4376    i.vListInsert       list.o
    0x08006984   0x00000018   Code   RO         4377    i.vListInsertEnd    list.o
    0x0800699c   0x00000098   Code   RO         5535    i.vPortEnterCritical  port.o
    0x08006a34   0x00000080   Code   RO         5536    i.vPortExitCritical  port.o
    0x08006ab4   0x000000d8   Code   RO         5467    i.vPortFree         heap_4.o
    0x08006b8c   0x00000028   Code   RO         5537    i.vPortSetupTimerInterrupt  port.o
    0x08006bb4   0x0000008c   Code   RO         4436    i.vQueueAddToRegistry  queue.o
    0x08006c40   0x0000004a   Code   RO         4440    i.vQueueWaitForMessageRestricted  queue.o
    0x08006c8a   0x00000002   PAD
    0x08006c8c   0x00000084   Code   RO         4885    i.vTaskDelay        tasks.o
    0x08006d10   0x00000124   Code   RO         4886    i.vTaskDelete       tasks.o
    0x08006e34   0x00000018   Code   RO         4890    i.vTaskInternalSetTimeOutState  tasks.o
    0x08006e4c   0x0000000c   Code   RO         4892    i.vTaskMissedYield  tasks.o
    0x08006e58   0x00000064   Code   RO         4893    i.vTaskPlaceOnEventList  tasks.o
    0x08006ebc   0x0000008c   Code   RO         4894    i.vTaskPlaceOnEventListRestricted  tasks.o
    0x08006f48   0x000000c4   Code   RO         4902    i.vTaskStartScheduler  tasks.o
    0x0800700c   0x00000010   Code   RO         4904    i.vTaskSuspendAll   tasks.o
    0x0800701c   0x000000b8   Code   RO         4905    i.vTaskSwitchContext  tasks.o
    0x080070d4   0x0000000c   Code   RO         5470    i.xPortGetFreeHeapSize  heap_4.o
    0x080070e0   0x000001ac   Code   RO         5539    i.xPortStartScheduler  port.o
    0x0800728c   0x00000034   Code   RO         5540    i.xPortSysTickHandler  port.o
    0x080072c0   0x00000090   Code   RO         4445    i.xQueueGenericCreate  queue.o
    0x08007350   0x000000fc   Code   RO         4446    i.xQueueGenericReset  queue.o
    0x0800744c   0x00000180   Code   RO         4455    i.xQueueReceive     queue.o
    0x080075cc   0x000000cc   Code   RO         4908    i.xTaskCheckForTimeOut  tasks.o
    0x08007698   0x00000060   Code   RO         4909    i.xTaskCreate       tasks.o
    0x080076f8   0x00000020   Code   RO         4918    i.xTaskGetSchedulerState  tasks.o
    0x08007718   0x0000000c   Code   RO         4919    i.xTaskGetTickCount  tasks.o
    0x08007724   0x000001e8   Code   RO         4921    i.xTaskIncrementTick  tasks.o
    0x0800790c   0x00000110   Code   RO         4922    i.xTaskPriorityDisinherit  tasks.o
    0x08007a1c   0x0000014c   Code   RO         4924    i.xTaskRemoveFromEventList  tasks.o
    0x08007b68   0x000001a0   Code   RO         4925    i.xTaskResumeAll    tasks.o
    0x08007d08   0x00000080   Code   RO         5305    i.xTimerCreateTimerTask  timers.o
    0x08007d88   0x0000005a   Code   RO         5700    x$fpl$dfixu         fz_wm.l(dfixu.o)
    0x08007de2   0x00000026   Code   RO         5704    x$fpl$dfltu         fz_wm.l(dflt_clz.o)
    0x08007e08   0x00000154   Code   RO         5710    x$fpl$dmul          fz_wm.l(dmul.o)
    0x08007f5c   0x0000009c   Code   RO         5734    x$fpl$dnaninf       fz_wm.l(dnaninf.o)
    0x08007ff8   0x0000000c   Code   RO         5736    x$fpl$dretinf       fz_wm.l(dretinf.o)
    0x08008004   0x0000000a   Code   RO         5845    x$fpl$fpinit        fz_wm.l(fpinit.o)
    0x0800800e   0x00000000   Code   RO         5738    x$fpl$usenofp       fz_wm.l(usenofp.o)
    0x0800800e   0x00000018   Data   RO          489    .constdata          system_stm32f4xx.o
    0x08008026   0x00002f80   Data   RO         3815    .constdata          lcd.o
    0x0800afa6   0x00000002   PAD
    0x0800afa8   0x00000024   Data   RO         4165    .constdata          malloc.o
    0x0800afcc   0x00000028   Data   RO         5647    .constdata          c_w.l(_printf_hex_ptr.o)
    0x0800aff4   0x00000020   Data   RO         5893    Region$$Table       anon$$obj.o


    Execution Region RW_IRAM1 (Base: 0x20000000, Size: 0x0001dbb0, Max: 0x00020000, ABSOLUTE)

    Base Addr    Size         Type   Attr      Idx    E Section Name        Object

    0x20000000   0x00000004   Data   RW          490    .data               system_stm32f4xx.o
    0x20000004   0x00000008   Data   RW          527    .data               freertos_demo.o
    0x2000000c   0x00000004   Data   RW          604    .data               delay.o
    0x20000010   0x00000007   Data   RW          732    .data               usart.o
    0x20000017   0x00000001   PAD
    0x20000018   0x00000009   Data   RW          827    .data               stm32f4xx_hal.o
    0x20000021   0x00000003   PAD
    0x20000024   0x00000008   Data   RW         3816    .data               lcd.o
    0x2000002c   0x00000001   Data   RW         4020    .data               key.o
    0x2000002d   0x00000003   PAD
    0x20000030   0x00000024   Data   RW         4166    .data               malloc.o
    0x20000054   0x00000040   Data   RW         4928    .data               tasks.o
    0x20000094   0x00000014   Data   RW         5314    .data               timers.o
    0x200000a8   0x00000020   Data   RW         5473    .data               heap_4.o
    0x200000c8   0x0000000c   Data   RW         5541    .data               port.o
    0x200000d4   0x0000010c   Zero   RW          731    .bss                usart.o
    0x200001e0   0x0000005e   Zero   RW         3814    .bss                lcd.o
    0x2000023e   0x00000002   PAD
    0x20000240   0x00000050   Zero   RW         4054    .bss                sram.o
    0x20000290   0x00000048   Zero   RW         4107    .bss                btim.o
    0x200002d8   0x00000028   PAD
    0x20000300   0x0001a900   Zero   RW         4164    .bss                malloc.o
    0x2001ac00   0x00000040   Zero   RW         4462    .bss                queue.o
    0x2001ac40   0x000002e4   Zero   RW         4927    .bss                tasks.o
    0x2001af24   0x00000028   Zero   RW         5313    .bss                timers.o
    0x2001af4c   0x00002800   Zero   RW         5472    .bss                heap_4.o
    0x2001d74c   0x00000060   Zero   RW         5777    .bss                c_w.l(libspace.o)
    0x2001d7ac   0x00000004   PAD
    0x2001d7b0   0x00000000   Zero   RW            2    HEAP                startup_stm32f407xx.o
    0x2001d7b0   0x00000400   Zero   RW            1    STACK               startup_stm32f407xx.o



  Load Region LR$$.ARM.__AT_0x10000000 (Base: 0x10000000, Size: 0x00000000, Max: 0x0000f000, ABSOLUTE)

    Execution Region ER$$.ARM.__AT_0x10000000 (Base: 0x10000000, Size: 0x0000f000, Max: 0x0000f000, ABSOLUTE, UNINIT)

    Base Addr    Size         Type   Attr      Idx    E Section Name        Object

    0x10000000   0x0000f000   Zero   RW         4160    .ARM.__AT_0x10000000  malloc.o



  Load Region LR$$.ARM.__AT_0x1000F000 (Base: 0x1000f000, Size: 0x00000000, Max: 0x00000f00, ABSOLUTE)

    Execution Region ER$$.ARM.__AT_0x1000F000 (Base: 0x1000f000, Size: 0x00000f00, Max: 0x00000f00, ABSOLUTE, UNINIT)

    Base Addr    Size         Type   Attr      Idx    E Section Name        Object

    0x1000f000   0x00000f00   Zero   RW         4161    .ARM.__AT_0x1000F000  malloc.o



  Load Region LR$$.ARM.__AT_0x68000000 (Base: 0x68000000, Size: 0x00000000, Max: 0x000f0c00, ABSOLUTE)

    Execution Region ER$$.ARM.__AT_0x68000000 (Base: 0x68000000, Size: 0x000f0c00, Max: 0x000f0c00, ABSOLUTE, UNINIT)

    Base Addr    Size         Type   Attr      Idx    E Section Name        Object

    0x68000000   0x000f0c00   Zero   RW         4162    .ARM.__AT_0x68000000  malloc.o



  Load Region LR$$.ARM.__AT_0x680F0C00 (Base: 0x680f0c00, Size: 0x00000000, Max: 0x0000f0c0, ABSOLUTE)

    Execution Region ER$$.ARM.__AT_0x680F0C00 (Base: 0x680f0c00, Size: 0x0000f0c0, Max: 0x0000f0c0, ABSOLUTE, UNINIT)

    Base Addr    Size         Type   Attr      Idx    E Section Name        Object

    0x680f0c00   0x0000f0c0   Zero   RW         4163    .ARM.__AT_0x680F0C00  malloc.o


==============================================================================

Image component sizes


      Code (inc. data)   RO Data    RW Data    ZI Data      Debug   Object Name

        52         16          0          0         72       1679   btim.o
       172          8          0          4          0       2573   delay.o
         0          0          0          0          0      12160   event_groups.o
       524        150          0          8          0      19363   freertos_demo.o
       860        224          0         32      10240       4818   heap_4.o
       448         24          0          1          0       1818   key.o
     12318        162      12160          8         94      23786   lcd.o
       152         10          0          0          0        959   led.o
       148          0          0          0          0       3474   list.o
       448        146          0          0          0     703187   main.o
       132         18         36         36    1221824       3639   malloc.o
      1162        382          0         12          0      10532   port.o
      1574        278          0          0         64      12839   queue.o
       496         28          0          0         80       1625   sram.o
        76         28        392          0       1024        996   startup_stm32f407xx.o
       174         34          0          9          0       9918   stm32f4xx_hal.o
       344         22          0          0          0      35153   stm32f4xx_hal_cortex.o
       210          0          0          0          0       1979   stm32f4xx_hal_dma.o
       564         46          0          0          0       3484   stm32f4xx_hal_gpio.o
      1820         84          0          0          0       5696   stm32f4xx_hal_rcc.o
        88          0          0          0          0       1204   stm32f4xx_hal_sram.o
       414          0          0          0          0       3738   stm32f4xx_hal_tim.o
         4          0          0          0          0       1621   stm32f4xx_hal_tim_ex.o
      1816         16          0          0          0      10544   stm32f4xx_hal_uart.o
        20          0          0          0          0       2861   stm32f4xx_it.o
       232         10          0          0          0       2747   stm32f4xx_ll_fsmc.o
       220         12          0          0          0       1323   sys.o
        20          6         24          4          0       1387   system_stm32f4xx.o
      3930       1024          0         64        740      34070   tasks.o
      1082        214          0         20         40      13640   timers.o
       508         62          0          7        268       5725   usart.o

    ----------------------------------------------------------------------
     30036       3004      12646        212    1234488     938538   Object Totals
         0          0         32          0          0          0   (incl. Generated)
        28          0          2          7         42          0   (incl. Padding)

    ----------------------------------------------------------------------

      Code (inc. data)   RO Data    RW Data    ZI Data      Debug   Library Member Name

         8          0          0          0          0         68   __main.o
       104          0          0          0          0         84   __printf.o
         0          0          0          0          0          0   __rtentry.o
        12          0          0          0          0          0   __rtentry2.o
         6          0          0          0          0          0   __rtentry4.o
        52          8          0          0          0          0   __scatter.o
        26          0          0          0          0          0   __scatter_copy.o
        28          0          0          0          0          0   __scatter_zi.o
        44          0          0          0          0        108   _printf_char.o
        48          6          0          0          0         96   _printf_char_common.o
        36          4          0          0          0         80   _printf_char_file.o
         6          0          0          0          0          0   _printf_d.o
       120         16          0          0          0         92   _printf_dec.o
        84          6         40          0          0         88   _printf_hex_ptr.o
       178          0          0          0          0         88   _printf_intcommon.o
         6          0          0          0          0          0   _printf_p.o
         0          0          0          0          0          0   _printf_percent.o
         4          0          0          0          0          0   _printf_percent_end.o
         6          0          0          0          0          0   _printf_s.o
        82          0          0          0          0         80   _printf_str.o
        10          0          0          0          0         68   _sputc.o
        16          0          0          0          0         68   aeabi_memset.o
        12          0          0          0          0         72   exit.o
         8          0          0          0          0         68   ferror.o
         6          0          0          0          0        152   heapauxi.o
         2          0          0          0          0          0   libinit.o
         6          0          0          0          0          0   libinit2.o
         2          0          0          0          0          0   libshutdown.o
         2          0          0          0          0          0   libshutdown2.o
         8          4          0          0         96         68   libspace.o
       238          0          0          0          0        100   lludivv7m.o
        24          4          0          0          0         84   noretval__2printf.o
        40          6          0          0          0         84   noretval__2sprintf.o
        68          0          0          0          0         68   rt_memclr.o
        78          0          0          0          0         80   rt_memclr_w.o
       138          0          0          0          0         68   rt_memcpy_v6.o
       100          0          0          0          0         80   rt_memcpy_w.o
         2          0          0          0          0          0   rtexit.o
        10          0          0          0          0          0   rtexit2.o
        74          0          0          0          0         80   sys_stackheap_outer.o
         2          0          0          0          0         68   use_no_semi.o
         2          0          0          0          0         68   use_no_semi_2.o
        90          4          0          0          0        140   dfixu.o
        38          0          0          0          0        116   dflt_clz.o
       340         12          0          0          0        152   dmul.o
       156          4          0          0          0        140   dnaninf.o
        12          0          0          0          0        116   dretinf.o
        10          0          0          0          0        116   fpinit.o
         0          0          0          0          0          0   usenofp.o

    ----------------------------------------------------------------------
      2354         74         40          0        100       2840   Library Totals
        10          0          0          0          4          0   (incl. Padding)

    ----------------------------------------------------------------------

      Code (inc. data)   RO Data    RW Data    ZI Data      Debug   Library Name

      1698         54         40          0         96       2060   c_w.l
       646         20          0          0          0        780   fz_wm.l

    ----------------------------------------------------------------------
      2354         74         40          0        100       2840   Library Totals

    ----------------------------------------------------------------------

==============================================================================


      Code (inc. data)   RO Data    RW Data    ZI Data      Debug   

     32390       3078      12686        212    1234588     923686   Grand Totals
     32390       3078      12686        212    1234588     923686   ELF Image Totals
     32390       3078      12686        212          0          0   ROM Totals

==============================================================================

    Total RO  Size (Code + RO Data)                45076 (  44.02kB)
    Total RW  Size (RW Data + ZI Data)           1234800 (1205.86kB)
    Total ROM Size (Code + RO Data + RW Data)      45288 (  44.23kB)

==============================================================================

