Component: ARM Compiler 5.05 update 1 (build 106) Tool: armlink [4d0efa]

==============================================================================

Section Cross References

    startup_stm32h723xx.o(STACK) refers (Special) to heapauxi.o(.text) for __use_two_region_memory
    startup_stm32h723xx.o(HEAP) refers (Special) to heapauxi.o(.text) for __use_two_region_memory
    startup_stm32h723xx.o(RESET) refers (Special) to heapauxi.o(.text) for __use_two_region_memory
    startup_stm32h723xx.o(RESET) refers to startup_stm32h723xx.o(STACK) for __initial_sp
    startup_stm32h723xx.o(RESET) refers to startup_stm32h723xx.o(.text) for Reset_Handler
    startup_stm32h723xx.o(RESET) refers to stm32h7xx_it.o(i.NMI_Handler) for NMI_Handler
    startup_stm32h723xx.o(RESET) refers to stm32h7xx_it.o(i.HardFault_Handler) for HardFault_Handler
    startup_stm32h723xx.o(RESET) refers to stm32h7xx_it.o(i.MemManage_Handler) for MemManage_Handler
    startup_stm32h723xx.o(RESET) refers to stm32h7xx_it.o(i.BusFault_Handler) for BusFault_Handler
    startup_stm32h723xx.o(RESET) refers to stm32h7xx_it.o(i.UsageFault_Handler) for UsageFault_Handler
    startup_stm32h723xx.o(RESET) refers to port.o(.emb_text) for SVC_Handler
    startup_stm32h723xx.o(RESET) refers to stm32h7xx_it.o(i.DebugMon_Handler) for DebugMon_Handler
    startup_stm32h723xx.o(RESET) refers to stm32h7xx_it.o(i.SysTick_Handler) for SysTick_Handler
    startup_stm32h723xx.o(RESET) refers to stm32h7xx_it.o(i.RCC_IRQHandler) for RCC_IRQHandler
    startup_stm32h723xx.o(.text) refers (Special) to heapauxi.o(.text) for __use_two_region_memory
    startup_stm32h723xx.o(.text) refers to system_stm32h7xx.o(i.SystemInit) for SystemInit
    startup_stm32h723xx.o(.text) refers to __main.o(!!!main) for __main
    startup_stm32h723xx.o(.text) refers to startup_stm32h723xx.o(HEAP) for Heap_Mem
    startup_stm32h723xx.o(.text) refers to startup_stm32h723xx.o(STACK) for Stack_Mem
    armlib_lock_glue.o(i.__armlib_thread_safety_init) refers to armlib_lock_glue.o(i.stm32_lock_acquire) for stm32_lock_acquire
    armlib_lock_glue.o(i.__armlib_thread_safety_init) refers to armlib_lock_glue.o(i.stm32_lock_release) for stm32_lock_release
    armlib_lock_glue.o(i.__armlib_thread_safety_init) refers to armlib_lock_glue.o(.data) for .data
    armlib_lock_glue.o(i.__armlib_thread_safety_init) refers to armlib_lock_glue.o(.bss) for .bss
    armlib_lock_glue.o(i._mutex_acquire) refers to armlib_lock_glue.o(i.stm32_lock_acquire) for stm32_lock_acquire
    armlib_lock_glue.o(i._mutex_acquire) refers to main.o(i.Error_Handler) for Error_Handler
    armlib_lock_glue.o(i._mutex_acquire) refers to armlib_lock_glue.o(i.stm32_lock_release) for stm32_lock_release
    armlib_lock_glue.o(i._mutex_acquire) refers to armlib_lock_glue.o(.data) for .data
    armlib_lock_glue.o(i._mutex_free) refers to armlib_lock_glue.o(i.stm32_lock_acquire) for stm32_lock_acquire
    armlib_lock_glue.o(i._mutex_free) refers to main.o(i.Error_Handler) for Error_Handler
    armlib_lock_glue.o(i._mutex_free) refers to armlib_lock_glue.o(i.stm32_lock_release) for stm32_lock_release
    armlib_lock_glue.o(i._mutex_free) refers to armlib_lock_glue.o(.data) for .data
    armlib_lock_glue.o(i._mutex_initialize) refers to armlib_lock_glue.o(i.stm32_lock_acquire) for stm32_lock_acquire
    armlib_lock_glue.o(i._mutex_initialize) refers to armlib_lock_glue.o(i.stm32_lock_release) for stm32_lock_release
    armlib_lock_glue.o(i._mutex_initialize) refers to main.o(i.Error_Handler) for Error_Handler
    armlib_lock_glue.o(i._mutex_initialize) refers to armlib_lock_glue.o(.data) for .data
    armlib_lock_glue.o(i._mutex_initialize) refers to armlib_lock_glue.o(.bss) for .bss
    armlib_lock_glue.o(i._mutex_release) refers to armlib_lock_glue.o(i.stm32_lock_acquire) for stm32_lock_acquire
    armlib_lock_glue.o(i._mutex_release) refers to main.o(i.Error_Handler) for Error_Handler
    armlib_lock_glue.o(i._mutex_release) refers to armlib_lock_glue.o(i.stm32_lock_release) for stm32_lock_release
    armlib_lock_glue.o(i._mutex_release) refers to armlib_lock_glue.o(.data) for .data
    armlib_lock_glue.o(i.stm32_lock_acquire) refers to main.o(i.Error_Handler) for Error_Handler
    armlib_lock_glue.o(i.stm32_lock_acquire) refers to tasks.o(i.vTaskSuspendAll) for vTaskSuspendAll
    armlib_lock_glue.o(i.stm32_lock_release) refers to main.o(i.Error_Handler) for Error_Handler
    armlib_lock_glue.o(i.stm32_lock_release) refers to tasks.o(i.xTaskResumeAll) for xTaskResumeAll
    armlib_lock_glue.o(.init_array) refers to armlib_lock_glue.o(i.__armlib_thread_safety_init) for __armlib_thread_safety_init
    armlib_lock_glue.o(.init_array) refers to init_aeabi.o(.text) for __cpp_initialize__aeabi_
    main.o(i.SystemClock_Config) refers to rt_memclr_w.o(.text) for __aeabi_memclr4
    main.o(i.SystemClock_Config) refers to stm32h7xx_hal_pwr_ex.o(i.HAL_PWREx_ConfigSupply) for HAL_PWREx_ConfigSupply
[...]
    ../clib/signal.c                         0x00000000   Number         0  defsig_general.o ABSOLUTE
    ../clib/signal.c                         0x00000000   Number         0  defsig_rtmem_formal.o ABSOLUTE
    ../clib/signal.c                         0x00000000   Number         0  defsig_rtmem_outer.o ABSOLUTE
    ../clib/signal.c                         0x00000000   Number         0  defsig_fpe_inner.o ABSOLUTE
    ../clib/signal.c                         0x00000000   Number         0  defsig_other.o ABSOLUTE
    ../clib/signal.c                         0x00000000   Number         0  defsig_segv_inner.o ABSOLUTE
    ../clib/signal.s                         0x00000000   Number         0  defsig.o ABSOLUTE
    ../clib/stdlib.c                         0x00000000   Number         0  exit.o ABSOLUTE
    ../fplib/fpinit.s                        0x00000000   Number         0  fpinit.o ABSOLUTE
    ..\Core\Src\freertos.c                   0x00000000   Number         0  freertos.o ABSOLUTE
    ..\Core\Src\gpio.c                       0x00000000   Number         0  gpio.o ABSOLUTE
    ..\Core\Src\main.c                       0x00000000   Number         0  main.o ABSOLUTE
    ..\Core\Src\stm32h7xx_hal_msp.c          0x00000000   Number         0  stm32h7xx_hal_msp.o ABSOLUTE
    ..\Core\Src\stm32h7xx_it.c               0x00000000   Number         0  stm32h7xx_it.o ABSOLUTE
    ..\Core\Src\system_stm32h7xx.c           0x00000000   Number         0  system_stm32h7xx.o ABSOLUTE
    ..\Drivers\STM32H7xx_HAL_Driver\Src\stm32h7xx_hal.c 0x00000000   Number         0  stm32h7xx_hal.o ABSOLUTE
    ..\Drivers\STM32H7xx_HAL_Driver\Src\stm32h7xx_hal_cortex.c 0x00000000   Number         0  stm32h7xx_hal_cortex.o ABSOLUTE
    ..\Drivers\STM32H7xx_HAL_Driver\Src\stm32h7xx_hal_dma.c 0x00000000   Number         0  stm32h7xx_hal_dma.o ABSOLUTE
    ..\Drivers\STM32H7xx_HAL_Driver\Src\stm32h7xx_hal_dma_ex.c 0x00000000   Number         0  stm32h7xx_hal_dma_ex.o ABSOLUTE
    ..\Drivers\STM32H7xx_HAL_Driver\Src\stm32h7xx_hal_exti.c 0x00000000   Number         0  stm32h7xx_hal_exti.o ABSOLUTE
    ..\Drivers\STM32H7xx_HAL_Driver\Src\stm32h7xx_hal_flash.c 0x00000000   Number         0  stm32h7xx_hal_flash.o ABSOLUTE
    ..\Drivers\STM32H7xx_HAL_Driver\Src\stm32h7xx_hal_flash_ex.c 0x00000000   Number         0  stm32h7xx_hal_flash_ex.o ABSOLUTE
    ..\Drivers\STM32H7xx_HAL_Driver\Src\stm32h7xx_hal_gpio.c 0x00000000   Number         0  stm32h7xx_hal_gpio.o ABSOLUTE
    ..\Drivers\STM32H7xx_HAL_Driver\Src\stm32h7xx_hal_hsem.c 0x00000000   Number         0  stm32h7xx_hal_hsem.o ABSOLUTE
    ..\Drivers\STM32H7xx_HAL_Driver\Src\stm32h7xx_hal_i2c.c 0x00000000   Number         0  stm32h7xx_hal_i2c.o ABSOLUTE
    ..\Drivers\STM32H7xx_HAL_Driver\Src\stm32h7xx_hal_i2c_ex.c 0x00000000   Number         0  stm32h7xx_hal_i2c_ex.o ABSOLUTE
    ..\Drivers\STM32H7xx_HAL_Driver\Src\stm32h7xx_hal_mdma.c 0x00000000   Number         0  stm32h7xx_hal_mdma.o ABSOLUTE
    ..\Drivers\STM32H7xx_HAL_Driver\Src\stm32h7xx_hal_pwr.c 0x00000000   Number         0  stm32h7xx_hal_pwr.o ABSOLUTE
    ..\Drivers\STM32H7xx_HAL_Driver\Src\stm32h7xx_hal_pwr_ex.c 0x00000000   Number         0  stm32h7xx_hal_pwr_ex.o ABSOLUTE
    ..\Drivers\STM32H7xx_HAL_Driver\Src\stm32h7xx_hal_rcc.c 0x00000000   Number         0  stm32h7xx_hal_rcc.o ABSOLUTE
    ..\Drivers\STM32H7xx_HAL_Driver\Src\stm32h7xx_hal_rcc_ex.c 0x00000000   Number         0  stm32h7xx_hal_rcc_ex.o ABSOLUTE
    ..\Drivers\STM32H7xx_HAL_Driver\Src\stm32h7xx_hal_tim.c 0x00000000   Number         0  stm32h7xx_hal_tim.o ABSOLUTE
    ..\Drivers\STM32H7xx_HAL_Driver\Src\stm32h7xx_hal_tim_ex.c 0x00000000   Number         0  stm32h7xx_hal_tim_ex.o ABSOLUTE
    ..\Middlewares\Third_Party\FreeRTOS\Source\CMSIS_RTOS_V2\cmsis_os2.c 0x00000000   Number         0  cmsis_os2.o ABSOLUTE
    ..\Middlewares\Third_Party\FreeRTOS\Source\portable\RVDS\ARM_CM4F\port.c 0x00000000   Number         0  port.o ABSOLUTE
    armlib_lock_glue.c                       0x00000000   Number         0  armlib_lock_glue.o ABSOLUTE
    armlib_lock_glue.c                       0x00000000   Number         0  armlib_lock_glue.o ABSOLUTE
    dc.s                                     0x00000000   Number         0  dc.o ABSOLUTE
    startup_stm32h723xx.s                    0x00000000   Number         0  startup_stm32h723xx.o ABSOLUTE
    RESET                                    0x08000000   Section      716  startup_stm32h723xx.o(RESET)
    !!!main                                  0x080002cc   Section        8  __main.o(!!!main)
    !!!scatter                               0x080002d4   Section       52  __scatter.o(!!!scatter)
    !!handler_copy                           0x08000308   Section       26  __scatter_copy.o(!!handler_copy)
    !!handler_zi                             0x08000324   Section       28  __scatter_zi.o(!!handler_zi)
    .ARM.Collect$$libinit$$00000000          0x08000340   Section        2  libinit.o(.ARM.Collect$$libinit$$00000000)
    .ARM.Collect$$libinit$$00000001          0x08000342   Section        4  libinit2.o(.ARM.Collect$$libinit$$00000001)
    .ARM.Collect$$libinit$$00000004          0x08000346   Section        0  libinit2.o(.ARM.Collect$$libinit$$00000004)
    .ARM.Collect$$libinit$$0000000A          0x08000346   Section        0  libinit2.o(.ARM.Collect$$libinit$$0000000A)
    .ARM.Collect$$libinit$$0000000C          0x08000346   Section        0  libinit2.o(.ARM.Collect$$libinit$$0000000C)
    .ARM.Collect$$libinit$$0000000E          0x08000346   Section        0  libinit2.o(.ARM.Collect$$libinit$$0000000E)
    .ARM.Collect$$libinit$$00000011          0x08000346   Section        0  libinit2.o(.ARM.Collect$$libinit$$00000011)
    .ARM.Collect$$libinit$$00000013          0x08000346   Section        0  libinit2.o(.ARM.Collect$$libinit$$00000013)
    .ARM.Collect$$libinit$$00000015          0x08000346   Section        0  libinit2.o(.ARM.Collect$$libinit$$00000015)
    .ARM.Collect$$libinit$$00000017          0x08000346   Section        0  libinit2.o(.ARM.Collect$$libinit$$00000017)
    .ARM.Collect$$libinit$$00000019          0x08000346   Section        0  libinit2.o(.ARM.Collect$$libinit$$00000019)
    .ARM.Collect$$libinit$$0000001B          0x08000346   Section        0  libinit2.o(.ARM.Collect$$libinit$$0000001B)
    .ARM.Collect$$libinit$$0000001D          0x08000346   Section        0  libinit2.o(.ARM.Collect$$libinit$$0000001D)
    .ARM.Collect$$libinit$$0000001F          0x08000346   Section        0  libinit2.o(.ARM.Collect$$libinit$$0000001F)
    .ARM.Collect$$libinit$$00000021          0x08000346   Section        0  libinit2.o(.ARM.Collect$$libinit$$00000021)
    .ARM.Collect$$libinit$$00000023          0x08000346   Section        0  libinit2.o(.ARM.Collect$$libinit$$00000023)
    .ARM.Collect$$libinit$$00000025          0x08000346   Section        0  libinit2.o(.ARM.Collect$$libinit$$00000025)
    .ARM.Collect$$libinit$$0000002C          0x08000346   Section        0  libinit2.o(.ARM.Collect$$libinit$$0000002C)
    .ARM.Collect$$libinit$$0000002E          0x08000346   Section        0  libinit2.o(.ARM.Collect$$libinit$$0000002E)
    .ARM.Collect$$libinit$$00000030          0x08000346   Section        0  libinit2.o(.ARM.Collect$$libinit$$00000030)
    .ARM.Collect$$libinit$$00000031          0x08000346   Section        4  libinit2.o(.ARM.Collect$$libinit$$00000031)
    .ARM.Collect$$libinit$$00000032          0x0800034a   Section        0  libinit2.o(.ARM.Collect$$libinit$$00000032)
    .ARM.Collect$$libinit$$00000033          0x0800034a   Section        2  libinit2.o(.ARM.Collect$$libinit$$00000033)
    .ARM.Collect$$libshutdown$$00000000      0x0800034c   Section        2  libshutdown.o(.ARM.Collect$$libshutdown$$00000000)
    .ARM.Collect$$libshutdown$$00000003      0x0800034e   Section        0  libshutdown2.o(.ARM.Collect$$libshutdown$$00000003)
    .ARM.Collect$$libshutdown$$00000006      0x0800034e   Section        0  libshutdown2.o(.ARM.Collect$$libshutdown$$00000006)
    .ARM.Collect$$libshutdown$$00000009      0x0800034e   Section        0  libshutdown2.o(.ARM.Collect$$libshutdown$$00000009)
    .ARM.Collect$$libshutdown$$0000000B      0x0800034e   Section        0  libshutdown2.o(.ARM.Collect$$libshutdown$$0000000B)
    .ARM.Collect$$libshutdown$$0000000E      0x0800034e   Section        0  libshutdown2.o(.ARM.Collect$$libshutdown$$0000000E)
    .ARM.Collect$$libshutdown$$0000000F      0x0800034e   Section        2  libshutdown2.o(.ARM.Collect$$libshutdown$$0000000F)
    .ARM.Collect$$rtentry$$00000000          0x08000350   Section        0  __rtentry.o(.ARM.Collect$$rtentry$$00000000)
    .ARM.Collect$$rtentry$$00000002          0x08000350   Section        0  __rtentry2.o(.ARM.Collect$$rtentry$$00000002)
    .ARM.Collect$$rtentry$$00000004          0x08000350   Section        6  __rtentry4.o(.ARM.Collect$$rtentry$$00000004)
    .ARM.Collect$$rtentry$$00000009          0x08000356   Section        0  __rtentry2.o(.ARM.Collect$$rtentry$$00000009)
    .ARM.Collect$$rtentry$$0000000A          0x08000356   Section        4  __rtentry2.o(.ARM.Collect$$rtentry$$0000000A)
    .ARM.Collect$$rtentry$$0000000C          0x0800035a   Section        0  __rtentry2.o(.ARM.Collect$$rtentry$$0000000C)
    .ARM.Collect$$rtentry$$0000000D          0x0800035a   Section        8  __rtentry2.o(.ARM.Collect$$rtentry$$0000000D)
    .ARM.Collect$$rtexit$$00000000           0x08000362   Section        2  rtexit.o(.ARM.Collect$$rtexit$$00000000)
    .ARM.Collect$$rtexit$$00000002           0x08000364   Section        0  rtexit2.o(.ARM.Collect$$rtexit$$00000002)
    .ARM.Collect$$rtexit$$00000003           0x08000364   Section        4  rtexit2.o(.ARM.Collect$$rtexit$$00000003)
    .ARM.Collect$$rtexit$$00000004           0x08000368   Section        6  rtexit2.o(.ARM.Collect$$rtexit$$00000004)
    .emb_text                                0x08000370   Section      190  port.o(.emb_text)
    $v0                                      0x08000370   Number         0  port.o(.emb_text)
    .text                                    0x08000430   Section       64  startup_stm32h723xx.o(.text)
    $v0                                      0x08000430   Number         0  startup_stm32h723xx.o(.text)
    .text                                    0x08000470   Section      138  rt_memcpy_v6.o(.text)
    .text                                    0x080004fa   Section       16  aeabi_memset.o(.text)
    .text                                    0x0800050a   Section       78  rt_memclr_w.o(.text)
    .text                                    0x08000558   Section        0  heapauxi.o(.text)
    .text                                    0x08000560   Section        0  init_aeabi.o(.text)
    .text                                    0x08000584   Section      100  rt_memcpy_w.o(.text)
    .text                                    0x080005e8   Section       68  rt_memclr.o(.text)
    .text                                    0x0800062c   Section       74  sys_stackheap_outer.o(.text)
    .text                                    0x08000676   Section        0  exit.o(.text)
    .text                                    0x08000684   Section        8  libspace.o(.text)
    .text                                    0x0800068c   Section        2  use_no_semi.o(.text)
    .text                                    0x0800068e   Section        0  indicate_semi.o(.text)
    .text                                    0x08000690   Section        0  sys_exit.o(.text)
    i.BusFault_Handler                       0x0800069c   Section        0  stm32h7xx_it.o(i.BusFault_Handler)
    i.DebugMon_Handler                       0x0800069e   Section        0  stm32h7xx_it.o(i.DebugMon_Handler)
    i.Error_Handler                          0x080006a0   Section        0  main.o(i.Error_Handler)
    i.HAL_GetTick                            0x080006a4   Section        0  stm32h7xx_hal.o(i.HAL_GetTick)
    i.HAL_IncTick                            0x080006b0   Section        0  stm32h7xx_hal.o(i.HAL_IncTick)
    i.HAL_Init                               0x080006c0   Section        0  stm32h7xx_hal.o(i.HAL_Init)
    i.HAL_InitTick                           0x0800071c   Section        0  stm32h7xx_hal.o(i.HAL_InitTick)
    i.HAL_MspInit                            0x0800075c   Section        0  stm32h7xx_hal_msp.o(i.HAL_MspInit)
    i.HAL_NVIC_EnableIRQ                     0x08000794   Section        0  stm32h7xx_hal_cortex.o(i.HAL_NVIC_EnableIRQ)
    i.HAL_NVIC_SetPriority                   0x080007b0   Section        0  stm32h7xx_hal_cortex.o(i.HAL_NVIC_SetPriority)
    i.HAL_NVIC_SetPriorityGrouping           0x080007f0   Section        0  stm32h7xx_hal_cortex.o(i.HAL_NVIC_SetPriorityGrouping)
    i.HAL_PWREx_ConfigSupply                 0x08000814   Section        0  stm32h7xx_hal_pwr_ex.o(i.HAL_PWREx_ConfigSupply)
    i.HAL_RCC_ClockConfig                    0x08000868   Section        0  stm32h7xx_hal_rcc.o(i.HAL_RCC_ClockConfig)
    i.HAL_RCC_GetSysClockFreq                0x08000ac4   Section        0  stm32h7xx_hal_rcc.o(i.HAL_RCC_GetSysClockFreq)
    i.HAL_RCC_OscConfig                      0x08000bfc   Section        0  stm32h7xx_hal_rcc.o(i.HAL_RCC_OscConfig)
    i.HAL_SYSTICK_Config                     0x080010ce   Section        0  stm32h7xx_hal_cortex.o(i.HAL_SYSTICK_Config)
    i.HardFault_Handler                      0x080010f4   Section        0  stm32h7xx_it.o(i.HardFault_Handler)
    i.MX_FREERTOS_Init                       0x080010f8   Section        0  freertos.o(i.MX_FREERTOS_Init)
    i.MX_GPIO_Init                           0x08001118   Section        0  gpio.o(i.MX_GPIO_Init)
    i.MemManage_Handler                      0x08001134   Section        0  stm32h7xx_it.o(i.MemManage_Handler)
    i.NMI_Handler                            0x08001136   Section        0  stm32h7xx_it.o(i.NMI_Handler)
    i.RCC_IRQHandler                         0x08001138   Section        0  stm32h7xx_it.o(i.RCC_IRQHandler)
    i.StartDefaultTask                       0x0800113a   Section        0  freertos.o(i.StartDefaultTask)
    i.SysTick_Handler                        0x08001142   Section        0  stm32h7xx_it.o(i.SysTick_Handler)
    i.SystemClock_Config                     0x0800115c   Section        0  main.o(i.SystemClock_Config)
    i.SystemInit                             0x080011f4   Section        0  system_stm32h7xx.o(i.SystemInit)
    i.UsageFault_Handler                     0x080012b4   Section        0  stm32h7xx_it.o(i.UsageFault_Handler)
    i.__NVIC_SetPriority                     0x080012b6   Section        0  stm32h7xx_hal_cortex.o(i.__NVIC_SetPriority)
    __NVIC_SetPriority                       0x080012b7   Thumb Code    34  stm32h7xx_hal_cortex.o(i.__NVIC_SetPriority)
    i.__armlib_thread_safety_init            0x080012d8   Section        0  armlib_lock_glue.o(i.__armlib_thread_safety_init)
    i._mutex_acquire                         0x08001304   Section        0  armlib_lock_glue.o(i._mutex_acquire)
    __tagsym$$used                           0x08001305   Number         0  armlib_lock_glue.o(i._mutex_acquire)
    i._mutex_free                            0x08001334   Section        0  armlib_lock_glue.o(i._mutex_free)
    __tagsym$$used                           0x08001335   Number         0  armlib_lock_glue.o(i._mutex_free)
    i._mutex_initialize                      0x08001360   Section        0  armlib_lock_glue.o(i._mutex_initialize)
    __tagsym$$used                           0x08001361   Number         0  armlib_lock_glue.o(i._mutex_initialize)
    i._mutex_release                         0x080013b0   Section        0  armlib_lock_glue.o(i._mutex_release)
    __tagsym$$used                           0x080013b1   Number         0  armlib_lock_glue.o(i._mutex_release)
    i.main                                   0x080013e0   Section        0  main.o(i.main)
    i.osDelay                                0x080013fa   Section        0  cmsis_os2.o(i.osDelay)
    i.osKernelInitialize                     0x08001418   Section        0  cmsis_os2.o(i.osKernelInitialize)
    i.osKernelStart                          0x0800143c   Section        0  cmsis_os2.o(i.osKernelStart)
    i.osThreadNew                            0x08001474   Section        0  cmsis_os2.o(i.osThreadNew)
    i.prvAddCurrentTaskToDelayedList         0x08001504   Section        0  tasks.o(i.prvAddCurrentTaskToDelayedList)
    prvAddCurrentTaskToDelayedList           0x08001505   Thumb Code    84  tasks.o(i.prvAddCurrentTaskToDelayedList)
    i.prvAddNewTaskToReadyList               0x08001560   Section        0  tasks.o(i.prvAddNewTaskToReadyList)
    prvAddNewTaskToReadyList                 0x08001561   Thumb Code   190  tasks.o(i.prvAddNewTaskToReadyList)
    i.prvCheckForValidListAndQueue           0x08001630   Section        0  timers.o(i.prvCheckForValidListAndQueue)
    prvCheckForValidListAndQueue             0x08001631   Thumb Code    72  timers.o(i.prvCheckForValidListAndQueue)
    i.prvCopyDataFromQueue                   0x08001688   Section        0  queue.o(i.prvCopyDataFromQueue)
    prvCopyDataFromQueue                     0x08001689   Thumb Code    38  queue.o(i.prvCopyDataFromQueue)
    i.prvCopyDataToQueue                     0x080016ae   Section        0  queue.o(i.prvCopyDataToQueue)
    prvCopyDataToQueue                       0x080016af   Thumb Code   108  queue.o(i.prvCopyDataToQueue)
    i.prvDeleteTCB                           0x0800171a   Section        0  tasks.o(i.prvDeleteTCB)
    prvDeleteTCB                             0x0800171b   Thumb Code    52  tasks.o(i.prvDeleteTCB)
    i.prvHeapInit                            0x08001750   Section        0  heap_4.o(i.prvHeapInit)
    prvHeapInit                              0x08001751   Thumb Code    70  heap_4.o(i.prvHeapInit)
    i.prvIdleTask                            0x080017a0   Section        0  tasks.o(i.prvIdleTask)
    prvIdleTask                              0x080017a1   Thumb Code    82  tasks.o(i.prvIdleTask)
    i.prvInitialiseNewQueue                  0x08001800   Section        0  queue.o(i.prvInitialiseNewQueue)
    prvInitialiseNewQueue                    0x08001801   Thumb Code    34  queue.o(i.prvInitialiseNewQueue)
    i.prvInitialiseNewTask                   0x08001822   Section        0  tasks.o(i.prvInitialiseNewTask)
    prvInitialiseNewTask                     0x08001823   Thumb Code   176  tasks.o(i.prvInitialiseNewTask)
    i.prvInsertBlockIntoFreeList             0x080018d4   Section        0  heap_4.o(i.prvInsertBlockIntoFreeList)
    prvInsertBlockIntoFreeList               0x080018d5   Thumb Code    72  heap_4.o(i.prvInsertBlockIntoFreeList)
    i.prvInsertTimerInActiveList             0x08001920   Section        0  timers.o(i.prvInsertTimerInActiveList)
    prvInsertTimerInActiveList               0x08001921   Thumb Code    54  timers.o(i.prvInsertTimerInActiveList)
    i.prvIsQueueEmpty                        0x0800195c   Section        0  queue.o(i.prvIsQueueEmpty)
    prvIsQueueEmpty                          0x0800195d   Thumb Code    28  queue.o(i.prvIsQueueEmpty)
    i.prvProcessReceivedCommands             0x08001978   Section        0  timers.o(i.prvProcessReceivedCommands)
    prvProcessReceivedCommands               0x08001979   Thumb Code   242  timers.o(i.prvProcessReceivedCommands)
    i.prvProcessTimerOrBlockTask             0x08001a70   Section        0  timers.o(i.prvProcessTimerOrBlockTask)
    prvProcessTimerOrBlockTask               0x08001a71   Thumb Code   182  timers.o(i.prvProcessTimerOrBlockTask)
    i.prvResetNextTaskUnblockTime            0x08001b30   Section        0  tasks.o(i.prvResetNextTaskUnblockTime)
    prvResetNextTaskUnblockTime              0x08001b31   Thumb Code    26  tasks.o(i.prvResetNextTaskUnblockTime)
    i.prvSampleTimeNow                       0x08001b50   Section        0  timers.o(i.prvSampleTimeNow)
    prvSampleTimeNow                         0x08001b51   Thumb Code    36  timers.o(i.prvSampleTimeNow)
    i.prvSwitchTimerLists                    0x08001b78   Section        0  timers.o(i.prvSwitchTimerLists)
    prvSwitchTimerLists                      0x08001b79   Thumb Code   104  timers.o(i.prvSwitchTimerLists)
    i.prvTaskExitError                       0x08001be4   Section        0  port.o(i.prvTaskExitError)
    prvTaskExitError                         0x08001be5   Thumb Code    36  port.o(i.prvTaskExitError)
    i.prvTimerTask                           0x08001c0c   Section        0  timers.o(i.prvTimerTask)
    prvTimerTask                             0x08001c0d   Thumb Code    32  timers.o(i.prvTimerTask)
    i.prvUnlockQueue                         0x08001c30   Section        0  queue.o(i.prvUnlockQueue)
    prvUnlockQueue                           0x08001c31   Thumb Code   106  queue.o(i.prvUnlockQueue)
    i.pvPortMalloc                           0x08001c9c   Section        0  heap_4.o(i.pvPortMalloc)
    i.pxPortInitialiseStack                  0x08001d78   Section        0  port.o(i.pxPortInitialiseStack)
    i.stm32_lock_acquire                     0x08001da8   Section        0  armlib_lock_glue.o(i.stm32_lock_acquire)
    stm32_lock_acquire                       0x08001da9   Thumb Code    26  armlib_lock_glue.o(i.stm32_lock_acquire)
    i.stm32_lock_release                     0x08001dc2   Section        0  armlib_lock_glue.o(i.stm32_lock_release)
    stm32_lock_release                       0x08001dc3   Thumb Code    26  armlib_lock_glue.o(i.stm32_lock_release)
    i.uxListRemove                           0x08001ddc   Section        0  list.o(i.uxListRemove)
    i.vApplicationGetIdleTaskMemory          0x08001e04   Section        0  cmsis_os2.o(i.vApplicationGetIdleTaskMemory)
    i.vApplicationGetTimerTaskMemory         0x08001e1c   Section        0  cmsis_os2.o(i.vApplicationGetTimerTaskMemory)
    i.vListInitialise                        0x08001e34   Section        0  list.o(i.vListInitialise)
    i.vListInitialiseItem                    0x08001e4a   Section        0  list.o(i.vListInitialiseItem)
    i.vListInsert                            0x08001e50   Section        0  list.o(i.vListInsert)
    i.vListInsertEnd                         0x08001e80   Section        0  list.o(i.vListInsertEnd)
    i.vPortEnterCritical                     0x08001e98   Section        0  port.o(i.vPortEnterCritical)
    i.vPortExitCritical                      0x08001ed8   Section        0  port.o(i.vPortExitCritical)
    i.vPortFree                              0x08001f00   Section        0  heap_4.o(i.vPortFree)
    i.vPortSetupTimerInterrupt               0x08001f64   Section        0  port.o(i.vPortSetupTimerInterrupt)
    i.vPortValidateInterruptPriority         0x08001f88   Section        0  port.o(i.vPortValidateInterruptPriority)
    i.vQueueAddToRegistry                    0x08001fdc   Section        0  queue.o(i.vQueueAddToRegistry)
    i.vQueueWaitForMessageRestricted         0x08002004   Section        0  queue.o(i.vQueueWaitForMessageRestricted)
    i.vTaskDelay                             0x08002048   Section        0  tasks.o(i.vTaskDelay)
    i.vTaskInternalSetTimeOutState           0x08002094   Section        0  tasks.o(i.vTaskInternalSetTimeOutState)
    i.vTaskMissedYield                       0x080020a4   Section        0  tasks.o(i.vTaskMissedYield)
    i.vTaskPlaceOnEventList                  0x080020b0   Section        0  tasks.o(i.vTaskPlaceOnEventList)
    i.vTaskPlaceOnEventListRestricted        0x080020e0   Section        0  tasks.o(i.vTaskPlaceOnEventListRestricted)
    i.vTaskStartScheduler                    0x08002118   Section        0  tasks.o(i.vTaskStartScheduler)
    i.vTaskSuspendAll                        0x080021a0   Section        0  tasks.o(i.vTaskSuspendAll)
    i.vTaskSwitchContext                     0x080021b0   Section        0  tasks.o(i.vTaskSwitchContext)
    i.xPortStartScheduler                    0x08002214   Section        0  port.o(i.xPortStartScheduler)
    i.xPortSysTickHandler                    0x08002308   Section        0  port.o(i.xPortSysTickHandler)
    i.xQueueGenericCreateStatic              0x08002334   Section        0  queue.o(i.xQueueGenericCreateStatic)
    i.xQueueGenericReset                     0x0800239c   Section        0  queue.o(i.xQueueGenericReset)
    i.xQueueGenericSend                      0x08002430   Section        0  queue.o(i.xQueueGenericSend)
    i.xQueueGenericSendFromISR               0x08002590   Section        0  queue.o(i.xQueueGenericSendFromISR)
    i.xQueueReceive                          0x08002650   Section        0  queue.o(i.xQueueReceive)
    i.xTaskCheckForTimeOut                   0x0800278c   Section        0  tasks.o(i.xTaskCheckForTimeOut)
    i.xTaskCreate                            0x08002804   Section        0  tasks.o(i.xTaskCreate)
    i.xTaskCreateStatic                      0x0800285e   Section        0  tasks.o(i.xTaskCreateStatic)
    i.xTaskGetSchedulerState                 0x080028b4   Section        0  tasks.o(i.xTaskGetSchedulerState)
    i.xTaskGetTickCount                      0x080028d0   Section        0  tasks.o(i.xTaskGetTickCount)
    i.xTaskIncrementTick                     0x080028dc   Section        0  tasks.o(i.xTaskIncrementTick)
    i.xTaskPriorityDisinherit                0x080029a4   Section        0  tasks.o(i.xTaskPriorityDisinherit)
    i.xTaskRemoveFromEventList               0x08002a20   Section        0  tasks.o(i.xTaskRemoveFromEventList)
    i.xTaskResumeAll                         0x08002a90   Section        0  tasks.o(i.xTaskResumeAll)
    i.xTimerCreateTimerTask                  0x08002b54   Section        0  timers.o(i.xTimerCreateTimerTask)
    i.xTimerGenericCommand                   0x08002bb4   Section        0  timers.o(i.xTimerGenericCommand)
    x$fpl$fpinit                             0x08002c1c   Section       10  fpinit.o(x$fpl$fpinit)
    $v0                                      0x08002c1c   Number         0  fpinit.o(x$fpl$fpinit)
    .constdata                               0x08002c28   Section       36  freertos.o(.constdata)
    .constdata                               0x08002c4c   Section       16  system_stm32h7xx.o(.constdata)
    .conststring                             0x08002c5c   Section       12  freertos.o(.conststring)
    .init_array                              0x08002c88   Section        4  armlib_lock_glue.o(.init_array)
    .init_array                              0x08002c8c   Section        0  init_aeabi.o(.init_array)
    .data                                    0x24000000   Section        1  armlib_lock_glue.o(.data)
    static_list_lock                         0x24000000   Data           1  armlib_lock_glue.o(.data)
    .data                                    0x24000004   Section        4  freertos.o(.data)
    .data                                    0x24000008   Section       12  stm32h7xx_hal.o(.data)
    .data                                    0x24000014   Section        8  system_stm32h7xx.o(.data)
    .data                                    0x2400001c   Section       60  tasks.o(.data)
    uxDeletedTasksWaitingCleanUp             0x24000020   Data           4  tasks.o(.data)
    uxCurrentNumberOfTasks                   0x24000024   Data           4  tasks.o(.data)
    xTickCount                               0x24000028   Data           4  tasks.o(.data)
    uxTopReadyPriority                       0x2400002c   Data           4  tasks.o(.data)
    xSchedulerRunning                        0x24000030   Data           4  tasks.o(.data)
    xPendedTicks                             0x24000034   Data           4  tasks.o(.data)
    xYieldPending                            0x24000038   Data           4  tasks.o(.data)
    xNumOfOverflows                          0x2400003c   Data           4  tasks.o(.data)
    uxTaskNumber                             0x24000040   Data           4  tasks.o(.data)
    xNextTaskUnblockTime                     0x24000044   Data           4  tasks.o(.data)
    xIdleTaskHandle                          0x24000048   Data           4  tasks.o(.data)
    uxSchedulerSuspended                     0x2400004c   Data           4  tasks.o(.data)
    pxDelayedTaskList                        0x24000050   Data           4  tasks.o(.data)
    pxOverflowDelayedTaskList                0x24000054   Data           4  tasks.o(.data)
    .data                                    0x24000058   Section       20  timers.o(.data)
    xTimerQueue                              0x24000058   Data           4  timers.o(.data)
    xTimerTaskHandle                         0x2400005c   Data           4  timers.o(.data)
    xLastTime                                0x24000060   Data           4  timers.o(.data)
    pxCurrentTimerList                       0x24000064   Data           4  timers.o(.data)
    pxOverflowTimerList                      0x24000068   Data           4  timers.o(.data)
    .data                                    0x2400006c   Section        4  cmsis_os2.o(.data)
    KernelState                              0x2400006c   Data           4  cmsis_os2.o(.data)
    .data                                    0x24000070   Section       32  heap_4.o(.data)
    pxEnd                                    0x24000070   Data           4  heap_4.o(.data)
    xFreeBytesRemaining                      0x24000074   Data           4  heap_4.o(.data)
    xMinimumEverFreeBytesRemaining           0x24000078   Data           4  heap_4.o(.data)
    xNumberOfSuccessfulAllocations           0x2400007c   Data           4  heap_4.o(.data)
    xNumberOfSuccessfulFrees                 0x24000080   Data           4  heap_4.o(.data)
    xBlockAllocatedBit                       0x24000084   Data           4  heap_4.o(.data)
    xStart                                   0x24000088   Data           8  heap_4.o(.data)
    .data                                    0x24000090   Section       12  port.o(.data)
    ucMaxSysCallPriority                     0x24000090   Data           1  port.o(.data)
    uxCriticalNesting                        0x24000094   Data           4  port.o(.data)
    ulMaxPRIGROUPValue                       0x24000098   Data           4  port.o(.data)
    .bss                                     0x2400009c   Section       16  armlib_lock_glue.o(.bss)
    static_lock                              0x2400009c   Data          16  armlib_lock_glue.o(.bss)
    .bss                                     0x240000ac   Section       64  queue.o(.bss)
    .bss                                     0x240000ec   Section     1220  tasks.o(.bss)
    pxReadyTasksLists                        0x240000ec   Data        1120  tasks.o(.bss)
    xDelayedTaskList1                        0x2400054c   Data          20  tasks.o(.bss)
    xDelayedTaskList2                        0x24000560   Data          20  tasks.o(.bss)
    xPendingReadyList                        0x24000574   Data          20  tasks.o(.bss)
    xTasksWaitingTermination                 0x24000588   Data          20  tasks.o(.bss)
    xSuspendedTaskList                       0x2400059c   Data          20  tasks.o(.bss)
    .bss                                     0x240005b0   Section      280  timers.o(.bss)
    xStaticTimerQueue                        0x240005b0   Data          80  timers.o(.bss)
    ucStaticTimerQueueStorage                0x24000600   Data         160  timers.o(.bss)
    xActiveTimerList1                        0x240006a0   Data          20  timers.o(.bss)
    xActiveTimerList2                        0x240006b4   Data          20  timers.o(.bss)
    .bss                                     0x240006c8   Section     1720  cmsis_os2.o(.bss)
    Idle_TCB                                 0x240006c8   Data          92  cmsis_os2.o(.bss)
    Idle_Stack                               0x24000724   Data         512  cmsis_os2.o(.bss)
    Timer_TCB                                0x24000924   Data          92  cmsis_os2.o(.bss)
    Timer_Stack                              0x24000980   Data        1024  cmsis_os2.o(.bss)
    .bss                                     0x24000d80   Section    15360  heap_4.o(.bss)
    ucHeap                                   0x24000d80   Data       15360  heap_4.o(.bss)
    .bss                                     0x24004980   Section       96  libspace.o(.bss)
    HEAP                                     0x240049e0   Section      512  startup_stm32h723xx.o(HEAP)
    Heap_Mem                                 0x240049e0   Data         512  startup_stm32h723xx.o(HEAP)
    STACK                                    0x24004be0   Section     1024  startup_stm32h723xx.o(STACK)
    Stack_Mem                                0x24004be0   Data        1024  startup_stm32h723xx.o(STACK)
    __initial_sp                             0x24004fe0   Data           0  startup_stm32h723xx.o(STACK)

    Global Symbols

    Symbol Name                              Value     Ov Type        Size  Object(Section)

    BuildAttributes$$THM_ISAv4$E$P$D$K$B$S$7EM$VFPv5_D16$PE$PLD8$A:L22UL41UL21$X:L11$S22US41US21$IEEE1$IW$USESV6$~STKCKD$USESV7$~SHL$OSPACE$ROPI$EBA8$UX$STANDARDLIB$REQ8$PRES8$EABIv2 0x00000000   Number         0  anon$$obj.o ABSOLUTE
    __ARM_use_no_argv                        0x00000000   Number         0  main.o ABSOLUTE
    __ARM_exceptions_init                     - Undefined Weak Reference
    __alloca_initialize                       - Undefined Weak Reference
    __arm_preinit_                            - Undefined Weak Reference
    __cxa_finalize                            - Undefined Weak Reference
    __rt_locale                               - Undefined Weak Reference
    __sigvec_lookup                           - Undefined Weak Reference
    _atexit_init                              - Undefined Weak Reference
    _call_atexit_fns                          - Undefined Weak Reference
    _clock_init                               - Undefined Weak Reference
    _fp_trap_init                             - Undefined Weak Reference
    _fp_trap_shutdown                         - Undefined Weak Reference
    _get_lc_collate                           - Undefined Weak Reference
    _get_lc_ctype                             - Undefined Weak Reference
    _get_lc_monetary                          - Undefined Weak Reference
    _get_lc_numeric                           - Undefined Weak Reference
    _get_lc_time                              - Undefined Weak Reference
    _getenv_init                              - Undefined Weak Reference
    _handle_redirection                       - Undefined Weak Reference
    _init_alloc                               - Undefined Weak Reference
    _init_user_alloc                          - Undefined Weak Reference
    _initio                                   - Undefined Weak Reference
    _rand_init                                - Undefined Weak Reference
    _signal_finish                            - Undefined Weak Reference
    _signal_init                              - Undefined Weak Reference
    _terminate_alloc                          - Undefined Weak Reference
    _terminate_user_alloc                     - Undefined Weak Reference
    _terminateio                              - Undefined Weak Reference
    __Vectors_Size                           0x000002cc   Number         0  startup_stm32h723xx.o ABSOLUTE
    __Vectors                                0x08000000   Data           4  startup_stm32h723xx.o(RESET)
    __Vectors_End                            0x080002cc   Data           0  startup_stm32h723xx.o(RESET)
    __main                                   0x080002cd   Thumb Code     8  __main.o(!!!main)
    __scatterload                            0x080002d5   Thumb Code     0  __scatter.o(!!!scatter)
    __scatterload_rt2                        0x080002d5   Thumb Code    44  __scatter.o(!!!scatter)
    __scatterload_rt2_thumb_only             0x080002d5   Thumb Code     0  __scatter.o(!!!scatter)
    __scatterload_null                       0x080002e3   Thumb Code     0  __scatter.o(!!!scatter)
    __scatterload_copy                       0x08000309   Thumb Code    26  __scatter_copy.o(!!handler_copy)
    __scatterload_zeroinit                   0x08000325   Thumb Code    28  __scatter_zi.o(!!handler_zi)
    __rt_lib_init                            0x08000341   Thumb Code     0  libinit.o(.ARM.Collect$$libinit$$00000000)
    __rt_lib_init_fp_1                       0x08000343   Thumb Code     0  libinit2.o(.ARM.Collect$$libinit$$00000001)
    __rt_lib_init_alloca_1                   0x08000347   Thumb Code     0  libinit2.o(.ARM.Collect$$libinit$$0000002E)
    __rt_lib_init_argv_1                     0x08000347   Thumb Code     0  libinit2.o(.ARM.Collect$$libinit$$0000002C)
    __rt_lib_init_atexit_1                   0x08000347   Thumb Code     0  libinit2.o(.ARM.Collect$$libinit$$0000001B)
    __rt_lib_init_clock_1                    0x08000347   Thumb Code     0  libinit2.o(.ARM.Collect$$libinit$$00000021)
    __rt_lib_init_cpp_2                      0x08000347   Thumb Code     0  libinit2.o(.ARM.Collect$$libinit$$00000031)
    __rt_lib_init_exceptions_1               0x08000347   Thumb Code     0  libinit2.o(.ARM.Collect$$libinit$$00000030)
    __rt_lib_init_fp_trap_1                  0x08000347   Thumb Code     0  libinit2.o(.ARM.Collect$$libinit$$0000001F)
    __rt_lib_init_getenv_1                   0x08000347   Thumb Code     0  libinit2.o(.ARM.Collect$$libinit$$00000023)
    __rt_lib_init_heap_1                     0x08000347   Thumb Code     0  libinit2.o(.ARM.Collect$$libinit$$0000000A)
    __rt_lib_init_lc_collate_1               0x08000347   Thumb Code     0  libinit2.o(.ARM.Collect$$libinit$$00000011)
    __rt_lib_init_lc_ctype_1                 0x08000347   Thumb Code     0  libinit2.o(.ARM.Collect$$libinit$$00000013)
    __rt_lib_init_lc_monetary_1              0x08000347   Thumb Code     0  libinit2.o(.ARM.Collect$$libinit$$00000015)
    __rt_lib_init_lc_numeric_1               0x08000347   Thumb Code     0  libinit2.o(.ARM.Collect$$libinit$$00000017)
    __rt_lib_init_lc_time_1                  0x08000347   Thumb Code     0  libinit2.o(.ARM.Collect$$libinit$$00000019)
    __rt_lib_init_preinit_1                  0x08000347   Thumb Code     0  libinit2.o(.ARM.Collect$$libinit$$00000004)
    __rt_lib_init_rand_1                     0x08000347   Thumb Code     0  libinit2.o(.ARM.Collect$$libinit$$0000000E)
    __rt_lib_init_signal_1                   0x08000347   Thumb Code     0  libinit2.o(.ARM.Collect$$libinit$$0000001D)
    __rt_lib_init_stdio_1                    0x08000347   Thumb Code     0  libinit2.o(.ARM.Collect$$libinit$$00000025)
    __rt_lib_init_user_alloc_1               0x08000347   Thumb Code     0  libinit2.o(.ARM.Collect$$libinit$$0000000C)
    __rt_lib_init_cpp_1                      0x0800034b   Thumb Code     0  libinit2.o(.ARM.Collect$$libinit$$00000032)
    __rt_lib_init_return                     0x0800034b   Thumb Code     0  libinit2.o(.ARM.Collect$$libinit$$00000033)
    __rt_lib_shutdown                        0x0800034d   Thumb Code     0  libshutdown.o(.ARM.Collect$$libshutdown$$00000000)
    __rt_lib_shutdown_fp_trap_1              0x0800034f   Thumb Code     0  libshutdown2.o(.ARM.Collect$$libshutdown$$00000006)
    __rt_lib_shutdown_heap_1                 0x0800034f   Thumb Code     0  libshutdown2.o(.ARM.Collect$$libshutdown$$0000000E)
    __rt_lib_shutdown_return                 0x0800034f   Thumb Code     0  libshutdown2.o(.ARM.Collect$$libshutdown$$0000000F)
    __rt_lib_shutdown_signal_1               0x0800034f   Thumb Code     0  libshutdown2.o(.ARM.Collect$$libshutdown$$00000009)
    __rt_lib_shutdown_stdio_1                0x0800034f   Thumb Code     0  libshutdown2.o(.ARM.Collect$$libshutdown$$00000003)
    __rt_lib_shutdown_user_alloc_1           0x0800034f   Thumb Code     0  libshutdown2.o(.ARM.Collect$$libshutdown$$0000000B)
    __rt_entry                               0x08000351   Thumb Code     0  __rtentry.o(.ARM.Collect$$rtentry$$00000000)
    __rt_entry_presh_1                       0x08000351   Thumb Code     0  __rtentry2.o(.ARM.Collect$$rtentry$$00000002)
    __rt_entry_sh                            0x08000351   Thumb Code     0  __rtentry4.o(.ARM.Collect$$rtentry$$00000004)
    __rt_entry_li                            0x08000357   Thumb Code     0  __rtentry2.o(.ARM.Collect$$rtentry$$0000000A)
    __rt_entry_postsh_1                      0x08000357   Thumb Code     0  __rtentry2.o(.ARM.Collect$$rtentry$$00000009)
    __rt_entry_main                          0x0800035b   Thumb Code     0  __rtentry2.o(.ARM.Collect$$rtentry$$0000000D)
    __rt_entry_postli_1                      0x0800035b   Thumb Code     0  __rtentry2.o(.ARM.Collect$$rtentry$$0000000C)
    __rt_exit                                0x08000363   Thumb Code     0  rtexit.o(.ARM.Collect$$rtexit$$00000000)
    __rt_exit_ls                             0x08000365   Thumb Code     0  rtexit2.o(.ARM.Collect$$rtexit$$00000003)
    __rt_exit_prels_1                        0x08000365   Thumb Code     0  rtexit2.o(.ARM.Collect$$rtexit$$00000002)
    __rt_exit_exit                           0x08000369   Thumb Code     0  rtexit2.o(.ARM.Collect$$rtexit$$00000004)
    SVC_Handler                              0x08000371   Thumb Code    28  port.o(.emb_text)
    __asm___6_port_c_39a90d8d__prvStartFirstTask 0x08000391   Thumb Code    36  port.o(.emb_text)
    __asm___6_port_c_39a90d8d__prvEnableVFP  0x080003b9   Thumb Code    16  port.o(.emb_text)
    PendSV_Handler                           0x080003cd   Thumb Code    88  port.o(.emb_text)
    vPortGetIPSR                             0x08000429   Thumb Code     6  port.o(.emb_text)
    Reset_Handler                            0x08000431   Thumb Code     8  startup_stm32h723xx.o(.text)
    ADC3_IRQHandler                          0x0800044b   Thumb Code     0  startup_stm32h723xx.o(.text)
    ADC_IRQHandler                           0x0800044b   Thumb Code     0  startup_stm32h723xx.o(.text)
    BDMA_Channel0_IRQHandler                 0x0800044b   Thumb Code     0  startup_stm32h723xx.o(.text)
    BDMA_Channel1_IRQHandler                 0x0800044b   Thumb Code     0  startup_stm32h723xx.o(.text)
    BDMA_Channel2_IRQHandler                 0x0800044b   Thumb Code     0  startup_stm32h723xx.o(.text)
    BDMA_Channel3_IRQHandler                 0x0800044b   Thumb Code     0  startup_stm32h723xx.o(.text)
    BDMA_Channel4_IRQHandler                 0x0800044b   Thumb Code     0  startup_stm32h723xx.o(.text)
    BDMA_Channel5_IRQHandler                 0x0800044b   Thumb Code     0  startup_stm32h723xx.o(.text)
    BDMA_Channel6_IRQHandler                 0x0800044b   Thumb Code     0  startup_stm32h723xx.o(.text)
    BDMA_Channel7_IRQHandler                 0x0800044b   Thumb Code     0  startup_stm32h723xx.o(.text)
    CEC_IRQHandler                           0x0800044b   Thumb Code     0  startup_stm32h723xx.o(.text)
    COMP1_IRQHandler                         0x0800044b   Thumb Code     0  startup_stm32h723xx.o(.text)
    CORDIC_IRQHandler                        0x0800044b   Thumb Code     0  startup_stm32h723xx.o(.text)
    CRS_IRQHandler                           0x0800044b   Thumb Code     0  startup_stm32h723xx.o(.text)
    DCMI_PSSI_IRQHandler                     0x0800044b   Thumb Code     0  startup_stm32h723xx.o(.text)
    DFSDM1_FLT0_IRQHandler                   0x0800044b   Thumb Code     0  startup_stm32h723xx.o(.text)
    DFSDM1_FLT1_IRQHandler                   0x0800044b   Thumb Code     0  startup_stm32h723xx.o(.text)
    DFSDM1_FLT2_IRQHandler                   0x0800044b   Thumb Code     0  startup_stm32h723xx.o(.text)
    DFSDM1_FLT3_IRQHandler                   0x0800044b   Thumb Code     0  startup_stm32h723xx.o(.text)
    DMA1_Stream0_IRQHandler                  0x0800044b   Thumb Code     0  startup_stm32h723xx.o(.text)
    DMA1_Stream1_IRQHandler                  0x0800044b   Thumb Code     0  startup_stm32h723xx.o(.text)
    DMA1_Stream2_IRQHandler                  0x0800044b   Thumb Code     0  startup_stm32h723xx.o(.text)
    DMA1_Stream3_IRQHandler                  0x0800044b   Thumb Code     0  startup_stm32h723xx.o(.text)
    DMA1_Stream4_IRQHandler                  0x0800044b   Thumb Code     0  startup_stm32h723xx.o(.text)
    DMA1_Stream5_IRQHandler                  0x0800044b   Thumb Code     0  startup_stm32h723xx.o(.text)
    DMA1_Stream6_IRQHandler                  0x0800044b   Thumb Code     0  startup_stm32h723xx.o(.text)
    DMA1_Stream7_IRQHandler                  0x0800044b   Thumb Code     0  startup_stm32h723xx.o(.text)
    DMA2D_IRQHandler                         0x0800044b   Thumb Code     0  startup_stm32h723xx.o(.text)
    DMA2_Stream0_IRQHandler                  0x0800044b   Thumb Code     0  startup_stm32h723xx.o(.text)
    DMA2_Stream1_IRQHandler                  0x0800044b   Thumb Code     0  startup_stm32h723xx.o(.text)
    DMA2_Stream2_IRQHandler                  0x0800044b   Thumb Code     0  startup_stm32h723xx.o(.text)
    DMA2_Stream3_IRQHandler                  0x0800044b   Thumb Code     0  startup_stm32h723xx.o(.text)
    DMA2_Stream4_IRQHandler                  0x0800044b   Thumb Code     0  startup_stm32h723xx.o(.text)
    DMA2_Stream5_IRQHandler                  0x0800044b   Thumb Code     0  startup_stm32h723xx.o(.text)
    DMA2_Stream6_IRQHandler                  0x0800044b   Thumb Code     0  startup_stm32h723xx.o(.text)
    DMA2_Stream7_IRQHandler                  0x0800044b   Thumb Code     0  startup_stm32h723xx.o(.text)
    DMAMUX1_OVR_IRQHandler                   0x0800044b   Thumb Code     0  startup_stm32h723xx.o(.text)
    DMAMUX2_OVR_IRQHandler                   0x0800044b   Thumb Code     0  startup_stm32h723xx.o(.text)
    DTS_IRQHandler                           0x0800044b   Thumb Code     0  startup_stm32h723xx.o(.text)
    ECC_IRQHandler                           0x0800044b   Thumb Code     0  startup_stm32h723xx.o(.text)
    ETH_IRQHandler                           0x0800044b   Thumb Code     0  startup_stm32h723xx.o(.text)
    ETH_WKUP_IRQHandler                      0x0800044b   Thumb Code     0  startup_stm32h723xx.o(.text)
    EXTI0_IRQHandler                         0x0800044b   Thumb Code     0  startup_stm32h723xx.o(.text)
    EXTI15_10_IRQHandler                     0x0800044b   Thumb Code     0  startup_stm32h723xx.o(.text)
    EXTI1_IRQHandler                         0x0800044b   Thumb Code     0  startup_stm32h723xx.o(.text)
    EXTI2_IRQHandler                         0x0800044b   Thumb Code     0  startup_stm32h723xx.o(.text)
    EXTI3_IRQHandler                         0x0800044b   Thumb Code     0  startup_stm32h723xx.o(.text)
    EXTI4_IRQHandler                         0x0800044b   Thumb Code     0  startup_stm32h723xx.o(.text)
    EXTI9_5_IRQHandler                       0x0800044b   Thumb Code     0  startup_stm32h723xx.o(.text)
    FDCAN1_IT0_IRQHandler                    0x0800044b   Thumb Code     0  startup_stm32h723xx.o(.text)
    FDCAN1_IT1_IRQHandler                    0x0800044b   Thumb Code     0  startup_stm32h723xx.o(.text)
    FDCAN2_IT0_IRQHandler                    0x0800044b   Thumb Code     0  startup_stm32h723xx.o(.text)
    FDCAN2_IT1_IRQHandler                    0x0800044b   Thumb Code     0  startup_stm32h723xx.o(.text)
    FDCAN3_IT0_IRQHandler                    0x0800044b   Thumb Code     0  startup_stm32h723xx.o(.text)
    FDCAN3_IT1_IRQHandler                    0x0800044b   Thumb Code     0  startup_stm32h723xx.o(.text)
    FDCAN_CAL_IRQHandler                     0x0800044b   Thumb Code     0  startup_stm32h723xx.o(.text)
    FLASH_IRQHandler                         0x0800044b   Thumb Code     0  startup_stm32h723xx.o(.text)
    FMAC_IRQHandler                          0x0800044b   Thumb Code     0  startup_stm32h723xx.o(.text)
    FMC_IRQHandler                           0x0800044b   Thumb Code     0  startup_stm32h723xx.o(.text)
    FPU_IRQHandler                           0x0800044b   Thumb Code     0  startup_stm32h723xx.o(.text)
    HSEM1_IRQHandler                         0x0800044b   Thumb Code     0  startup_stm32h723xx.o(.text)
    I2C1_ER_IRQHandler                       0x0800044b   Thumb Code     0  startup_stm32h723xx.o(.text)
    I2C1_EV_IRQHandler                       0x0800044b   Thumb Code     0  startup_stm32h723xx.o(.text)
    I2C2_ER_IRQHandler                       0x0800044b   Thumb Code     0  startup_stm32h723xx.o(.text)
    I2C2_EV_IRQHandler                       0x0800044b   Thumb Code     0  startup_stm32h723xx.o(.text)
    I2C3_ER_IRQHandler                       0x0800044b   Thumb Code     0  startup_stm32h723xx.o(.text)
    I2C3_EV_IRQHandler                       0x0800044b   Thumb Code     0  startup_stm32h723xx.o(.text)
    I2C4_ER_IRQHandler                       0x0800044b   Thumb Code     0  startup_stm32h723xx.o(.text)
    I2C4_EV_IRQHandler                       0x0800044b   Thumb Code     0  startup_stm32h723xx.o(.text)
    I2C5_ER_IRQHandler                       0x0800044b   Thumb Code     0  startup_stm32h723xx.o(.text)
    I2C5_EV_IRQHandler                       0x0800044b   Thumb Code     0  startup_stm32h723xx.o(.text)
    LPTIM1_IRQHandler                        0x0800044b   Thumb Code     0  startup_stm32h723xx.o(.text)
    LPTIM2_IRQHandler                        0x0800044b   Thumb Code     0  startup_stm32h723xx.o(.text)
    LPTIM3_IRQHandler                        0x0800044b   Thumb Code     0  startup_stm32h723xx.o(.text)
    LPTIM4_IRQHandler                        0x0800044b   Thumb Code     0  startup_stm32h723xx.o(.text)
    LPTIM5_IRQHandler                        0x0800044b   Thumb Code     0  startup_stm32h723xx.o(.text)
    LPUART1_IRQHandler                       0x0800044b   Thumb Code     0  startup_stm32h723xx.o(.text)
    LTDC_ER_IRQHandler                       0x0800044b   Thumb Code     0  startup_stm32h723xx.o(.text)
    LTDC_IRQHandler                          0x0800044b   Thumb Code     0  startup_stm32h723xx.o(.text)
    MDIOS_IRQHandler                         0x0800044b   Thumb Code     0  startup_stm32h723xx.o(.text)
    MDIOS_WKUP_IRQHandler                    0x0800044b   Thumb Code     0  startup_stm32h723xx.o(.text)
    MDMA_IRQHandler                          0x0800044b   Thumb Code     0  startup_stm32h723xx.o(.text)
    OCTOSPI1_IRQHandler                      0x0800044b   Thumb Code     0  startup_stm32h723xx.o(.text)
    OCTOSPI2_IRQHandler                      0x0800044b   Thumb Code     0  startup_stm32h723xx.o(.text)
    OTG_HS_EP1_IN_IRQHandler                 0x0800044b   Thumb Code     0  startup_stm32h723xx.o(.text)
    OTG_HS_EP1_OUT_IRQHandler                0x0800044b   Thumb Code     0  startup_stm32h723xx.o(.text)
    OTG_HS_IRQHandler                        0x0800044b   Thumb Code     0  startup_stm32h723xx.o(.text)
    OTG_HS_WKUP_IRQHandler                   0x0800044b   Thumb Code     0  startup_stm32h723xx.o(.text)
    PVD_AVD_IRQHandler                       0x0800044b   Thumb Code     0  startup_stm32h723xx.o(.text)
    RNG_IRQHandler                           0x0800044b   Thumb Code     0  startup_stm32h723xx.o(.text)
    RTC_Alarm_IRQHandler                     0x0800044b   Thumb Code     0  startup_stm32h723xx.o(.text)
    RTC_WKUP_IRQHandler                      0x0800044b   Thumb Code     0  startup_stm32h723xx.o(.text)
    SAI1_IRQHandler                          0x0800044b   Thumb Code     0  startup_stm32h723xx.o(.text)
    SAI4_IRQHandler                          0x0800044b   Thumb Code     0  startup_stm32h723xx.o(.text)
    SDMMC1_IRQHandler                        0x0800044b   Thumb Code     0  startup_stm32h723xx.o(.text)
    SDMMC2_IRQHandler                        0x0800044b   Thumb Code     0  startup_stm32h723xx.o(.text)
    SPDIF_RX_IRQHandler                      0x0800044b   Thumb Code     0  startup_stm32h723xx.o(.text)
    SPI1_IRQHandler                          0x0800044b   Thumb Code     0  startup_stm32h723xx.o(.text)
    SPI2_IRQHandler                          0x0800044b   Thumb Code     0  startup_stm32h723xx.o(.text)
    SPI3_IRQHandler                          0x0800044b   Thumb Code     0  startup_stm32h723xx.o(.text)
    SPI4_IRQHandler                          0x0800044b   Thumb Code     0  startup_stm32h723xx.o(.text)
    SPI5_IRQHandler                          0x0800044b   Thumb Code     0  startup_stm32h723xx.o(.text)
    SPI6_IRQHandler                          0x0800044b   Thumb Code     0  startup_stm32h723xx.o(.text)
    SWPMI1_IRQHandler                        0x0800044b   Thumb Code     0  startup_stm32h723xx.o(.text)
    TAMP_STAMP_IRQHandler                    0x0800044b   Thumb Code     0  startup_stm32h723xx.o(.text)
    TIM15_IRQHandler                         0x0800044b   Thumb Code     0  startup_stm32h723xx.o(.text)
    TIM16_IRQHandler                         0x0800044b   Thumb Code     0  startup_stm32h723xx.o(.text)
    TIM17_IRQHandler                         0x0800044b   Thumb Code     0  startup_stm32h723xx.o(.text)
    TIM1_BRK_IRQHandler                      0x0800044b   Thumb Code     0  startup_stm32h723xx.o(.text)
    TIM1_CC_IRQHandler                       0x0800044b   Thumb Code     0  startup_stm32h723xx.o(.text)
    TIM1_TRG_COM_IRQHandler                  0x0800044b   Thumb Code     0  startup_stm32h723xx.o(.text)
    TIM1_UP_IRQHandler                       0x0800044b   Thumb Code     0  startup_stm32h723xx.o(.text)
    TIM23_IRQHandler                         0x0800044b   Thumb Code     0  startup_stm32h723xx.o(.text)
    TIM24_IRQHandler                         0x0800044b   Thumb Code     0  startup_stm32h723xx.o(.text)
    TIM2_IRQHandler                          0x0800044b   Thumb Code     0  startup_stm32h723xx.o(.text)
    TIM3_IRQHandler                          0x0800044b   Thumb Code     0  startup_stm32h723xx.o(.text)
    TIM4_IRQHandler                          0x0800044b   Thumb Code     0  startup_stm32h723xx.o(.text)
    TIM5_IRQHandler                          0x0800044b   Thumb Code     0  startup_stm32h723xx.o(.text)
    TIM6_DAC_IRQHandler                      0x0800044b   Thumb Code     0  startup_stm32h723xx.o(.text)
    TIM7_IRQHandler                          0x0800044b   Thumb Code     0  startup_stm32h723xx.o(.text)
    TIM8_BRK_TIM12_IRQHandler                0x0800044b   Thumb Code     0  startup_stm32h723xx.o(.text)
    TIM8_CC_IRQHandler                       0x0800044b   Thumb Code     0  startup_stm32h723xx.o(.text)
    TIM8_TRG_COM_TIM14_IRQHandler            0x0800044b   Thumb Code     0  startup_stm32h723xx.o(.text)
    TIM8_UP_TIM13_IRQHandler                 0x0800044b   Thumb Code     0  startup_stm32h723xx.o(.text)
    UART4_IRQHandler                         0x0800044b   Thumb Code     0  startup_stm32h723xx.o(.text)
    UART5_IRQHandler                         0x0800044b   Thumb Code     0  startup_stm32h723xx.o(.text)
    UART7_IRQHandler                         0x0800044b   Thumb Code     0  startup_stm32h723xx.o(.text)
    UART8_IRQHandler                         0x0800044b   Thumb Code     0  startup_stm32h723xx.o(.text)
    UART9_IRQHandler                         0x0800044b   Thumb Code     0  startup_stm32h723xx.o(.text)
    USART10_IRQHandler                       0x0800044b   Thumb Code     0  startup_stm32h723xx.o(.text)
    USART1_IRQHandler                        0x0800044b   Thumb Code     0  startup_stm32h723xx.o(.text)
    USART2_IRQHandler                        0x0800044b   Thumb Code     0  startup_stm32h723xx.o(.text)
    USART3_IRQHandler                        0x0800044b   Thumb Code     0  startup_stm32h723xx.o(.text)
    USART6_IRQHandler                        0x0800044b   Thumb Code     0  startup_stm32h723xx.o(.text)
    WAKEUP_PIN_IRQHandler                    0x0800044b   Thumb Code     0  startup_stm32h723xx.o(.text)
    WWDG_IRQHandler                          0x0800044b   Thumb Code     0  startup_stm32h723xx.o(.text)
    __user_initial_stackheap                 0x0800044d   Thumb Code     0  startup_stm32h723xx.o(.text)
    __aeabi_memcpy                           0x08000471   Thumb Code     0  rt_memcpy_v6.o(.text)
    __rt_memcpy                              0x08000471   Thumb Code   138  rt_memcpy_v6.o(.text)
    _memcpy_lastbytes                        0x080004d7   Thumb Code     0  rt_memcpy_v6.o(.text)
    __aeabi_memset                           0x080004fb   Thumb Code    16  aeabi_memset.o(.text)
    __aeabi_memclr4                          0x0800050b   Thumb Code     0  rt_memclr_w.o(.text)
    __aeabi_memclr8                          0x0800050b   Thumb Code     0  rt_memclr_w.o(.text)
    __rt_memclr_w                            0x0800050b   Thumb Code    78  rt_memclr_w.o(.text)
    _memset_w                                0x0800050f   Thumb Code     0  rt_memclr_w.o(.text)
    __use_two_region_memory                  0x08000559   Thumb Code     2  heapauxi.o(.text)
    __rt_heap_escrow$2region                 0x0800055b   Thumb Code     2  heapauxi.o(.text)
    __rt_heap_expand$2region                 0x0800055d   Thumb Code     2  heapauxi.o(.text)
    __cpp_initialize__aeabi_                 0x08000561   Thumb Code    26  init_aeabi.o(.text)
    __aeabi_memcpy4                          0x08000585   Thumb Code     0  rt_memcpy_w.o(.text)
    __aeabi_memcpy8                          0x08000585   Thumb Code     0  rt_memcpy_w.o(.text)
    __rt_memcpy_w                            0x08000585   Thumb Code   100  rt_memcpy_w.o(.text)
    _memcpy_lastbytes_aligned                0x080005cd   Thumb Code     0  rt_memcpy_w.o(.text)
    __aeabi_memclr                           0x080005e9   Thumb Code     0  rt_memclr.o(.text)
    __rt_memclr                              0x080005e9   Thumb Code    68  rt_memclr.o(.text)
    _memset                                  0x080005ed   Thumb Code     0  rt_memclr.o(.text)
    __user_setup_stackheap                   0x0800062d   Thumb Code    74  sys_stackheap_outer.o(.text)
    exit                                     0x08000677   Thumb Code    12  exit.o(.text)
    __user_libspace                          0x08000685   Thumb Code     8  libspace.o(.text)
    __user_perproc_libspace                  0x08000685   Thumb Code     0  libspace.o(.text)
    __user_perthread_libspace                0x08000685   Thumb Code     0  libspace.o(.text)
    __I$use$semihosting                      0x0800068d   Thumb Code     0  use_no_semi.o(.text)
    __use_no_semihosting_swi                 0x0800068d   Thumb Code     2  use_no_semi.o(.text)
    __semihosting_library_function           0x0800068f   Thumb Code     0  indicate_semi.o(.text)
    _sys_exit                                0x08000691   Thumb Code     8  sys_exit.o(.text)
    BusFault_Handler                         0x0800069d   Thumb Code     2  stm32h7xx_it.o(i.BusFault_Handler)
    DebugMon_Handler                         0x0800069f   Thumb Code     2  stm32h7xx_it.o(i.DebugMon_Handler)
    Error_Handler                            0x080006a1   Thumb Code     4  main.o(i.Error_Handler)
    HAL_GetTick                              0x080006a5   Thumb Code     6  stm32h7xx_hal.o(i.HAL_GetTick)
    HAL_IncTick                              0x080006b1   Thumb Code    12  stm32h7xx_hal.o(i.HAL_IncTick)
    HAL_Init                                 0x080006c1   Thumb Code    74  stm32h7xx_hal.o(i.HAL_Init)
    HAL_InitTick                             0x0800071d   Thumb Code    56  stm32h7xx_hal.o(i.HAL_InitTick)
    HAL_MspInit                              0x0800075d   Thumb Code    50  stm32h7xx_hal_msp.o(i.HAL_MspInit)
    HAL_NVIC_EnableIRQ                       0x08000795   Thumb Code    26  stm32h7xx_hal_cortex.o(i.HAL_NVIC_EnableIRQ)
    HAL_NVIC_SetPriority                     0x080007b1   Thumb Code    60  stm32h7xx_hal_cortex.o(i.HAL_NVIC_SetPriority)
    HAL_NVIC_SetPriorityGrouping             0x080007f1   Thumb Code    28  stm32h7xx_hal_cortex.o(i.HAL_NVIC_SetPriorityGrouping)
    HAL_PWREx_ConfigSupply                   0x08000815   Thumb Code    78  stm32h7xx_hal_pwr_ex.o(i.HAL_PWREx_ConfigSupply)
    HAL_RCC_ClockConfig                      0x08000869   Thumb Code   580  stm32h7xx_hal_rcc.o(i.HAL_RCC_ClockConfig)
    HAL_RCC_GetSysClockFreq                  0x08000ac5   Thumb Code   278  stm32h7xx_hal_rcc.o(i.HAL_RCC_GetSysClockFreq)
    HAL_RCC_OscConfig                        0x08000bfd   Thumb Code  1234  stm32h7xx_hal_rcc.o(i.HAL_RCC_OscConfig)
    HAL_SYSTICK_Config                       0x080010cf   Thumb Code    38  stm32h7xx_hal_cortex.o(i.HAL_SYSTICK_Config)
    HardFault_Handler                        0x080010f5   Thumb Code     2  stm32h7xx_it.o(i.HardFault_Handler)
    MX_FREERTOS_Init                         0x080010f9   Thumb Code    18  freertos.o(i.MX_FREERTOS_Init)
    MX_GPIO_Init                             0x08001119   Thumb Code    22  gpio.o(i.MX_GPIO_Init)
    MemManage_Handler                        0x08001135   Thumb Code     2  stm32h7xx_it.o(i.MemManage_Handler)
    NMI_Handler                              0x08001137   Thumb Code     2  stm32h7xx_it.o(i.NMI_Handler)
    RCC_IRQHandler                           0x08001139   Thumb Code     2  stm32h7xx_it.o(i.RCC_IRQHandler)
    StartDefaultTask                         0x0800113b   Thumb Code     8  freertos.o(i.StartDefaultTask)
    SysTick_Handler                          0x08001143   Thumb Code    24  stm32h7xx_it.o(i.SysTick_Handler)
    SystemClock_Config                       0x0800115d   Thumb Code   146  main.o(i.SystemClock_Config)
    SystemInit                               0x080011f5   Thumb Code   158  system_stm32h7xx.o(i.SystemInit)
    UsageFault_Handler                       0x080012b5   Thumb Code     2  stm32h7xx_it.o(i.UsageFault_Handler)
    __armlib_thread_safety_init              0x080012d9   Thumb Code    36  armlib_lock_glue.o(i.__armlib_thread_safety_init)
    _mutex_acquire                           0x08001305   Thumb Code    42  armlib_lock_glue.o(i._mutex_acquire)
    _mutex_free                              0x08001335   Thumb Code    40  armlib_lock_glue.o(i._mutex_free)
    _mutex_initialize                        0x08001361   Thumb Code    70  armlib_lock_glue.o(i._mutex_initialize)
    _mutex_release                           0x080013b1   Thumb Code    42  armlib_lock_glue.o(i._mutex_release)
    main                                     0x080013e1   Thumb Code    26  main.o(i.main)
    osDelay                                  0x080013fb   Thumb Code    28  cmsis_os2.o(i.osDelay)
    osKernelInitialize                       0x08001419   Thumb Code    32  cmsis_os2.o(i.osKernelInitialize)
    osKernelStart                            0x0800143d   Thumb Code    48  cmsis_os2.o(i.osKernelStart)
    osThreadNew                              0x08001475   Thumb Code   142  cmsis_os2.o(i.osThreadNew)
    pvPortMalloc                             0x08001c9d   Thumb Code   216  heap_4.o(i.pvPortMalloc)
    pxPortInitialiseStack                    0x08001d79   Thumb Code    42  port.o(i.pxPortInitialiseStack)
    uxListRemove                             0x08001ddd   Thumb Code    38  list.o(i.uxListRemove)
    vApplicationGetIdleTaskMemory            0x08001e05   Thumb Code    18  cmsis_os2.o(i.vApplicationGetIdleTaskMemory)
    vApplicationGetTimerTaskMemory           0x08001e1d   Thumb Code    20  cmsis_os2.o(i.vApplicationGetTimerTaskMemory)
    vListInitialise                          0x08001e35   Thumb Code    22  list.o(i.vListInitialise)
    vListInitialiseItem                      0x08001e4b   Thumb Code     6  list.o(i.vListInitialiseItem)
    vListInsert                              0x08001e51   Thumb Code    48  list.o(i.vListInsert)
    vListInsertEnd                           0x08001e81   Thumb Code    24  list.o(i.vListInsertEnd)
    vPortEnterCritical                       0x08001e99   Thumb Code    54  port.o(i.vPortEnterCritical)
    vPortExitCritical                        0x08001ed9   Thumb Code    34  port.o(i.vPortExitCritical)
    vPortFree                                0x08001f01   Thumb Code    94  heap_4.o(i.vPortFree)
    vPortSetupTimerInterrupt                 0x08001f65   Thumb Code    32  port.o(i.vPortSetupTimerInterrupt)
    vPortValidateInterruptPriority           0x08001f89   Thumb Code    74  port.o(i.vPortValidateInterruptPriority)
    vQueueAddToRegistry                      0x08001fdd   Thumb Code    34  queue.o(i.vQueueAddToRegistry)
    vQueueWaitForMessageRestricted           0x08002005   Thumb Code    68  queue.o(i.vQueueWaitForMessageRestricted)
    vTaskDelay                               0x08002049   Thumb Code    66  tasks.o(i.vTaskDelay)
    vTaskInternalSetTimeOutState             0x08002095   Thumb Code    12  tasks.o(i.vTaskInternalSetTimeOutState)
    vTaskMissedYield                         0x080020a5   Thumb Code     8  tasks.o(i.vTaskMissedYield)
    vTaskPlaceOnEventList                    0x080020b1   Thumb Code    44  tasks.o(i.vTaskPlaceOnEventList)
    vTaskPlaceOnEventListRestricted          0x080020e1   Thumb Code    52  tasks.o(i.vTaskPlaceOnEventListRestricted)
    vTaskStartScheduler                      0x08002119   Thumb Code   118  tasks.o(i.vTaskStartScheduler)
    vTaskSuspendAll                          0x080021a1   Thumb Code    10  tasks.o(i.vTaskSuspendAll)
    vTaskSwitchContext                       0x080021b1   Thumb Code    90  tasks.o(i.vTaskSwitchContext)
    xPortStartScheduler                      0x08002215   Thumb Code   222  port.o(i.xPortStartScheduler)
    xPortSysTickHandler                      0x08002309   Thumb Code    38  port.o(i.xPortSysTickHandler)
    xQueueGenericCreateStatic                0x08002335   Thumb Code   102  queue.o(i.xQueueGenericCreateStatic)
    xQueueGenericReset                       0x0800239d   Thumb Code   144  queue.o(i.xQueueGenericReset)
    xQueueGenericSend                        0x08002431   Thumb Code   346  queue.o(i.xQueueGenericSend)
    xQueueGenericSendFromISR                 0x08002591   Thumb Code   190  queue.o(i.xQueueGenericSendFromISR)
    xQueueReceive                            0x08002651   Thumb Code   310  queue.o(i.xQueueReceive)
    xTaskCheckForTimeOut                     0x0800278d   Thumb Code   116  tasks.o(i.xTaskCheckForTimeOut)
    xTaskCreate                              0x08002805   Thumb Code    90  tasks.o(i.xTaskCreate)
    xTaskCreateStatic                        0x0800285f   Thumb Code    86  tasks.o(i.xTaskCreateStatic)
    xTaskGetSchedulerState                   0x080028b5   Thumb Code    22  tasks.o(i.xTaskGetSchedulerState)
    xTaskGetTickCount                        0x080028d1   Thumb Code     6  tasks.o(i.xTaskGetTickCount)
    xTaskIncrementTick                       0x080028dd   Thumb Code   192  tasks.o(i.xTaskIncrementTick)
    xTaskPriorityDisinherit                  0x080029a5   Thumb Code   116  tasks.o(i.xTaskPriorityDisinherit)
    xTaskRemoveFromEventList                 0x08002a21   Thumb Code   100  tasks.o(i.xTaskRemoveFromEventList)
    xTaskResumeAll                           0x08002a91   Thumb Code   184  tasks.o(i.xTaskResumeAll)
    xTimerCreateTimerTask                    0x08002b55   Thumb Code    78  timers.o(i.xTimerCreateTimerTask)
    xTimerGenericCommand                     0x08002bb5   Thumb Code    98  timers.o(i.xTimerGenericCommand)
    _fp_init                                 0x08002c1d   Thumb Code    10  fpinit.o(x$fpl$fpinit)
    __fplib_config_fpu_vfp                   0x08002c25   Thumb Code     0  fpinit.o(x$fpl$fpinit)
    __fplib_config_pureend_doubles           0x08002c25   Thumb Code     0  fpinit.o(x$fpl$fpinit)
    defaultTask_attributes                   0x08002c28   Data          36  freertos.o(.constdata)
    D1CorePrescTable                         0x08002c4c   Data          16  system_stm32h7xx.o(.constdata)
    Region$$Table$$Base                      0x08002c68   Number         0  anon$$obj.o(Region$$Table)
    Region$$Table$$Limit                     0x08002c88   Number         0  anon$$obj.o(Region$$Table)
    SHT$$INIT_ARRAY$$Base                    0x08002c88   Number         0  armlib_lock_glue.o(.init_array)
    SHT$$INIT_ARRAY$$Limit                   0x08002c8c   Number         0  init_aeabi.o(.init_array)
    defaultTaskHandle                        0x24000004   Data           4  freertos.o(.data)
    uwTickFreq                               0x24000008   Data           1  stm32h7xx_hal.o(.data)
    uwTickPrio                               0x2400000c   Data           4  stm32h7xx_hal.o(.data)
    uwTick                                   0x24000010   Data           4  stm32h7xx_hal.o(.data)
    SystemCoreClock                          0x24000014   Data           4  system_stm32h7xx.o(.data)
    SystemD2Clock                            0x24000018   Data           4  system_stm32h7xx.o(.data)
    pxCurrentTCB                             0x2400001c   Data           4  tasks.o(.data)
    xQueueRegistry                           0x240000ac   Data          64  queue.o(.bss)
    __libspace_start                         0x24004980   Data          96  libspace.o(.bss)
    __temporary_stack_top$libspace           0x240049e0   Data           0  libspace.o(.bss)



==============================================================================

Memory Map of the image

  Image Entry point : 0x080002cd

  Load Region LR_IROM1 (Base: 0x08000000, Size: 0x00002d28, Max: 0x00100000, ABSOLUTE)

    Execution Region ER_IROM1 (Base: 0x08000000, Size: 0x00002c8c, Max: 0x00100000, ABSOLUTE)

    Base Addr    Size         Type   Attr      Idx    E Section Name        Object

    0x08000000   0x000002cc   Data   RO            3    RESET               startup_stm32h723xx.o
    0x080002cc   0x00000008   Code   RO         4647  * !!!main             c_w.l(__main.o)
    0x080002d4   0x00000034   Code   RO         4813    !!!scatter          c_w.l(__scatter.o)
    0x08000308   0x0000001a   Code   RO         4815    !!handler_copy      c_w.l(__scatter_copy.o)
    0x08000322   0x00000002   PAD
    0x08000324   0x0000001c   Code   RO         4817    !!handler_zi        c_w.l(__scatter_zi.o)
    0x08000340   0x00000002   Code   RO         4737    .ARM.Collect$$libinit$$00000000  c_w.l(libinit.o)
    0x08000342   0x00000004   Code   RO         4660    .ARM.Collect$$libinit$$00000001  c_w.l(libinit2.o)
    0x08000346   0x00000000   Code   RO         4663    .ARM.Collect$$libinit$$00000004  c_w.l(libinit2.o)
    0x08000346   0x00000000   Code   RO         4666    .ARM.Collect$$libinit$$0000000A  c_w.l(libinit2.o)
    0x08000346   0x00000000   Code   RO         4668    .ARM.Collect$$libinit$$0000000C  c_w.l(libinit2.o)
    0x08000346   0x00000000   Code   RO         4670    .ARM.Collect$$libinit$$0000000E  c_w.l(libinit2.o)
    0x08000346   0x00000000   Code   RO         4673    .ARM.Collect$$libinit$$00000011  c_w.l(libinit2.o)
    0x08000346   0x00000000   Code   RO         4675    .ARM.Collect$$libinit$$00000013  c_w.l(libinit2.o)
    0x08000346   0x00000000   Code   RO         4677    .ARM.Collect$$libinit$$00000015  c_w.l(libinit2.o)
    0x08000346   0x00000000   Code   RO         4679    .ARM.Collect$$libinit$$00000017  c_w.l(libinit2.o)
    0x08000346   0x00000000   Code   RO         4681    .ARM.Collect$$libinit$$00000019  c_w.l(libinit2.o)
    0x08000346   0x00000000   Code   RO         4683    .ARM.Collect$$libinit$$0000001B  c_w.l(libinit2.o)
    0x08000346   0x00000000   Code   RO         4685    .ARM.Collect$$libinit$$0000001D  c_w.l(libinit2.o)
    0x08000346   0x00000000   Code   RO         4687    .ARM.Collect$$libinit$$0000001F  c_w.l(libinit2.o)
    0x08000346   0x00000000   Code   RO         4689    .ARM.Collect$$libinit$$00000021  c_w.l(libinit2.o)
    0x08000346   0x00000000   Code   RO         4691    .ARM.Collect$$libinit$$00000023  c_w.l(libinit2.o)
    0x08000346   0x00000000   Code   RO         4693    .ARM.Collect$$libinit$$00000025  c_w.l(libinit2.o)
    0x08000346   0x00000000   Code   RO         4697    .ARM.Collect$$libinit$$0000002C  c_w.l(libinit2.o)
    0x08000346   0x00000000   Code   RO         4699    .ARM.Collect$$libinit$$0000002E  c_w.l(libinit2.o)
    0x08000346   0x00000000   Code   RO         4701    .ARM.Collect$$libinit$$00000030  c_w.l(libinit2.o)
    0x08000346   0x00000004   Code   RO         4702    .ARM.Collect$$libinit$$00000031  c_w.l(libinit2.o)
    0x0800034a   0x00000000   Code   RO         4703    .ARM.Collect$$libinit$$00000032  c_w.l(libinit2.o)
    0x0800034a   0x00000002   Code   RO         4704    .ARM.Collect$$libinit$$00000033  c_w.l(libinit2.o)
    0x0800034c   0x00000002   Code   RO         4775    .ARM.Collect$$libshutdown$$00000000  c_w.l(libshutdown.o)
    0x0800034e   0x00000000   Code   RO         4782    .ARM.Collect$$libshutdown$$00000003  c_w.l(libshutdown2.o)
    0x0800034e   0x00000000   Code   RO         4785    .ARM.Collect$$libshutdown$$00000006  c_w.l(libshutdown2.o)
    0x0800034e   0x00000000   Code   RO         4788    .ARM.Collect$$libshutdown$$00000009  c_w.l(libshutdown2.o)
    0x0800034e   0x00000000   Code   RO         4790    .ARM.Collect$$libshutdown$$0000000B  c_w.l(libshutdown2.o)
    0x0800034e   0x00000000   Code   RO         4793    .ARM.Collect$$libshutdown$$0000000E  c_w.l(libshutdown2.o)
    0x0800034e   0x00000002   Code   RO         4794    .ARM.Collect$$libshutdown$$0000000F  c_w.l(libshutdown2.o)
    0x08000350   0x00000000   Code   RO         4655    .ARM.Collect$$rtentry$$00000000  c_w.l(__rtentry.o)
    0x08000350   0x00000000   Code   RO         4706    .ARM.Collect$$rtentry$$00000002  c_w.l(__rtentry2.o)
    0x08000350   0x00000006   Code   RO         4718    .ARM.Collect$$rtentry$$00000004  c_w.l(__rtentry4.o)
    0x08000356   0x00000000   Code   RO         4708    .ARM.Collect$$rtentry$$00000009  c_w.l(__rtentry2.o)
    0x08000356   0x00000004   Code   RO         4709    .ARM.Collect$$rtentry$$0000000A  c_w.l(__rtentry2.o)
    0x0800035a   0x00000000   Code   RO         4711    .ARM.Collect$$rtentry$$0000000C  c_w.l(__rtentry2.o)
    0x0800035a   0x00000008   Code   RO         4712    .ARM.Collect$$rtentry$$0000000D  c_w.l(__rtentry2.o)
    0x08000362   0x00000002   Code   RO         4743    .ARM.Collect$$rtexit$$00000000  c_w.l(rtexit.o)
    0x08000364   0x00000000   Code   RO         4755    .ARM.Collect$$rtexit$$00000002  c_w.l(rtexit2.o)
    0x08000364   0x00000004   Code   RO         4756    .ARM.Collect$$rtexit$$00000003  c_w.l(rtexit2.o)
    0x08000368   0x00000006   Code   RO         4757    .ARM.Collect$$rtexit$$00000004  c_w.l(rtexit2.o)
    0x0800036e   0x00000002   PAD
    0x08000370   0x000000be   Code   RO         4558    .emb_text           port.o
    0x0800042e   0x00000002   PAD
    0x08000430   0x00000040   Code   RO            4    .text               startup_stm32h723xx.o
    0x08000470   0x0000008a   Code   RO         4637    .text               c_w.l(rt_memcpy_v6.o)
    0x080004fa   0x00000010   Code   RO         4641    .text               c_w.l(aeabi_memset.o)
    0x0800050a   0x0000004e   Code   RO         4643    .text               c_w.l(rt_memclr_w.o)
    0x08000558   0x00000006   Code   RO         4645    .text               c_w.l(heapauxi.o)
    0x0800055e   0x00000002   PAD
    0x08000560   0x00000024   Code   RO         4652    .text               c_w.l(init_aeabi.o)
    0x08000584   0x00000064   Code   RO         4656    .text               c_w.l(rt_memcpy_w.o)
    0x080005e8   0x00000044   Code   RO         4658    .text               c_w.l(rt_memclr.o)
    0x0800062c   0x0000004a   Code   RO         4724    .text               c_w.l(sys_stackheap_outer.o)
    0x08000676   0x0000000c   Code   RO         4726    .text               c_w.l(exit.o)
    0x08000682   0x00000002   PAD
    0x08000684   0x00000008   Code   RO         4740    .text               c_w.l(libspace.o)
    0x0800068c   0x00000002   Code   RO         4751    .text               c_w.l(use_no_semi.o)
    0x0800068e   0x00000000   Code   RO         4753    .text               c_w.l(indicate_semi.o)
    0x0800068e   0x00000002   PAD
    0x08000690   0x0000000c   Code   RO         4767    .text               c_w.l(sys_exit.o)
    0x0800069c   0x00000002   Code   RO          328    i.BusFault_Handler  stm32h7xx_it.o
    0x0800069e   0x00000002   Code   RO          329    i.DebugMon_Handler  stm32h7xx_it.o
    0x080006a0   0x00000004   Code   RO          125    i.Error_Handler     main.o
    0x080006a4   0x0000000c   Code   RO         1900    i.HAL_GetTick       stm32h7xx_hal.o
    0x080006b0   0x00000010   Code   RO         1906    i.HAL_IncTick       stm32h7xx_hal.o
    0x080006c0   0x0000005c   Code   RO         1907    i.HAL_Init          stm32h7xx_hal.o
    0x0800071c   0x00000040   Code   RO         1908    i.HAL_InitTick      stm32h7xx_hal.o
    0x0800075c   0x00000038   Code   RO          397    i.HAL_MspInit       stm32h7xx_hal_msp.o
    0x08000794   0x0000001a   Code   RO          427    i.HAL_NVIC_EnableIRQ  stm32h7xx_hal_cortex.o
    0x080007ae   0x00000002   PAD
    0x080007b0   0x00000040   Code   RO          433    i.HAL_NVIC_SetPriority  stm32h7xx_hal_cortex.o
    0x080007f0   0x00000024   Code   RO          434    i.HAL_NVIC_SetPriorityGrouping  stm32h7xx_hal_cortex.o
    0x08000814   0x00000054   Code   RO         1636    i.HAL_PWREx_ConfigSupply  stm32h7xx_hal_pwr_ex.o
    0x08000868   0x0000025c   Code   RO          563    i.HAL_RCC_ClockConfig  stm32h7xx_hal_rcc.o
    0x08000ac4   0x00000138   Code   RO          572    i.HAL_RCC_GetSysClockFreq  stm32h7xx_hal_rcc.o
    0x08000bfc   0x000004d2   Code   RO          575    i.HAL_RCC_OscConfig  stm32h7xx_hal_rcc.o
    0x080010ce   0x00000026   Code   RO          438    i.HAL_SYSTICK_Config  stm32h7xx_hal_cortex.o
    0x080010f4   0x00000002   Code   RO          330    i.HardFault_Handler  stm32h7xx_it.o
    0x080010f6   0x00000002   PAD
    0x080010f8   0x00000020   Code   RO          289    i.MX_FREERTOS_Init  freertos.o
    0x08001118   0x0000001c   Code   RO          265    i.MX_GPIO_Init      gpio.o
    0x08001134   0x00000002   Code   RO          331    i.MemManage_Handler  stm32h7xx_it.o
    0x08001136   0x00000002   Code   RO          332    i.NMI_Handler       stm32h7xx_it.o
    0x08001138   0x00000002   Code   RO          333    i.RCC_IRQHandler    stm32h7xx_it.o
    0x0800113a   0x00000008   Code   RO          290    i.StartDefaultTask  freertos.o
    0x08001142   0x00000018   Code   RO          334    i.SysTick_Handler   stm32h7xx_it.o
    0x0800115a   0x00000002   PAD
    0x0800115c   0x00000098   Code   RO          126    i.SystemClock_Config  main.o
    0x080011f4   0x000000c0   Code   RO         2850    i.SystemInit        system_stm32h7xx.o
    0x080012b4   0x00000002   Code   RO          335    i.UsageFault_Handler  stm32h7xx_it.o
    0x080012b6   0x00000022   Code   RO          440    i.__NVIC_SetPriority  stm32h7xx_hal_cortex.o
    0x080012d8   0x0000002c   Code   RO           14    i.__armlib_thread_safety_init  armlib_lock_glue.o
    0x08001304   0x00000030   Code   RO           15    i._mutex_acquire    armlib_lock_glue.o
    0x08001334   0x0000002c   Code   RO           16    i._mutex_free       armlib_lock_glue.o
    0x08001360   0x00000050   Code   RO           17    i._mutex_initialize  armlib_lock_glue.o
    0x080013b0   0x00000030   Code   RO           18    i._mutex_release    armlib_lock_glue.o
    0x080013e0   0x0000001a   Code   RO          127    i.main              main.o
    0x080013fa   0x0000001c   Code   RO         3997    i.osDelay           cmsis_os2.o
    0x08001416   0x00000002   PAD
    0x08001418   0x00000024   Code   RO         4011    i.osKernelInitialize  cmsis_os2.o
    0x0800143c   0x00000038   Code   RO         4014    i.osKernelStart     cmsis_os2.o
    0x08001474   0x0000008e   Code   RO         4056    i.osThreadNew       cmsis_os2.o
    0x08001502   0x00000002   PAD
    0x08001504   0x0000005c   Code   RO         3457    i.prvAddCurrentTaskToDelayedList  tasks.o
    0x08001560   0x000000d0   Code   RO         3458    i.prvAddNewTaskToReadyList  tasks.o
    0x08001630   0x00000058   Code   RO         3822    i.prvCheckForValidListAndQueue  timers.o
    0x08001688   0x00000026   Code   RO         3054    i.prvCopyDataFromQueue  queue.o
    0x080016ae   0x0000006c   Code   RO         3055    i.prvCopyDataToQueue  queue.o
    0x0800171a   0x00000034   Code   RO         3459    i.prvDeleteTCB      tasks.o
    0x0800174e   0x00000002   PAD
    0x08001750   0x00000050   Code   RO         4503    i.prvHeapInit       heap_4.o
    0x080017a0   0x00000060   Code   RO         3460    i.prvIdleTask       tasks.o
    0x08001800   0x00000022   Code   RO         3057    i.prvInitialiseNewQueue  queue.o
    0x08001822   0x000000b0   Code   RO         3461    i.prvInitialiseNewTask  tasks.o
    0x080018d2   0x00000002   PAD
    0x080018d4   0x0000004c   Code   RO         4504    i.prvInsertBlockIntoFreeList  heap_4.o
    0x08001920   0x0000003c   Code   RO         3824    i.prvInsertTimerInActiveList  timers.o
    0x0800195c   0x0000001c   Code   RO         3058    i.prvIsQueueEmpty   queue.o
    0x08001978   0x000000f8   Code   RO         3825    i.prvProcessReceivedCommands  timers.o
    0x08001a70   0x000000c0   Code   RO         3826    i.prvProcessTimerOrBlockTask  timers.o
    0x08001b30   0x00000020   Code   RO         3463    i.prvResetNextTaskUnblockTime  tasks.o
    0x08001b50   0x00000028   Code   RO         3827    i.prvSampleTimeNow  timers.o
    0x08001b78   0x0000006c   Code   RO         3828    i.prvSwitchTimerLists  timers.o
    0x08001be4   0x00000028   Code   RO         4559    i.prvTaskExitError  port.o
    0x08001c0c   0x00000024   Code   RO         3829    i.prvTimerTask      timers.o
    0x08001c30   0x0000006a   Code   RO         3059    i.prvUnlockQueue    queue.o
    0x08001c9a   0x00000002   PAD
    0x08001c9c   0x000000dc   Code   RO         4505    i.pvPortMalloc      heap_4.o
    0x08001d78   0x00000030   Code   RO         4560    i.pxPortInitialiseStack  port.o
    0x08001da8   0x0000001a   Code   RO           19    i.stm32_lock_acquire  armlib_lock_glue.o
    0x08001dc2   0x0000001a   Code   RO           20    i.stm32_lock_release  armlib_lock_glue.o
    0x08001ddc   0x00000026   Code   RO         3014    i.uxListRemove      list.o
    0x08001e02   0x00000002   PAD
    0x08001e04   0x00000018   Code   RO         4068    i.vApplicationGetIdleTaskMemory  cmsis_os2.o
    0x08001e1c   0x00000018   Code   RO         4069    i.vApplicationGetTimerTaskMemory  cmsis_os2.o
    0x08001e34   0x00000016   Code   RO         3015    i.vListInitialise   list.o
    0x08001e4a   0x00000006   Code   RO         3016    i.vListInitialiseItem  list.o
    0x08001e50   0x00000030   Code   RO         3017    i.vListInsert       list.o
    0x08001e80   0x00000018   Code   RO         3018    i.vListInsertEnd    list.o
    0x08001e98   0x00000040   Code   RO         4562    i.vPortEnterCritical  port.o
    0x08001ed8   0x00000028   Code   RO         4563    i.vPortExitCritical  port.o
    0x08001f00   0x00000064   Code   RO         4506    i.vPortFree         heap_4.o
    0x08001f64   0x00000024   Code   RO         4564    i.vPortSetupTimerInterrupt  port.o
    0x08001f88   0x00000054   Code   RO         4565    i.vPortValidateInterruptPriority  port.o
    0x08001fdc   0x00000028   Code   RO         3065    i.vQueueAddToRegistry  queue.o
    0x08002004   0x00000044   Code   RO         3069    i.vQueueWaitForMessageRestricted  queue.o
    0x08002048   0x0000004c   Code   RO         3476    i.vTaskDelay        tasks.o
    0x08002094   0x00000010   Code   RO         3481    i.vTaskInternalSetTimeOutState  tasks.o
    0x080020a4   0x0000000c   Code   RO         3482    i.vTaskMissedYield  tasks.o
    0x080020b0   0x00000030   Code   RO         3484    i.vTaskPlaceOnEventList  tasks.o
    0x080020e0   0x00000038   Code   RO         3485    i.vTaskPlaceOnEventListRestricted  tasks.o
    0x08002118   0x00000088   Code   RO         3493    i.vTaskStartScheduler  tasks.o
    0x080021a0   0x00000010   Code   RO         3495    i.vTaskSuspendAll   tasks.o
    0x080021b0   0x00000064   Code   RO         3496    i.vTaskSwitchContext  tasks.o
    0x08002214   0x000000f4   Code   RO         4566    i.xPortStartScheduler  port.o
    0x08002308   0x0000002c   Code   RO         4567    i.xPortSysTickHandler  port.o
    0x08002334   0x00000066   Code   RO         3075    i.xQueueGenericCreateStatic  queue.o
    0x0800239a   0x00000002   PAD
    0x0800239c   0x00000094   Code   RO         3076    i.xQueueGenericReset  queue.o
    0x08002430   0x00000160   Code   RO         3077    i.xQueueGenericSend  queue.o
    0x08002590   0x000000be   Code   RO         3078    i.xQueueGenericSendFromISR  queue.o
    0x0800264e   0x00000002   PAD
    0x08002650   0x0000013c   Code   RO         3087    i.xQueueReceive     queue.o
    0x0800278c   0x00000078   Code   RO         3498    i.xTaskCheckForTimeOut  tasks.o
    0x08002804   0x0000005a   Code   RO         3499    i.xTaskCreate       tasks.o
    0x0800285e   0x00000056   Code   RO         3500    i.xTaskCreateStatic  tasks.o
    0x080028b4   0x0000001c   Code   RO         3504    i.xTaskGetSchedulerState  tasks.o
    0x080028d0   0x0000000c   Code   RO         3505    i.xTaskGetTickCount  tasks.o
    0x080028dc   0x000000c8   Code   RO         3507    i.xTaskIncrementTick  tasks.o
    0x080029a4   0x0000007c   Code   RO         3510    i.xTaskPriorityDisinherit  tasks.o
    0x08002a20   0x00000070   Code   RO         3512    i.xTaskRemoveFromEventList  tasks.o
    0x08002a90   0x000000c4   Code   RO         3513    i.xTaskResumeAll    tasks.o
    0x08002b54   0x00000060   Code   RO         3838    i.xTimerCreateTimerTask  timers.o
    0x08002bb4   0x00000068   Code   RO         3839    i.xTimerGenericCommand  timers.o
    0x08002c1c   0x0000000a   Code   RO         4722    x$fpl$fpinit        fz_wv.l(fpinit.o)
    0x08002c26   0x00000002   PAD
    0x08002c28   0x00000024   Data   RO          291    .constdata          freertos.o
    0x08002c4c   0x00000010   Data   RO         2851    .constdata          system_stm32h7xx.o
    0x08002c5c   0x0000000c   Data   RO          292    .conststring        freertos.o
    0x08002c68   0x00000020   Data   RO         4811    Region$$Table       anon$$obj.o
    0x08002c88   0x00000004   Data   RO           23    .init_array         armlib_lock_glue.o
    0x08002c8c   0x00000000   Data   RO         4650    .init_array         c_w.l(init_aeabi.o)


    Execution Region RW_IRAM1 (Base: 0x20000000, Size: 0x00000000, Max: 0x00020000, ABSOLUTE)

    **** No section assigned to this execution region ****


    Execution Region RW_IRAM2 (Base: 0x24000000, Size: 0x00004fe0, Max: 0x00050000, ABSOLUTE)

    Base Addr    Size         Type   Attr      Idx    E Section Name        Object

    0x24000000   0x00000001   Data   RW           22    .data               armlib_lock_glue.o
    0x24000001   0x00000003   PAD
    0x24000004   0x00000004   Data   RW          293    .data               freertos.o
    0x24000008   0x0000000c   Data   RW         1931    .data               stm32h7xx_hal.o
    0x24000014   0x00000008   Data   RW         2852    .data               system_stm32h7xx.o
    0x2400001c   0x0000003c   Data   RW         3516    .data               tasks.o
    0x24000058   0x00000014   Data   RW         3847    .data               timers.o
    0x2400006c   0x00000004   Data   RW         4071    .data               cmsis_os2.o
    0x24000070   0x00000020   Data   RW         4512    .data               heap_4.o
    0x24000090   0x0000000c   Data   RW         4568    .data               port.o
    0x2400009c   0x00000010   Zero   RW           21    .bss                armlib_lock_glue.o
    0x240000ac   0x00000040   Zero   RW         3091    .bss                queue.o
    0x240000ec   0x000004c4   Zero   RW         3515    .bss                tasks.o
    0x240005b0   0x00000118   Zero   RW         3846    .bss                timers.o
    0x240006c8   0x000006b8   Zero   RW         4070    .bss                cmsis_os2.o
    0x24000d80   0x00003c00   Zero   RW         4511    .bss                heap_4.o
    0x24004980   0x00000060   Zero   RW         4741    .bss                c_w.l(libspace.o)
    0x240049e0   0x00000200   Zero   RW            2    HEAP                startup_stm32h723xx.o
    0x24004be0   0x00000400   Zero   RW            1    STACK               startup_stm32h723xx.o


==============================================================================

Image component sizes


      Code (inc. data)   RO Data    RW Data    ZI Data      Debug   Object Name

       316         34          4          1         16      22894   armlib_lock_glue.o
       310         22          0          4       1720      70433   cmsis_os2.o
         0          0          0          0          0      19688   event_groups.o
        40         14         48          4          0       1897   freertos.o
        28          6          0          0          0        855   gpio.o
       476         24          0         32      15360       4951   heap_4.o
       138          0          0          0          0       3646   list.o
       182          6          0          0          0    1018699   main.o
       790         84          0         12          0      12037   port.o
      1530         22          0          0         64      16556   queue.o
        64         26        716          0       1536        892   startup_stm32h723xx.o
       184         36          0         12          0      23241   stm32h7xx_hal.o
       198         12          0          0          0      39519   stm32h7xx_hal_cortex.o
        56          6          0          0          0        934   stm32h7xx_hal_msp.o
        84          6          0          0          0        797   stm32h7xx_hal_pwr_ex.o
      2150         66          0          0          0       4892   stm32h7xx_hal_rcc.o
        38          0          0          0          0       4168   stm32h7xx_it.o
         0          0          0          0          0        392   stream_buffer.o
       192         34         16          8          0       1518   system_stm32h7xx.o
      2084        162          0         60       1220      26628   tasks.o
       972         84          0         20        280      32267   timers.o

    ----------------------------------------------------------------------
      9856        644        816        156      20196    1306904   Object Totals
         0          0         32          0          0          0   (incl. Generated)
        24          0          0          3          0          0   (incl. Padding)

    ----------------------------------------------------------------------

      Code (inc. data)   RO Data    RW Data    ZI Data      Debug   Library Member Name

         8          0          0          0          0         68   __main.o
         0          0          0          0          0          0   __rtentry.o
        12          0          0          0          0          0   __rtentry2.o
         6          0          0          0          0          0   __rtentry4.o
        52          8          0          0          0          0   __scatter.o
        26          0          0          0          0          0   __scatter_copy.o
        28          0          0          0          0          0   __scatter_zi.o
        16          0          0          0          0         68   aeabi_memset.o
        12          0          0          0          0         72   exit.o
         6          0          0          0          0        152   heapauxi.o
         0          0          0          0          0          0   indicate_semi.o
        36         10          0          0          0         80   init_aeabi.o
         2          0          0          0          0          0   libinit.o
        10          0          0          0          0          0   libinit2.o
         2          0          0          0          0          0   libshutdown.o
         2          0          0          0          0          0   libshutdown2.o
         8          4          0          0         96         68   libspace.o
        68          0          0          0          0         68   rt_memclr.o
        78          0          0          0          0         80   rt_memclr_w.o
       138          0          0          0          0         68   rt_memcpy_v6.o
       100          0          0          0          0         80   rt_memcpy_w.o
         2          0          0          0          0          0   rtexit.o
        10          0          0          0          0          0   rtexit2.o
        12          4          0          0          0         68   sys_exit.o
        74          0          0          0          0         80   sys_stackheap_outer.o
         2          0          0          0          0         68   use_no_semi.o
        10          0          0          0          0        116   fpinit.o

    ----------------------------------------------------------------------
       732         26          0          0         96       1136   Library Totals
        12          0          0          0          0          0   (incl. Padding)

    ----------------------------------------------------------------------

      Code (inc. data)   RO Data    RW Data    ZI Data      Debug   Library Name

       710         26          0          0         96       1020   c_w.l
        10          0          0          0          0        116   fz_wv.l

    ----------------------------------------------------------------------
       732         26          0          0         96       1136   Library Totals

    ----------------------------------------------------------------------

==============================================================================


      Code (inc. data)   RO Data    RW Data    ZI Data      Debug   

     10588        670        816        156      20292    1297972   Grand Totals
     10588        670        816        156      20292    1297972   ELF Image Totals
     10588        670        816        156          0          0   ROM Totals

==============================================================================

    Total RO  Size (Code + RO Data)                11404 (  11.14kB)
    Total RW  Size (RW Data + ZI Data)             20448 (  19.97kB)
    Total ROM Size (Code + RO Data + RW Data)      11560 (  11.29kB)

==============================================================================

